Archive member included because of file (symbol)

/opt/microchip/xc32/v1.32/pic32mx/lib/libmchp_peripheral_32MX795F512L.a(soft_reset_lib.o)
                              build/debug/production/src/main.o (SoftReset)
/opt/microchip/xc32/v1.32/pic32mx/lib/libmchp_peripheral_32MX795F512L.a(pcache.o)
                              build/debug/production/src/main.o (CheKseg0CacheOn)
/opt/microchip/xc32/v1.32/pic32mx/lib/libmchp_peripheral_32MX795F512L.a(int_configure_system_lib.o)
                              build/debug/production/_ext/2096855388/SCpic32.o (INTConfigureSystem)
/opt/microchip/xc32/v1.32/pic32mx/lib/libmchp_peripheral_32MX795F512L.a(int_enable_interrupts_lib.o)
                              build/debug/production/_ext/2096855388/SCpic32.o (INTEnableInterrupts)
/opt/microchip/xc32/v1.32/pic32mx/lib/libmchp_peripheral_32MX795F512L.a(int_disable_interrupts_lib.o)
                              build/debug/production/src/main.o (INTDisableInterrupts)
/opt/microchip/xc32/v1.32/pic32mx/lib/libmchp_peripheral_32MX795F512L.a(int_restore_interrupts_lib.o)
                              build/debug/production/src/main.o (INTRestoreInterrupts)
/opt/microchip/xc32/v1.32/pic32mx/lib/libmchp_peripheral_32MX795F512L.a(int_enable_mv_int_lib.o)
                              build/debug/production/_ext/870548313/usb_device.o (INTEnableSystemMultiVectoredInt)
/opt/microchip/xc32/v1.32/pic32mx/lib/libmchp_peripheral_32MX795F512L.a(int_tbl_lib.o)
                              build/debug/production/_ext/870548313/usb_device.o (INTClearFlag)
/opt/microchip/xc32/v1.32/pic32mx/lib/libmchp_peripheral_32MX795F512L.a(spi_chn_close_lib.o)
                              build/debug/production/src/spi.o (SpiChnClose)
/opt/microchip/xc32/v1.32/pic32mx/lib/libmchp_peripheral_32MX795F512L.a(spi_chn_open_lib.o)
                              build/debug/production/src/spi.o (SpiChnOpen)
/opt/microchip/xc32/v1.32/pic32mx/lib/libmchp_peripheral_32MX795F512L.a(spi_io_tbl_libp.o)
                              /opt/microchip/xc32/v1.32/pic32mx/lib/libmchp_peripheral_32MX795F512L.a(spi_chn_close_lib.o) (_SpiIoTbl)
/opt/microchip/xc32/v1.32/pic32mx/lib/libmchp_peripheral_32MX795F512L.a(spi_map_tbl_libp.o)
                              /opt/microchip/xc32/v1.32/pic32mx/lib/libmchp_peripheral_32MX795F512L.a(spi_chn_close_lib.o) (_SpiMapTbl)
/opt/microchip/xc32/v1.32/pic32mx/lib/libmchp_peripheral_32MX795F512L.a(spi_getc_spi1_lib_legacy.o)
                              build/debug/production/_ext/71113213/SD-SPI.o (getcSPI1)
/opt/microchip/xc32/v1.32/pic32mx/lib/libmchp_peripheral_32MX795F512L.a(spi_open_spi1_lib_legacy.o)
                              build/debug/production/_ext/71113213/SD-SPI.o (OpenSPI1)
/opt/microchip/xc32/v1.32/pic32mx/lib/libmchp_peripheral_32MX795F512L.a(spi_brg_tbl_lib_legacy.o)
                              /opt/microchip/xc32/v1.32/pic32mx/lib/libmchp_peripheral_32MX795F512L.a(spi_open_spi1_lib_legacy.o) (_SpiBrgConvTbl)
/opt/microchip/xc32/v1.32/pic32mx/lib/libmchp_peripheral_32MX795F512L.a(nvm_erase_page_lib.o)
                              build/debug/production/src/nvm.o (NVMErasePage)
/opt/microchip/xc32/v1.32/pic32mx/lib/libmchp_peripheral_32MX795F512L.a(nvm_operation_lib.o)
                              /opt/microchip/xc32/v1.32/pic32mx/lib/libmchp_peripheral_32MX795F512L.a(nvm_erase_page_lib.o) (_NVMOperation)
/opt/microchip/xc32/v1.32/pic32mx/lib/libmchp_peripheral_32MX795F512L.a(nvm_program_lib.o)
                              build/debug/production/src/nvm.o (NVMProgram)
/opt/microchip/xc32/v1.32/pic32mx/lib/libmchp_peripheral_32MX795F512L.a(nvm_write_row_lib.o)
                              /opt/microchip/xc32/v1.32/pic32mx/lib/libmchp_peripheral_32MX795F512L.a(nvm_program_lib.o) (NVMWriteRow)
/opt/microchip/xc32/v1.32/pic32mx/lib/libmchp_peripheral_32MX795F512L.a(port_reset_pins_lib.o)
                              /opt/microchip/xc32/v1.32/pic32mx/lib/libmchp_peripheral_32MX795F512L.a(spi_chn_close_lib.o) (PORTResetPins)
/opt/microchip/xc32/v1.32/pic32mx/lib/libmchp_peripheral_32MX795F512L.a(port_set_pins_digital_in_lib.o)
                              /opt/microchip/xc32/v1.32/pic32mx/lib/libmchp_peripheral_32MX795F512L.a(spi_chn_open_lib.o) (PORTSetPinsDigitalIn)
/opt/microchip/xc32/v1.32/pic32mx/lib/libmchp_peripheral_32MX795F512L.a(port_set_pins_digital_out_lib.o)
                              /opt/microchip/xc32/v1.32/pic32mx/lib/libmchp_peripheral_32MX795F512L.a(spi_chn_open_lib.o) (PORTSetPinsDigitalOut)
/opt/microchip/xc32/v1.32/pic32mx/lib/libmchp_peripheral_32MX795F512L.a(_ports_tbl_libp.o)
                              /opt/microchip/xc32/v1.32/pic32mx/lib/libmchp_peripheral_32MX795F512L.a(port_reset_pins_lib.o) (PortRegTbl)
/opt/microchip/xc32/v1.32/bin/bin/../../lib/gcc/pic32mx/4.5.2/libgcc.a(_udivdi3.o)
                              build/debug/production/_ext/2096855388/SClib.o (__udivdi3)
[...]
Memory Configuration

Name             Origin             Length             Attributes
kseg0_program_mem 0x9d006e00         0x00079200         xr
kseg0_boot_mem   0x9d006490         0x00000970
exception_mem    0x9d005000         0x00001000
kseg1_boot_mem   0x9d006000         0x00000490
debug_exec_mem   0xbfc02000         0x00000ff0
config3          0xbfc02ff0         0x00000004
config2          0xbfc02ff4         0x00000004
config1          0xbfc02ff8         0x00000004
config0          0xbfc02ffc         0x00000004
boot_software_key 0xa0000000         0x00000004
kseg1_data_mem   0xa0000004         0x00007f00         w !x
sfrs             0xbf800000         0x00100000
configsfrs       0xbfc02ff0         0x00000010
*default*        0x00000000         0xffffffff

Linker script and memory map

LOAD /opt/microchip/xc32/v1.32/bin/bin/../../lib/gcc/pic32mx/4.5.2/../../../../pic32mx/lib/./proc/32MX795F512L/crt0_mips32r2.o
LOAD /opt/microchip/xc32/v1.32/bin/bin/../../lib/gcc/pic32mx/4.5.2/../../../../pic32mx/lib/debug-exception-return.o
LOAD build/debug/production/_ext/71113213/SD-SPI.o
LOAD build/debug/production/_ext/71113213/FSIO.o
LOAD build/debug/production/_ext/2096855388/SClib.o
LOAD build/debug/production/_ext/2096855388/SCpic32.o
LOAD build/debug/production/_ext/870548313/usb_device.o
LOAD build/debug/production/_ext/1379786196/usb_function_cdc.o
LOAD build/debug/production/src/indala.o
LOAD build/debug/production/src/main.o
LOAD build/debug/production/src/psk.o
LOAD build/debug/production/src/usb_descriptors.o
LOAD build/debug/production/src/util.o
LOAD build/debug/production/src/emulate.o
LOAD build/debug/production/src/ask.o
LOAD build/debug/production/src/fsk.o
LOAD build/debug/production/src/clock.o
LOAD build/debug/production/src/rwd.o
LOAD build/debug/production/src/detect.o
LOAD build/debug/production/src/hitagcrypto.o
LOAD build/debug/production/src/wiegand.o
LOAD build/debug/production/src/comms.o
LOAD build/debug/production/src/nvm.o
LOAD build/debug/production/src/mcp414x.o
LOAD build/debug/production/src/spi.o
LOAD build/debug/production/src/uart3.o
LOAD build/debug/production/src/tags.o
LOAD build/debug/production/src/unique.o
LOAD build/debug/production/src/led.o
LOAD build/debug/production/src/em.o
LOAD build/debug/production/src/hid.o
LOAD build/debug/production/src/read.o
LOAD build/debug/production/src/isr.o
LOAD build/debug/production/src/auto.o
LOAD build/debug/production/src/fdxb.o
LOAD build/debug/production/src/hitag.o
LOAD build/debug/production/src/uid.o
LOAD build/debug/production/src/login.o
LOAD build/debug/production/src/write.o
LOAD build/debug/production/src/auth.o
LOAD build/debug/production/src/q5.o
LOAD build/debug/production/src/vtag.o
LOAD build/debug/production/src/config.o
LOAD build/debug/production/src/select.o
LOAD build/debug/production/src/sdcard.o
LOAD build/debug/production/src/debug_pins.o
LOAD build/debug/production/src/awid.o
LOAD build/debug/production/src/analogue.o
LOAD build/debug/production/src/iso7816.o
LOAD /opt/microchip/xc32/v1.32/pic32mx/lib/libmchp_peripheral_32MX795F512L.a
                0x00000001                __MPLAB_BUILD = 0x1
LOAD /opt/microchip/xc32/v1.32/bin/bin/../../lib/gcc/pic32mx/4.5.2/../../../../pic32mx/lib/./proc/32MX795F512L/default_isr_vectors.o
LOAD /opt/microchip/xc32/v1.32/bin/bin/../../lib/gcc/pic32mx/4.5.2/../../../../pic32mx/lib/pic32_software_reset.o
                0x00000400                PROVIDE (_min_stack_size, 0x400)
LOAD /opt/microchip/xc32/v1.32/bin/bin/../../lib/gcc/pic32mx/4.5.2/../../../../pic32mx/lib/./proc/32MX795F512L/processor.o
                0x00000000                _ramfunc_begin = 0x0
                0x00000001                PROVIDE (_vector_spacing, 0x1)
                0x9d005000                _ebase_address = 0x9d005000
                0x9d006000                _RESET_ADDR = 0x9d006000
                0x9d006380                _BEV_EXCPT_ADDR = 0x9d006380
                0x9d006480                _DBG_EXCPT_ADDR = 0x9d006480
                0xbfc02000                _DBG_CODE_ADDR = 0xbfc02000
                0x00000ff0                _DBG_CODE_SIZE = 0xff0
                0x9d005180                _GEN_EXCPT_ADDR = (_ebase_address + 0x180)

.boot_software_key
 *(.boot_software_key)

.config_BFC02FF0
 *(.config_BFC02FF0)

.config_BFC02FF4
 *(.config_BFC02FF4)

.config_BFC02FF8
 *(.config_BFC02FF8)

.config_BFC02FFC
                0xbfc02ffc        0x4
 *(.config_BFC02FFC)
 .config_BFC02FFC
                0xbfc02ffc        0x4 build/debug/production/src/main.o
                0xbfc02000                PROVIDE (_DBG_CODE_ADDR, 0xbfc02000)
                0x00000ff0                PROVIDE (_DBG_CODE_SIZE, 0xff0)

.reset          0x9d006000      0x1e8
 *(.reset)
 .reset         0x9d006000      0x1e8 /opt/microchip/xc32/v1.32/bin/bin/../../lib/gcc/pic32mx/4.5.2/../../../../pic32mx/lib/./proc/32MX795F512L/crt0_mips32r2.o
                0x9d006000                _reset
 *(.reset.startup)

.bev_excpt      0x9d006380       0x10
 *(.bev_handler)
 .bev_handler   0x9d006380       0x10 /opt/microchip/xc32/v1.32/bin/bin/../../lib/gcc/pic32mx/4.5.2/../../../../pic32mx/lib/./proc/32MX795F512L/crt0_mips32r2.o

.dbg_excpt      0x9d006480        0x0
                0x9d006480                . = (. + DEFINED (_DEBUGGER)?0x8:0x0)

.dbg_code       0xbfc02000        0x0
                0xbfc02000                . = (. + DEFINED (_DEBUGGER)?_DBG_CODE_SIZE:0x0)

.app_excpt      0x9d005180       0x10
 *(.gen_handler)
 .gen_handler   0x9d005180       0x10 /opt/microchip/xc32/v1.32/bin/bin/../../lib/gcc/pic32mx/4.5.2/../../../../pic32mx/lib/./proc/32MX795F512L/crt0_mips32r2.o

.vector_0       0x9d005200        0x8
 *(.vector_0)
 .vector_0      0x9d005200        0x8 /opt/microchip/xc32/v1.32/bin/bin/../../lib/gcc/pic32mx/4.5.2/../../../../pic32mx/lib/libpic32.a(vector0.o)
                0x9d005200                __vector_dispatch_0
                0x00000001                ASSERT (((_vector_spacing == 0x0) || (SIZEOF (.vector_0) <= (_vector_spacing << 0x5))), function at exception vector 0 too large)

.vector_1       0x9d005220        0x8
 *(.vector_1)
 .vector_1      0x9d005220        0x8 /opt/microchip/xc32/v1.32/bin/bin/../../lib/gcc/pic32mx/4.5.2/../../../../pic32mx/lib/libpic32.a(vector1.o)
                0x9d005220                __vector_dispatch_1
                0x00000001                ASSERT (((_vector_spacing == 0x0) || (SIZEOF (.vector_1) <= (_vector_spacing << 0x5))), function at exception vector 1 too large)

.vector_2       0x9d005240        0x8
 *(.vector_2)
 .vector_2      0x9d005240        0x8 /opt/microchip/xc32/v1.32/bin/bin/../../lib/gcc/pic32mx/4.5.2/../../../../pic32mx/lib/libpic32.a(vector2.o)
                0x9d005240                __vector_dispatch_2
                0x00000001                ASSERT (((_vector_spacing == 0x0) || (SIZEOF (.vector_2) <= (_vector_spacing << 0x5))), function at exception vector 2 too large)

.vector_3       0x9d005260        0x8
 *(.vector_3)
 .vector_3      0x9d005260        0x8 /opt/microchip/xc32/v1.32/bin/bin/../../lib/gcc/pic32mx/4.5.2/../../../../pic32mx/lib/libpic32.a(vector3.o)
                0x9d005260                __vector_dispatch_3
                0x00000001                ASSERT (((_vector_spacing == 0x0) || (SIZEOF (.vector_3) <= (_vector_spacing << 0x5))), function at exception vector 3 too large)

.vector_4       0x9d005280        0x8
 *(.vector_4)
 .vector_4      0x9d005280        0x8 build/debug/production/_ext/2096855388/SCpic32.o
                0x9d005280                __vector_dispatch_4
                0x00000001                ASSERT (((_vector_spacing == 0x0) || (SIZEOF (.vector_4) <= (_vector_spacing << 0x5))), function at exception vector 4 too large)

.vector_5       0x9d0052a0        0x8
 *(.vector_5)
 .vector_5      0x9d0052a0        0x8 /opt/microchip/xc32/v1.32/bin/bin/../../lib/gcc/pic32mx/4.5.2/../../../../pic32mx/lib/libpic32.a(vector5.o)
                0x9d0052a0                __vector_dispatch_5
                0x00000001                ASSERT (((_vector_spacing == 0x0) || (SIZEOF (.vector_5) <= (_vector_spacing << 0x5))), function at exception vector 5 too large)

.vector_6       0x9d0052c0        0x8
 *(.vector_6)
 .vector_6      0x9d0052c0        0x8 /opt/microchip/xc32/v1.32/bin/bin/../../lib/gcc/pic32mx/4.5.2/../../../../pic32mx/lib/libpic32.a(vector6.o)
                0x9d0052c0                __vector_dispatch_6
                0x00000001                ASSERT (((_vector_spacing == 0x0) || (SIZEOF (.vector_6) <= (_vector_spacing << 0x5))), function at exception vector 6 too large)

.vector_7       0x9d0052e0        0x8
 *(.vector_7)
 .vector_7      0x9d0052e0        0x8 /opt/microchip/xc32/v1.32/bin/bin/../../lib/gcc/pic32mx/4.5.2/../../../../pic32mx/lib/libpic32.a(vector7.o)
                0x9d0052e0                __vector_dispatch_7
                0x00000001                ASSERT (((_vector_spacing == 0x0) || (SIZEOF (.vector_7) <= (_vector_spacing << 0x5))), function at exception vector 7 too large)

.vector_8       0x9d005300        0x8
 *(.vector_8)
 .vector_8      0x9d005300        0x8 /opt/microchip/xc32/v1.32/bin/bin/../../lib/gcc/pic32mx/4.5.2/../../../../pic32mx/lib/libpic32.a(vector8.o)
                0x9d005300                __vector_dispatch_8
                0x00000001                ASSERT (((_vector_spacing == 0x0) || (SIZEOF (.vector_8) <= (_vector_spacing << 0x5))), function at exception vector 8 too large)

.vector_9       0x9d005320        0x8
 *(.vector_9)
 .vector_9      0x9d005320        0x8 /opt/microchip/xc32/v1.32/bin/bin/../../lib/gcc/pic32mx/4.5.2/../../../../pic32mx/lib/libpic32.a(vector9.o)
                0x9d005320                __vector_dispatch_9
                0x00000001                ASSERT (((_vector_spacing == 0x0) || (SIZEOF (.vector_9) <= (_vector_spacing << 0x5))), function at exception vector 9 too large)

.vector_10      0x9d005340        0x8
 *(.vector_10)
 .vector_10     0x9d005340        0x8 /opt/microchip/xc32/v1.32/bin/bin/../../lib/gcc/pic32mx/4.5.2/../../../../pic32mx/lib/libpic32.a(vector10.o)
                0x9d005340                __vector_dispatch_10
                0x00000001                ASSERT (((_vector_spacing == 0x0) || (SIZEOF (.vector_10) <= (_vector_spacing << 0x5))), function at exception vector 10 too large)

.vector_11      0x9d005360        0x8
 *(.vector_11)
 .vector_11     0x9d005360        0x8 /opt/microchip/xc32/v1.32/bin/bin/../../lib/gcc/pic32mx/4.5.2/../../../../pic32mx/lib/libpic32.a(vector11.o)
                0x9d005360                __vector_dispatch_11
                0x00000001                ASSERT (((_vector_spacing == 0x0) || (SIZEOF (.vector_11) <= (_vector_spacing << 0x5))), function at exception vector 11 too large)

.vector_12      0x9d005380        0x8
 *(.vector_12)
 .vector_12     0x9d005380        0x8 build/debug/production/src/isr.o
                0x9d005380                __vector_dispatch_12
                0x00000001                ASSERT (((_vector_spacing == 0x0) || (SIZEOF (.vector_12) <= (_vector_spacing << 0x5))), function at exception vector 12 too large)

.vector_13      0x9d0053a0        0x8
 *(.vector_13)
 .vector_13     0x9d0053a0        0x8 /opt/microchip/xc32/v1.32/bin/bin/../../lib/gcc/pic32mx/4.5.2/../../../../pic32mx/lib/libpic32.a(vector13.o)
                0x9d0053a0                __vector_dispatch_13
                0x00000001                ASSERT (((_vector_spacing == 0x0) || (SIZEOF (.vector_13) <= (_vector_spacing << 0x5))), function at exception vector 13 too large)

.vector_14      0x9d0053c0        0x8
 *(.vector_14)
 .vector_14     0x9d0053c0        0x8 /opt/microchip/xc32/v1.32/bin/bin/../../lib/gcc/pic32mx/4.5.2/../../../../pic32mx/lib/libpic32.a(vector14.o)
                0x9d0053c0                __vector_dispatch_14
                0x00000001                ASSERT (((_vector_spacing == 0x0) || (SIZEOF (.vector_14) <= (_vector_spacing << 0x5))), function at exception vector 14 too large)

.vector_15      0x9d0053e0        0x8
 *(.vector_15)
 .vector_15     0x9d0053e0        0x8 /opt/microchip/xc32/v1.32/bin/bin/../../lib/gcc/pic32mx/4.5.2/../../../../pic32mx/lib/libpic32.a(vector15.o)
                0x9d0053e0                __vector_dispatch_15
                0x00000001                ASSERT (((_vector_spacing == 0x0) || (SIZEOF (.vector_15) <= (_vector_spacing << 0x5))), function at exception vector 15 too large)

.vector_16      0x9d005400        0x8
 *(.vector_16)
 .vector_16     0x9d005400        0x8 build/debug/production/src/isr.o
                0x9d005400                __vector_dispatch_16
                0x00000001                ASSERT (((_vector_spacing == 0x0) || (SIZEOF (.vector_16) <= (_vector_spacing << 0x5))), function at exception vector 16 too large)

.vector_17      0x9d005420        0x8
 *(.vector_17)
 .vector_17     0x9d005420        0x8 /opt/microchip/xc32/v1.32/bin/bin/../../lib/gcc/pic32mx/4.5.2/../../../../pic32mx/lib/libpic32.a(vector17.o)
                0x9d005420                __vector_dispatch_17
                0x00000001                ASSERT (((_vector_spacing == 0x0) || (SIZEOF (.vector_17) <= (_vector_spacing << 0x5))), function at exception vector 17 too large)

.vector_18      0x9d005440        0x8
 *(.vector_18)
 .vector_18     0x9d005440        0x8 /opt/microchip/xc32/v1.32/bin/bin/../../lib/gcc/pic32mx/4.5.2/../../../../pic32mx/lib/libpic32.a(vector18.o)
                0x9d005440                __vector_dispatch_18
                0x00000001                ASSERT (((_vector_spacing == 0x0) || (SIZEOF (.vector_18) <= (_vector_spacing << 0x5))), function at exception vector 18 too large)

.vector_19      0x9d005460        0x8
 *(.vector_19)
 .vector_19     0x9d005460        0x8 /opt/microchip/xc32/v1.32/bin/bin/../../lib/gcc/pic32mx/4.5.2/../../../../pic32mx/lib/libpic32.a(vector19.o)
                0x9d005460                __vector_dispatch_19
                0x00000001                ASSERT (((_vector_spacing == 0x0) || (SIZEOF (.vector_19) <= (_vector_spacing << 0x5))), function at exception vector 19 too large)

.vector_20      0x9d005480        0x8
 *(.vector_20)
 .vector_20     0x9d005480        0x8 /opt/microchip/xc32/v1.32/bin/bin/../../lib/gcc/pic32mx/4.5.2/../../../../pic32mx/lib/libpic32.a(vector20.o)
                0x9d005480                __vector_dispatch_20
                0x00000001                ASSERT (((_vector_spacing == 0x0) || (SIZEOF (.vector_20) <= (_vector_spacing << 0x5))), function at exception vector 20 too large)

.vector_21      0x9d0054a0        0x8
 *(.vector_21)
 .vector_21     0x9d0054a0        0x8 /opt/microchip/xc32/v1.32/bin/bin/../../lib/gcc/pic32mx/4.5.2/../../../../pic32mx/lib/libpic32.a(vector21.o)
                0x9d0054a0                __vector_dispatch_21
                0x00000001                ASSERT (((_vector_spacing == 0x0) || (SIZEOF (.vector_21) <= (_vector_spacing << 0x5))), function at exception vector 21 too large)

.vector_22      0x9d0054c0        0x8
 *(.vector_22)
 .vector_22     0x9d0054c0        0x8 build/debug/production/src/isr.o
                0x9d0054c0                __vector_dispatch_22
                0x00000001                ASSERT (((_vector_spacing == 0x0) || (SIZEOF (.vector_22) <= (_vector_spacing << 0x5))), function at exception vector 22 too large)

.vector_23      0x9d0054e0        0x8
 *(.vector_23)
 .vector_23     0x9d0054e0        0x8 /opt/microchip/xc32/v1.32/bin/bin/../../lib/gcc/pic32mx/4.5.2/../../../../pic32mx/lib/libpic32.a(vector23.o)
                0x9d0054e0                __vector_dispatch_23
                0x00000001                ASSERT (((_vector_spacing == 0x0) || (SIZEOF (.vector_23) <= (_vector_spacing << 0x5))), function at exception vector 23 too large)

.vector_24      0x9d005500        0x8
 *(.vector_24)
 .vector_24     0x9d005500        0x8 /opt/microchip/xc32/v1.32/bin/bin/../../lib/gcc/pic32mx/4.5.2/../../../../pic32mx/lib/libpic32.a(vector24.o)
                0x9d005500                __vector_dispatch_24
                0x00000001                ASSERT (((_vector_spacing == 0x0) || (SIZEOF (.vector_24) <= (_vector_spacing << 0x5))), function at exception vector 24 too large)

.vector_25      0x9d005520        0x8
 *(.vector_25)
 .vector_25     0x9d005520        0x8 /opt/microchip/xc32/v1.32/bin/bin/../../lib/gcc/pic32mx/4.5.2/../../../../pic32mx/lib/libpic32.a(vector25.o)
                0x9d005520                __vector_dispatch_25
                0x00000001                ASSERT (((_vector_spacing == 0x0) || (SIZEOF (.vector_25) <= (_vector_spacing << 0x5))), function at exception vector 25 too large)

.vector_26      0x9d005540        0x8
 *(.vector_26)
 .vector_26     0x9d005540        0x8 /opt/microchip/xc32/v1.32/bin/bin/../../lib/gcc/pic32mx/4.5.2/../../../../pic32mx/lib/libpic32.a(vector26.o)
                0x9d005540                __vector_dispatch_26
                0x00000001                ASSERT (((_vector_spacing == 0x0) || (SIZEOF (.vector_26) <= (_vector_spacing << 0x5))), function at exception vector 26 too large)

.vector_27      0x9d005560        0x8
 *(.vector_27)
 .vector_27     0x9d005560        0x8 /opt/microchip/xc32/v1.32/bin/bin/../../lib/gcc/pic32mx/4.5.2/../../../../pic32mx/lib/libpic32.a(vector27.o)
                0x9d005560                __vector_dispatch_27
                0x00000001                ASSERT (((_vector_spacing == 0x0) || (SIZEOF (.vector_27) <= (_vector_spacing << 0x5))), function at exception vector 27 too large)

.vector_28      0x9d005580        0x8
 *(.vector_28)
 .vector_28     0x9d005580        0x8 /opt/microchip/xc32/v1.32/bin/bin/../../lib/gcc/pic32mx/4.5.2/../../../../pic32mx/lib/libpic32.a(vector28.o)
                0x9d005580                __vector_dispatch_28
                0x00000001                ASSERT (((_vector_spacing == 0x0) || (SIZEOF (.vector_28) <= (_vector_spacing << 0x5))), function at exception vector 28 too large)

.vector_29      0x9d0055a0        0x8
 *(.vector_29)
 .vector_29     0x9d0055a0        0x8 /opt/microchip/xc32/v1.32/bin/bin/../../lib/gcc/pic32mx/4.5.2/../../../../pic32mx/lib/libpic32.a(vector29.o)
                0x9d0055a0                __vector_dispatch_29
                0x00000001                ASSERT (((_vector_spacing == 0x0) || (SIZEOF (.vector_29) <= (_vector_spacing << 0x5))), function at exception vector 29 too large)

.vector_30      0x9d0055c0        0x8
 *(.vector_30)
 .vector_30     0x9d0055c0        0x8 /opt/microchip/xc32/v1.32/bin/bin/../../lib/gcc/pic32mx/4.5.2/../../../../pic32mx/lib/libpic32.a(vector30.o)
                0x9d0055c0                __vector_dispatch_30
                0x00000001                ASSERT (((_vector_spacing == 0x0) || (SIZEOF (.vector_30) <= (_vector_spacing << 0x5))), function at exception vector 30 too large)

.vector_31      0x9d0055e0        0x8
 *(.vector_31)
 .vector_31     0x9d0055e0        0x8 /opt/microchip/xc32/v1.32/bin/bin/../../lib/gcc/pic32mx/4.5.2/../../../../pic32mx/lib/libpic32.a(vector31.o)
                0x9d0055e0                __vector_dispatch_31
                0x00000001                ASSERT (((_vector_spacing == 0x0) || (SIZEOF (.vector_31) <= (_vector_spacing << 0x5))), function at exception vector 31 too large)

.vector_32      0x9d005600        0x8
 *(.vector_32)
 .vector_32     0x9d005600        0x8 /opt/microchip/xc32/v1.32/bin/bin/../../lib/gcc/pic32mx/4.5.2/../../../../pic32mx/lib/libpic32.a(vector32.o)
                0x9d005600                __vector_dispatch_32
                0x00000001                ASSERT (((_vector_spacing == 0x0) || (SIZEOF (.vector_32) <= (_vector_spacing << 0x5))), function at exception vector 32 too large)

.vector_33      0x9d005620        0x8
 *(.vector_33)
 .vector_33     0x9d005620        0x8 /opt/microchip/xc32/v1.32/bin/bin/../../lib/gcc/pic32mx/4.5.2/../../../../pic32mx/lib/libpic32.a(vector33.o)
                0x9d005620                __vector_dispatch_33
                0x00000001                ASSERT (((_vector_spacing == 0x0) || (SIZEOF (.vector_33) <= (_vector_spacing << 0x5))), function at exception vector 33 too large)

.vector_34      0x9d005640        0x8
 *(.vector_34)
 .vector_34     0x9d005640        0x8 /opt/microchip/xc32/v1.32/bin/bin/../../lib/gcc/pic32mx/4.5.2/../../../../pic32mx/lib/libpic32.a(vector34.o)
                0x9d005640                __vector_dispatch_34
                0x00000001                ASSERT (((_vector_spacing == 0x0) || (SIZEOF (.vector_34) <= (_vector_spacing << 0x5))), function at exception vector 34 too large)

.vector_35      0x9d005660        0x8
 *(.vector_35)
 .vector_35     0x9d005660        0x8 /opt/microchip/xc32/v1.32/bin/bin/../../lib/gcc/pic32mx/4.5.2/../../../../pic32mx/lib/libpic32.a(vector35.o)
                0x9d005660                __vector_dispatch_35
                0x00000001                ASSERT (((_vector_spacing == 0x0) || (SIZEOF (.vector_35) <= (_vector_spacing << 0x5))), function at exception vector 35 too large)

.vector_36      0x9d005680        0x8
 *(.vector_36)
 .vector_36     0x9d005680        0x8 /opt/microchip/xc32/v1.32/bin/bin/../../lib/gcc/pic32mx/4.5.2/../../../../pic32mx/lib/libpic32.a(vector36.o)
                0x9d005680                __vector_dispatch_36
                0x00000001                ASSERT (((_vector_spacing == 0x0) || (SIZEOF (.vector_36) <= (_vector_spacing << 0x5))), function at exception vector 36 too large)

.vector_37      0x9d0056a0        0x8
 *(.vector_37)
 .vector_37     0x9d0056a0        0x8 /opt/microchip/xc32/v1.32/bin/bin/../../lib/gcc/pic32mx/4.5.2/../../../../pic32mx/lib/libpic32.a(vector37.o)
                0x9d0056a0                __vector_dispatch_37
                0x00000001                ASSERT (((_vector_spacing == 0x0) || (SIZEOF (.vector_37) <= (_vector_spacing << 0x5))), function at exception vector 37 too large)

.vector_38      0x9d0056c0        0x8
 *(.vector_38)
 .vector_38     0x9d0056c0        0x8 /opt/microchip/xc32/v1.32/bin/bin/../../lib/gcc/pic32mx/4.5.2/../../../../pic32mx/lib/libpic32.a(vector38.o)
                0x9d0056c0                __vector_dispatch_38
                0x00000001                ASSERT (((_vector_spacing == 0x0) || (SIZEOF (.vector_38) <= (_vector_spacing << 0x5))), function at exception vector 38 too large)

.vector_39      0x9d0056e0        0x8
 *(.vector_39)
 .vector_39     0x9d0056e0        0x8 /opt/microchip/xc32/v1.32/bin/bin/../../lib/gcc/pic32mx/4.5.2/../../../../pic32mx/lib/libpic32.a(vector39.o)
                0x9d0056e0                __vector_dispatch_39
                0x00000001                ASSERT (((_vector_spacing == 0x0) || (SIZEOF (.vector_39) <= (_vector_spacing << 0x5))), function at exception vector 39 too large)

.vector_40      0x9d005700        0x8
 *(.vector_40)
 .vector_40     0x9d005700        0x8 /opt/microchip/xc32/v1.32/bin/bin/../../lib/gcc/pic32mx/4.5.2/../../../../pic32mx/lib/libpic32.a(vector40.o)
                0x9d005700                __vector_dispatch_40
                0x00000001                ASSERT (((_vector_spacing == 0x0) || (SIZEOF (.vector_40) <= (_vector_spacing << 0x5))), function at exception vector 40 too large)

.vector_41      0x9d005720        0x8
 *(.vector_41)
 .vector_41     0x9d005720        0x8 /opt/microchip/xc32/v1.32/bin/bin/../../lib/gcc/pic32mx/4.5.2/../../../../pic32mx/lib/libpic32.a(vector41.o)
                0x9d005720                __vector_dispatch_41
                0x00000001                ASSERT (((_vector_spacing == 0x0) || (SIZEOF (.vector_41) <= (_vector_spacing << 0x5))), function at exception vector 41 too large)

.vector_42      0x9d005740        0x8
 *(.vector_42)
 .vector_42     0x9d005740        0x8 /opt/microchip/xc32/v1.32/bin/bin/../../lib/gcc/pic32mx/4.5.2/../../../../pic32mx/lib/libpic32.a(vector42.o)
                0x9d005740                __vector_dispatch_42
                0x00000001                ASSERT (((_vector_spacing == 0x0) || (SIZEOF (.vector_42) <= (_vector_spacing << 0x5))), function at exception vector 42 too large)

.vector_43      0x9d005760        0x8
 *(.vector_43)
 .vector_43     0x9d005760        0x8 /opt/microchip/xc32/v1.32/bin/bin/../../lib/gcc/pic32mx/4.5.2/../../../../pic32mx/lib/libpic32.a(vector43.o)
                0x9d005760                __vector_dispatch_43
                0x00000001                ASSERT (((_vector_spacing == 0x0) || (SIZEOF (.vector_43) <= (_vector_spacing << 0x5))), function at exception vector 43 too large)

.vector_44      0x9d005780        0x8
 *(.vector_44)
 .vector_44     0x9d005780        0x8 /opt/microchip/xc32/v1.32/bin/bin/../../lib/gcc/pic32mx/4.5.2/../../../../pic32mx/lib/libpic32.a(vector44.o)
                0x9d005780                __vector_dispatch_44
                0x00000001                ASSERT (((_vector_spacing == 0x0) || (SIZEOF (.vector_44) <= (_vector_spacing << 0x5))), function at exception vector 44 too large)

.vector_45      0x9d0057a0        0x8
 *(.vector_45)
 .vector_45     0x9d0057a0        0x8 build/debug/production/_ext/870548313/usb_device.o
                0x9d0057a0                __vector_dispatch_45
                0x00000001                ASSERT (((_vector_spacing == 0x0) || (SIZEOF (.vector_45) <= (_vector_spacing << 0x5))), function at exception vector 45 too large)

.vector_46      0x9d0057c0        0x8
 *(.vector_46)
 .vector_46     0x9d0057c0        0x8 /opt/microchip/xc32/v1.32/bin/bin/../../lib/gcc/pic32mx/4.5.2/../../../../pic32mx/lib/libpic32.a(vector46.o)
                0x9d0057c0                __vector_dispatch_46
                0x00000001                ASSERT (((_vector_spacing == 0x0) || (SIZEOF (.vector_46) <= (_vector_spacing << 0x5))), function at exception vector 46 too large)

.vector_47      0x9d0057e0        0x8
 *(.vector_47)
 .vector_47     0x9d0057e0        0x8 /opt/microchip/xc32/v1.32/bin/bin/../../lib/gcc/pic32mx/4.5.2/../../../../pic32mx/lib/libpic32.a(vector47.o)
                0x9d0057e0                __vector_dispatch_47
                0x00000001                ASSERT (((_vector_spacing == 0x0) || (SIZEOF (.vector_47) <= (_vector_spacing << 0x5))), function at exception vector 47 too large)

.vector_48      0x9d005800        0x8
 *(.vector_48)
 .vector_48     0x9d005800        0x8 /opt/microchip/xc32/v1.32/bin/bin/../../lib/gcc/pic32mx/4.5.2/../../../../pic32mx/lib/libpic32.a(vector48.o)
                0x9d005800                __vector_dispatch_48
                0x00000001                ASSERT (((_vector_spacing == 0x0) || (SIZEOF (.vector_48) <= (_vector_spacing << 0x5))), function at exception vector 48 too large)

.vector_49      0x9d005820        0x8
 *(.vector_49)
 .vector_49     0x9d005820        0x8 /opt/microchip/xc32/v1.32/bin/bin/../../lib/gcc/pic32mx/4.5.2/../../../../pic32mx/lib/libpic32.a(vector49.o)
                0x9d005820                __vector_dispatch_49
                0x00000001                ASSERT (((_vector_spacing == 0x0) || (SIZEOF (.vector_49) <= (_vector_spacing << 0x5))), function at exception vector 49 too large)

.vector_50      0x9d005840        0x8
 *(.vector_50)
 .vector_50     0x9d005840        0x8 /opt/microchip/xc32/v1.32/bin/bin/../../lib/gcc/pic32mx/4.5.2/../../../../pic32mx/lib/libpic32.a(vector50.o)
                0x9d005840                __vector_dispatch_50
                0x00000001                ASSERT (((_vector_spacing == 0x0) || (SIZEOF (.vector_50) <= (_vector_spacing << 0x5))), function at exception vector 50 too large)

.vector_51      0x9d005860        0x8
 *(.vector_51)
 .vector_51     0x9d005860        0x8 /opt/microchip/xc32/v1.32/bin/bin/../../lib/gcc/pic32mx/4.5.2/../../../../pic32mx/lib/libpic32.a(vector51.o)
                0x9d005860                __vector_dispatch_51
                0x00000001                ASSERT (((_vector_spacing == 0x0) || (SIZEOF (.vector_51) <= (_vector_spacing << 0x5))), function at exception vector 51 too large)

.vector_52      0x9d005880        0x8
 *(.vector_52)
 .vector_52     0x9d005880        0x8 /opt/microchip/xc32/v1.32/bin/bin/../../lib/gcc/pic32mx/4.5.2/../../../../pic32mx/lib/libpic32.a(vector52.o)
                0x9d005880                __vector_dispatch_52
                0x00000001                ASSERT (((_vector_spacing == 0x0) || (SIZEOF (.vector_52) <= (_vector_spacing << 0x5))), function at exception vector 52 too large)

.vector_53      0x9d0058a0        0x8
 *(.vector_53)
 .vector_53     0x9d0058a0        0x8 /opt/microchip/xc32/v1.32/bin/bin/../../lib/gcc/pic32mx/4.5.2/../../../../pic32mx/lib/libpic32.a(vector53.o)
                0x9d0058a0                __vector_dispatch_53
                0x00000001                ASSERT (((_vector_spacing == 0x0) || (SIZEOF (.vector_53) <= (_vector_spacing << 0x5))), function at exception vector 53 too large)

.vector_54      0x9d0058c0        0x8
 *(.vector_54)
 .vector_54     0x9d0058c0        0x8 /opt/microchip/xc32/v1.32/bin/bin/../../lib/gcc/pic32mx/4.5.2/../../../../pic32mx/lib/libpic32.a(vector54.o)
                0x9d0058c0                __vector_dispatch_54
                0x00000001                ASSERT (((_vector_spacing == 0x0) || (SIZEOF (.vector_54) <= (_vector_spacing << 0x5))), function at exception vector 54 too large)

.vector_55      0x9d0058e0        0x8
 *(.vector_55)
 .vector_55     0x9d0058e0        0x8 /opt/microchip/xc32/v1.32/bin/bin/../../lib/gcc/pic32mx/4.5.2/../../../../pic32mx/lib/libpic32.a(vector55.o)
                0x9d0058e0                __vector_dispatch_55
                0x00000001                ASSERT (((_vector_spacing == 0x0) || (SIZEOF (.vector_55) <= (_vector_spacing << 0x5))), function at exception vector 55 too large)

.vector_56      0x9d005900        0x8
 *(.vector_56)
 .vector_56     0x9d005900        0x8 /opt/microchip/xc32/v1.32/bin/bin/../../lib/gcc/pic32mx/4.5.2/../../../../pic32mx/lib/libpic32.a(vector56.o)
                0x9d005900                __vector_dispatch_56
                0x00000001                ASSERT (((_vector_spacing == 0x0) || (SIZEOF (.vector_56) <= (_vector_spacing << 0x5))), function at exception vector 56 too large)

.vector_57      0x9d005920        0x8
 *(.vector_57)
 .vector_57     0x9d005920        0x8 /opt/microchip/xc32/v1.32/bin/bin/../../lib/gcc/pic32mx/4.5.2/../../../../pic32mx/lib/libpic32.a(vector57.o)
                0x9d005920                __vector_dispatch_57
                0x00000001                ASSERT (((_vector_spacing == 0x0) || (SIZEOF (.vector_57) <= (_vector_spacing << 0x5))), function at exception vector 57 too large)

.vector_58      0x9d005940        0x8
 *(.vector_58)
 .vector_58     0x9d005940        0x8 /opt/microchip/xc32/v1.32/bin/bin/../../lib/gcc/pic32mx/4.5.2/../../../../pic32mx/lib/libpic32.a(vector58.o)
                0x9d005940                __vector_dispatch_58
                0x00000001                ASSERT (((_vector_spacing == 0x0) || (SIZEOF (.vector_58) <= (_vector_spacing << 0x5))), function at exception vector 58 too large)

.vector_59      0x9d005960        0x8
 *(.vector_59)
 .vector_59     0x9d005960        0x8 /opt/microchip/xc32/v1.32/bin/bin/../../lib/gcc/pic32mx/4.5.2/../../../../pic32mx/lib/libpic32.a(vector59.o)
                0x9d005960                __vector_dispatch_59
                0x00000001                ASSERT (((_vector_spacing == 0x0) || (SIZEOF (.vector_59) <= (_vector_spacing << 0x5))), function at exception vector 59 too large)

.vector_60      0x9d005980        0x8
 *(.vector_60)
 .vector_60     0x9d005980        0x8 /opt/microchip/xc32/v1.32/bin/bin/../../lib/gcc/pic32mx/4.5.2/../../../../pic32mx/lib/libpic32.a(vector60.o)
                0x9d005980                __vector_dispatch_60
                0x00000001                ASSERT (((_vector_spacing == 0x0) || (SIZEOF (.vector_60) <= (_vector_spacing << 0x5))), function at exception vector 60 too large)

.vector_61      0x9d0059a0        0x8
 *(.vector_61)
 .vector_61     0x9d0059a0        0x8 /opt/microchip/xc32/v1.32/bin/bin/../../lib/gcc/pic32mx/4.5.2/../../../../pic32mx/lib/libpic32.a(vector61.o)
                0x9d0059a0                __vector_dispatch_61
                0x00000001                ASSERT (((_vector_spacing == 0x0) || (SIZEOF (.vector_61) <= (_vector_spacing << 0x5))), function at exception vector 61 too large)

.vector_62      0x9d0059c0        0x8
 *(.vector_62)
 .vector_62     0x9d0059c0        0x8 /opt/microchip/xc32/v1.32/bin/bin/../../lib/gcc/pic32mx/4.5.2/../../../../pic32mx/lib/libpic32.a(vector62.o)
                0x9d0059c0                __vector_dispatch_62
                0x00000001                ASSERT (((_vector_spacing == 0x0) || (SIZEOF (.vector_62) <= (_vector_spacing << 0x5))), function at exception vector 62 too large)

.vector_63      0x9d0059e0        0x8
 *(.vector_63)
 .vector_63     0x9d0059e0        0x8 /opt/microchip/xc32/v1.32/bin/bin/../../lib/gcc/pic32mx/4.5.2/../../../../pic32mx/lib/libpic32.a(vector63.o)
                0x9d0059e0                __vector_dispatch_63
                0x00000001                ASSERT (((_vector_spacing == 0x0) || (SIZEOF (.vector_63) <= (_vector_spacing << 0x5))), function at exception vector 63 too large)

.startup
 *(.startup)

.text           0x9d006e00        0x0
 *(.stub .gnu.linkonce.t.*)
 *(.text.*personality*)
 *(.mips16.fn.*)
 *(.mips16.call.*)
 *(.gnu.warning)
                0x9d006e00                . = ALIGN (0x4)

.init           0x9d006e00        0x0
 *crti.o(.init)
 *crtbegin.o(.init)
 *(EXCLUDE_FILE(*crtn.o *crtend?.o *crtend.o) .init)
 *crtend.o(.init)
 *crtn.o(.init)
                0x9d006e00                . = ALIGN (0x4)

.fini           0x9d006e00        0x0
 *(.fini)
                0x9d006e00                . = ALIGN (0x4)

.preinit_array  0x9d006e00        0x0
                0x9d006e00                PROVIDE (__preinit_array_start, .)
 *(.preinit_array)
                0x9d006e00                PROVIDE (__preinit_array_end, .)
                0x9d006e00                . = ALIGN (0x4)

.init_array     0x9d006e00        0x0
                0x9d006e00                PROVIDE (__init_array_start, .)
 *(SORT(.init_array.*))
 *(.init_array)
                0x9d006e00                PROVIDE (__init_array_end, .)
                0x9d006e00                . = ALIGN (0x4)

.fini_array     0x9d006e00        0x0
                0x9d006e00                PROVIDE (__fini_array_start, .)
 *(SORT(.fini_array.*))
 *(.fini_array)
                0x9d006e00                PROVIDE (__fini_array_end, .)
                0x9d006e00                . = ALIGN (0x4)

.ctors          0x9d006e00        0x0
 *crtbegin.o(.ctors)
 *crtbegin?.o(.ctors)
 *(EXCLUDE_FILE(*crtend?.o *crtend.o) .ctors)
 *(SORT(.ctors.*))
 *(.ctors)
                0x9d006e00                . = ALIGN (0x4)

.dtors          0x9d006e00        0x0
 *crtbegin.o(.dtors)
 *crtbegin?.o(.dtors)
 *(EXCLUDE_FILE(*crtend?.o *crtend.o) .dtors)
 *(SORT(.dtors.*))
 *(.dtors)
                0x9d006e00                . = ALIGN (0x4)

.rodata         0x9d006e00        0x0
 *(.gnu.linkonce.r.*)
 *(.rodata1)
                0x9d006e00                . = ALIGN (0x4)

.sdata2         0x9d006490        0x0
 *(.sdata2 .sdata2.* .gnu.linkonce.s2.*)
                0x9d006490                . = ALIGN (0x4)

.sbss2          0x9d006490        0x0
 *(.sbss2 .sbss2.* .gnu.linkonce.sb2.*)
                0x9d006490                . = ALIGN (0x4)

.eh_frame_hdr
 *(.eh_frame_hdr)
                0x9d006490                . = ALIGN (0x4)

.eh_frame
 *(.eh_frame)
                0x9d006490                . = ALIGN (0x4)

.gcc_except_table
 *(.gcc_except_table .gcc_except_table.*)
                0x9d006490                . = ALIGN (0x4)

.dbg_data       0xa0000004        0x0
                0xa0000004                . = (. + DEFINED (_DEBUGGER)?0x200:0x0)

.jcr            0xa0000004        0x0
 *(.jcr)
                0xa0000004                . = ALIGN (0x4)

.eh_frame       0xa0000004       0x30
 *(.eh_frame)
 .eh_frame      0xa0000004       0x20 /opt/microchip/xc32/v1.32/bin/bin/../../lib/gcc/pic32mx/4.5.2/libgcc.a(_udivdi3.o)
 .eh_frame      0xa0000024       0x10 /opt/microchip/xc32/v1.32/bin/bin/../../lib/gcc/pic32mx/4.5.2/libgcc.a(_umoddi3.o)
                0xa0000034                . = ALIGN (0x4)

.gcc_except_table
 *(.gcc_except_table .gcc_except_table.*)
                0xa0000034                . = ALIGN (0x4)

.persist        0xa0000034        0x0
                0xa0000034                _persist_begin = .
 *(.persist .persist.*)
 *(.pbss .pbss.*)
                0xa0000034                . = ALIGN (0x4)
                0xa0000034                _persist_end = .

.data           0xa0000034        0x0
 *(.gnu.linkonce.d.*)
 *(.data1)
                0xa0000034                . = ALIGN (0x4)
                0xa0000034                . = .
                0xa0008030                _gp = (ALIGN (0x10) + 0x7ff0)

.got            0xa0000034        0x0
 *(.got.plt)
 *(.got)
                0xa0000034                . = ALIGN (0x4)

.sdata          0xa0000034       0x40
                0xa0000034                _sdata_begin = .
 *(.sdata .sdata.* .gnu.linkonce.s.*)
 .sdata         0xa0000034        0xc build/debug/production/_ext/71113213/FSIO.o
                0xa0000034                gLastFATSectorRead
                0xa0000038                gLastDataSectorRead
                0xa000003c                cwdptr
 .sdata         0xa0000040        0x8 build/debug/production/_ext/2096855388/SClib.o
                0xa0000040                factorF
                0xa0000044                factorDNumerator
                0xa0000045                factorDdenominator
 .sdata         0xa0000048       0x18 build/debug/production/src/main.o
                0xa0000048                RWD_Command_ThisBit
                0xa000004c                OnOff
                0xa0000054                HighLow
 .sdata         0xa0000060        0x1 build/debug/production/src/isr.o
 *fill*         0xa0000061        0x3 
 .sdata         0xa0000064        0x8 build/debug/production/src/hitag.o
                0xa0000064                Hitag2Sync
 .sdata         0xa000006c        0x4 /opt/microchip/xc32/v1.32/bin/bin/../../lib/gcc/pic32mx/4.5.2/../../../../pic32mx/lib/libc.a(_iob.o)
                0xa000006c                _Files
 .sdata         0xa0000070        0x4 /opt/microchip/xc32/v1.32/bin/bin/../../lib/gcc/pic32mx/4.5.2/../../../../pic32mx/lib/libpic32.a(xc32_uart.o)
                0xa0000070                __XC_UART
                0xa0000074                . = ALIGN (0x4)
                0xa0000074                _sdata_end = .

.lit8
 *(.lit8)

.lit4
 *(.lit4)
                0xa0000074                . = ALIGN (0x4)
                0xa0000074                _data_end = .
                0xa0000074                _bss_begin = .

.sbss           0xa0000074      0x218
                0xa0000074                _sbss_begin = .
 *(.dynsbss)
 *(.sbss .sbss.* .gnu.linkonce.sb.*)
 .sbss          0xa0000074       0x1c build/debug/production/_ext/71113213/SD-SPI.o
 .sbss          0xa0000090       0x14 build/debug/production/_ext/71113213/FSIO.o
                0xa0000090                gNeedFATWrite
                0xa0000094                gBufferOwner
                0xa0000098                gNeedDataWrite
                0xa0000099                nextClusterIsLast
                0xa000009a                gBufferZeroed
                0xa000009b                recache
                0xa000009c                utfModeFileName
                0xa00000a0                twoByteMode
 .sbss          0xa00000a4       0x14 build/debug/production/_ext/2096855388/SClib.o
                0xa00000a4                scATRLength
                0xa00000a8                scATR_HistoryBuffer
                0xa00000ac                scATR_HistoryLength
                0xa00000b0                gCardState
                0xa00000b4                scLastError
 .sbss          0xa00000b8        0x4 build/debug/production/_ext/2096855388/SCpic32.o
                0xa00000b8                delayLapsedFlag
 .sbss          0xa00000bc       0x64 build/debug/production/src/main.o
                0xa00000bc                EmulationMode
                0xa00000c0                SnifferMode
                0xa00000c4                WiegandOutput
                0xa00000c8                EMU_Background
                0xa00000cc                ReaderPeriod
                0xa00000d0                FakeRead
                0xa00000d4                RWD_State
                0xa00000d8                RWD_Fc
                0xa00000dc                RWD_Gap_Period
                0xa00000e0                RWD_Zero_Period
                0xa00000e4                RWD_One_Period
                0xa00000e8                RWD_Sleep_Period
                0xa00000ec                RWD_Wake_Period
                0xa00000f0                RWD_Wait_Switch_TX_RX
                0xa00000f4                RWD_Wait_Switch_RX_TX
                0xa00000f8                RWD_Post_Wait
                0xa00000fc                RWD_OC5_config
                0xa0000100                RWD_OC5_r
                0xa0000104                RWD_OC5_rs
                0xa0000108                DataBuffCount
                0xa000010c                Interface
                0xa000010d                CommsChannel
                0xa0000110                SoftwareKey
 .sbss          0xa0000120        0x4 build/debug/production/src/util.o
 .sbss          0xa0000124        0x4 build/debug/production/src/comms.o
 .sbss          0xa0000128       0x1c build/debug/production/src/isr.o
                0xa0000128                PSK_Read_Error
                0xa000012c                Manchester_Error
                0xa0000130                Manchester_Auto_Correct
 .sbss          0xa0000144        0x4 build/debug/production/src/hitag.o
                0xa0000144                CryptoActive
 .sbss          0xa0000148        0x4 build/debug/production/src/q5.o
                0xa0000148                PWD_Mode
 .sbss          0xa000014c        0x1 /opt/microchip/xc32/v1.32/bin/bin/../../lib/gcc/pic32mx/4.5.2/../../../../pic32mx/lib/libc.a(_iob.o)
                0xa000014c                _outdone
 *fill*         0xa000014d        0x3 
 .sbss          0xa0000150        0x4 /opt/microchip/xc32/v1.32/bin/bin/../../lib/gcc/pic32mx/4.5.2/../../../../pic32mx/lib/libc.a(errno.o)
                0xa0000150                errno
 *(.scommon)
 .scommon       0xa0000154        0x8 build/debug/production/_ext/71113213/SD-SPI.o
                0xa0000154                MDD_SDSPI_finalLBA
                0xa0000158                gSDMode
                0xa000015a                gMediaSectorSize
 .scommon       0xa000015c       0x28 build/debug/production/_ext/71113213/FSIO.o
                0xa000015c                fileNameLength
                0xa000015e                gTimeCrtMS
                0xa0000160                asciiFilename
                0xa0000164                gFileSlotOpen
                0xa0000168                utf16Filename
                0xa000016c                TempClusterCalc
                0xa0000170                FatRootDirClusterValue
                0xa0000174                gTimeCrtTime
                0xa0000176                dirCleared
                0xa0000178                recordSearchLength
                0xa000017a                gTimeWrtTime
                0xa000017c                gTimeAccDate
                0xa000017e                gTimeWrtDate
                0xa0000180                FSerrno
                0xa0000182                gTimeCrtDate
 .scommon       0xa0000184       0x24 build/debug/production/_ext/2096855388/SClib.o
                0xa0000184                scPPSresponseLength
                0xa0000186                cgtETU
                0xa0000188                scTA3
                0xa0000189                scTA2
                0xa000018a                scTA1
                0xa000018b                scTD1
                0xa000018c                scTD2
                0xa000018d                scTD3
                0xa0000190                scPPSresponse
                0xa0000198                cgtInMicroSeconds
                0xa000019c                scTC1
                0xa000019d                scTC2
                0xa000019e                scTC3
                0xa000019f                scTB1
                0xa00001a0                scTB3
                0xa00001a1                scTB2
                0xa00001a4                t0WWTetu
 .scommon       0xa00001a8        0xc build/debug/production/_ext/2096855388/SCpic32.o
                0xa00001a8                baudRate
                0xa00001ac                oneETUtimeinMicroSeconds
                0xa00001ae                rxETUtimeDivisorFactor
                0xa00001b0                scReferenceClock
 .scommon       0xa00001b4       0x5c build/debug/production/_ext/870548313/usb_device.o
                0xa00001b4                BothEP0OutUOWNsSet
                0xa00001b8                USBDeferStatusStagePacket
                0xa00001bc                USBStatusStageEnabledFlag1
                0xa00001c0                USBActiveConfiguration
                0xa00001c4                USBStatusStageEnabledFlag2
                0xa00001c8                shortPacketStatus
                0xa00001cc                USTATcopy
                0xa00001d0                SetupPkt
                0xa00001d8                USBBusIsSuspended
                0xa00001dc                ep_data_out
                0xa00001e0                pBDTEntryEP0OutNext
                0xa00001e4                controlTransferState
                0xa00001e8                pBDTEntryEP0OutCurrent
                0xa00001ec                pDst
                0xa00001f0                endpoint_number
                0xa00001f4                USBDeferINDataStagePackets
                0xa00001f8                USBDeferOUTDataStagePackets
                0xa00001fc                USBDeviceState
                0xa0000200                USBStatusStageTimeoutCounter
                0xa0000204                RemoteWakeup
                0xa0000208                USBAlternateInterface
                0xa000020c                ep_data_in
 .scommon       0xa0000210       0x39 build/debug/production/_ext/1379786196/usb_function_cdc.o
                0xa0000210                CDCDataInHandle
                0xa0000214                BaudRateGen
                0xa0000218                pCDCSrc
                0xa000021c                pCDCDst
                0xa0000220                CDCDataOutHandle
                0xa0000224                line_coding
                0xa000022c                cdc_tx_len
                0xa0000230                dummy_encapsulated_cmd_response
                0xa0000238                cdc_notice
                0xa0000240                cdc_rx_len
                0xa0000241                cdc_trf_state
                0xa0000244                control_signal_bitmap
                0xa0000248                cdc_mem_type
 *fill*         0xa0000249        0x3 
 .scommon       0xa000024c       0x24 build/debug/production/src/main.o
                0xa000024c                EMU_ThisBit
                0xa000024d                EMU_SubCarrier_T0
                0xa0000250                buttonPressed
                0xa0000254                EMU_SubCarrier_T1
                0xa0000258                EMU_Data
                0xa000025c                buttonCount
                0xa0000260                EMU_Reset_Data
                0xa0000264                EMU_Repeat
                0xa0000268                stringPrinted
                0xa000026c                EMU_DataBitRate
 .scommon       0xa0000270        0x8 build/debug/production/src/util.o
                0xa0000270                RTC_date
                0xa0000274                RTC_time
 .scommon       0xa0000278        0x8 build/debug/production/src/isr.o
                0xa0000278                HW_Bits
                0xa000027c                PSK_Min_Pulse
 .scommon       0xa0000280        0xa build/debug/production/src/iso7816.o
                0xa0000280                cardResponse
                0xa0000284                cardCommand
                0xa000028a                _sbss_end = .
                0xa000028c                . = ALIGN (0x4)
 *fill*         0xa000028a        0x2 

.bss            0xa0000400     0x6770
 *(.dynbss)
 *(COMMON)
 COMMON         0xa0000400     0x13f2 build/debug/production/_ext/71113213/FSIO.o
                0xa0000400                gDataBuffer
                0xa0000600                tempCWDobj
                0xa0000644                fileFoundString
                0xa0000850                gFATBuffer
                0xa0000a50                lfnData
                0xa0001058                gDiskData
                0xa0001080                cwd
                0xa00010c4                gFileArray
                0xa0001190                recordSearchName
                0xa0001394                defaultArray
                0xa00013a0                gFileTemp
                0xa00013e4                recordFoundName
                0xa00015e8                tempDirectoryString
 *fill*         0xa00017f2        0x2 
 COMMON         0xa00017f4       0x21 build/debug/production/_ext/2096855388/SClib.o
                0xa00017f4                scCardATR
 *fill*         0xa0001815      0x1eb 
 COMMON         0xa0001a00      0x2db build/debug/production/_ext/870548313/usb_device.o
                0xa0001a00                pBDTEntryOut
                0xa0001a10                pBDTEntryIn
                0xa0001c00                BDT
                0xa0001c80                inPipes
                0xa0001c90                CtrlTrfData
                0xa0001cd0                outPipes
 *fill*         0xa0001cdb        0x1 
 COMMON         0xa0001cdc       0x80 build/debug/production/_ext/1379786196/usb_function_cdc.o
                0xa0001cdc                cdc_data_rx
                0xa0001d1c                cdc_data_tx
 COMMON         0xa0001d5c     0x4d00 build/debug/production/src/main.o
                0xa0001d5c                TmpBits
                0xa000255c                DataBuff
                0xa000455c                Comms_Out_Buffer
                0xa00045dc                TmpBuff
                0xa00055dc                RWD_Command_Buff
                0xa00056dc                Comms_In_Buffer
                0xa000575c                RFIDlerConfig
                0xa0005854                RFIDlerVTag
 *fill*         0xa0006a5c        0x4 
 COMMON         0xa0006a60       0x10 build/debug/production/src/hitag.o
                0xa0006a60                Hitag_Crypto_State
 COMMON         0xa0006a70       0xff build/debug/production/src/iso7816.o
                0xa0006a70                apduData
                0xa0006b70                . = ALIGN ((. != 0x0)?0x4:0x1)
 *fill*         0xa0006b6f        0x1 
                0xa0006b70                . = ALIGN (0x4)
                0xa0006b70                _end = .
                0xa0006b70                _bss_end = .
                0x00007f00                _bmxdudba_address = 0x7f00
                0x00007f00                _bmxdupba_address = 0x7f00

/DISCARD/
 *(.pdr)
 *(.rel.dyn)
 *(.note.GNU-stack)
 *(.note.GNU-stack)
 *(.gnu_debuglink)
 *(.gnu.lto_*)
 *(.discard)

.gptab.sdata
 *(.gptab.data)
 *(.gptab.sdata)

.gptab.sbss
 *(.gptab.bss)
 *(.gptab.sbss)

.mdebug.abi32   0xa0006b70        0x0
 *(.mdebug.abi32)
 .mdebug.abi32  0xa0006b70        0x0 build/debug/production/_ext/71113213/SD-SPI.o
 .mdebug.abi32  0xa0006b70        0x0 build/debug/production/_ext/71113213/FSIO.o
 .mdebug.abi32  0xa0006b70        0x0 build/debug/production/_ext/2096855388/SClib.o
 .mdebug.abi32  0xa0006b70        0x0 build/debug/production/_ext/2096855388/SCpic32.o
 .mdebug.abi32  0xa0006b70        0x0 build/debug/production/_ext/870548313/usb_device.o
 .mdebug.abi32  0xa0006b70        0x0 build/debug/production/_ext/1379786196/usb_function_cdc.o
 .mdebug.abi32  0xa0006b70        0x0 build/debug/production/src/indala.o
 .mdebug.abi32  0xa0006b70        0x0 build/debug/production/src/main.o
 .mdebug.abi32  0xa0006b70        0x0 build/debug/production/src/psk.o
 .mdebug.abi32  0xa0006b70        0x0 build/debug/production/src/usb_descriptors.o
 .mdebug.abi32  0xa0006b70        0x0 build/debug/production/src/util.o
 .mdebug.abi32  0xa0006b70        0x0 build/debug/production/src/emulate.o
 .mdebug.abi32  0xa0006b70        0x0 build/debug/production/src/ask.o
 .mdebug.abi32  0xa0006b70        0x0 build/debug/production/src/fsk.o
 .mdebug.abi32  0xa0006b70        0x0 build/debug/production/src/clock.o
 .mdebug.abi32  0xa0006b70        0x0 build/debug/production/src/rwd.o
 .mdebug.abi32  0xa0006b70        0x0 build/debug/production/src/detect.o
 .mdebug.abi32  0xa0006b70        0x0 build/debug/production/src/hitagcrypto.o
 .mdebug.abi32  0xa0006b70        0x0 build/debug/production/src/wiegand.o
 .mdebug.abi32  0xa0006b70        0x0 build/debug/production/src/comms.o
 .mdebug.abi32  0xa0006b70        0x0 build/debug/production/src/nvm.o
 .mdebug.abi32  0xa0006b70        0x0 build/debug/production/src/mcp414x.o
 .mdebug.abi32  0xa0006b70        0x0 build/debug/production/src/spi.o
 .mdebug.abi32  0xa0006b70        0x0 build/debug/production/src/uart3.o
 .mdebug.abi32  0xa0006b70        0x0 build/debug/production/src/tags.o
 .mdebug.abi32  0xa0006b70        0x0 build/debug/production/src/unique.o
 .mdebug.abi32  0xa0006b70        0x0 build/debug/production/src/led.o
 .mdebug.abi32  0xa0006b70        0x0 build/debug/production/src/em.o
 .mdebug.abi32  0xa0006b70        0x0 build/debug/production/src/hid.o
 .mdebug.abi32  0xa0006b70        0x0 build/debug/production/src/read.o
 .mdebug.abi32  0xa0006b70        0x0 build/debug/production/src/isr.o
 .mdebug.abi32  0xa0006b70        0x0 build/debug/production/src/auto.o
 .mdebug.abi32  0xa0006b70        0x0 build/debug/production/src/fdxb.o
 .mdebug.abi32  0xa0006b70        0x0 build/debug/production/src/hitag.o
 .mdebug.abi32  0xa0006b70        0x0 build/debug/production/src/uid.o
 .mdebug.abi32  0xa0006b70        0x0 build/debug/production/src/login.o
 .mdebug.abi32  0xa0006b70        0x0 build/debug/production/src/write.o
 .mdebug.abi32  0xa0006b70        0x0 build/debug/production/src/auth.o
 .mdebug.abi32  0xa0006b70        0x0 build/debug/production/src/q5.o
 .mdebug.abi32  0xa0006b70        0x0 build/debug/production/src/vtag.o
 .mdebug.abi32  0xa0006b70        0x0 build/debug/production/src/config.o
 .mdebug.abi32  0xa0006b70        0x0 build/debug/production/src/select.o
 .mdebug.abi32  0xa0006b70        0x0 build/debug/production/src/sdcard.o
 .mdebug.abi32  0xa0006b70        0x0 build/debug/production/src/debug_pins.o
 .mdebug.abi32  0xa0006b70        0x0 build/debug/production/src/awid.o
 .mdebug.abi32  0xa0006b70        0x0 build/debug/production/src/analogue.o
 .mdebug.abi32  0xa0006b70        0x0 build/debug/production/src/iso7816.o
 .mdebug.abi32  0xa0006b70        0x0 /opt/microchip/xc32/v1.32/pic32mx/lib/libmchp_peripheral_32MX795F512L.a(soft_reset_lib.o)
 .mdebug.abi32  0xa0006b70        0x0 /opt/microchip/xc32/v1.32/pic32mx/lib/libmchp_peripheral_32MX795F512L.a(pcache.o)
 .mdebug.abi32  0xa0006b70        0x0 /opt/microchip/xc32/v1.32/pic32mx/lib/libmchp_peripheral_32MX795F512L.a(int_configure_system_lib.o)
 .mdebug.abi32  0xa0006b70        0x0 /opt/microchip/xc32/v1.32/pic32mx/lib/libmchp_peripheral_32MX795F512L.a(int_enable_interrupts_lib.o)
 .mdebug.abi32  0xa0006b70        0x0 /opt/microchip/xc32/v1.32/pic32mx/lib/libmchp_peripheral_32MX795F512L.a(int_disable_interrupts_lib.o)
 .mdebug.abi32  0xa0006b70        0x0 /opt/microchip/xc32/v1.32/pic32mx/lib/libmchp_peripheral_32MX795F512L.a(int_restore_interrupts_lib.o)
 .mdebug.abi32  0xa0006b70        0x0 /opt/microchip/xc32/v1.32/pic32mx/lib/libmchp_peripheral_32MX795F512L.a(int_enable_mv_int_lib.o)
 .mdebug.abi32  0xa0006b70        0x0 /opt/microchip/xc32/v1.32/pic32mx/lib/libmchp_peripheral_32MX795F512L.a(int_tbl_lib.o)
 .mdebug.abi32  0xa0006b70        0x0 /opt/microchip/xc32/v1.32/pic32mx/lib/libmchp_peripheral_32MX795F512L.a(spi_chn_close_lib.o)
 .mdebug.abi32  0xa0006b70        0x0 /opt/microchip/xc32/v1.32/pic32mx/lib/libmchp_peripheral_32MX795F512L.a(spi_chn_open_lib.o)
 .mdebug.abi32  0xa0006b70        0x0 /opt/microchip/xc32/v1.32/pic32mx/lib/libmchp_peripheral_32MX795F512L.a(spi_io_tbl_libp.o)
 .mdebug.abi32  0xa0006b70        0x0 /opt/microchip/xc32/v1.32/pic32mx/lib/libmchp_peripheral_32MX795F512L.a(spi_map_tbl_libp.o)
 .mdebug.abi32  0xa0006b70        0x0 /opt/microchip/xc32/v1.32/pic32mx/lib/libmchp_peripheral_32MX795F512L.a(spi_getc_spi1_lib_legacy.o)
 .mdebug.abi32  0xa0006b70        0x0 /opt/microchip/xc32/v1.32/pic32mx/lib/libmchp_peripheral_32MX795F512L.a(spi_open_spi1_lib_legacy.o)
 .mdebug.abi32  0xa0006b70        0x0 /opt/microchip/xc32/v1.32/pic32mx/lib/libmchp_peripheral_32MX795F512L.a(spi_brg_tbl_lib_legacy.o)
 .mdebug.abi32  0xa0006b70        0x0 /opt/microchip/xc32/v1.32/pic32mx/lib/libmchp_peripheral_32MX795F512L.a(nvm_erase_page_lib.o)
 .mdebug.abi32  0xa0006b70        0x0 /opt/microchip/xc32/v1.32/pic32mx/lib/libmchp_peripheral_32MX795F512L.a(nvm_operation_lib.o)
 .mdebug.abi32  0xa0006b70        0x0 /opt/microchip/xc32/v1.32/pic32mx/lib/libmchp_peripheral_32MX795F512L.a(nvm_program_lib.o)
 .mdebug.abi32  0xa0006b70        0x0 /opt/microchip/xc32/v1.32/pic32mx/lib/libmchp_peripheral_32MX795F512L.a(nvm_write_row_lib.o)
 .mdebug.abi32  0xa0006b70        0x0 /opt/microchip/xc32/v1.32/pic32mx/lib/libmchp_peripheral_32MX795F512L.a(port_reset_pins_lib.o)
 .mdebug.abi32  0xa0006b70        0x0 /opt/microchip/xc32/v1.32/pic32mx/lib/libmchp_peripheral_32MX795F512L.a(port_set_pins_digital_in_lib.o)
 .mdebug.abi32  0xa0006b70        0x0 /opt/microchip/xc32/v1.32/pic32mx/lib/libmchp_peripheral_32MX795F512L.a(port_set_pins_digital_out_lib.o)
 .mdebug.abi32  0xa0006b70        0x0 /opt/microchip/xc32/v1.32/pic32mx/lib/libmchp_peripheral_32MX795F512L.a(_ports_tbl_libp.o)
 .mdebug.abi32  0xa0006b70        0x0 /opt/microchip/xc32/v1.32/bin/bin/../../lib/gcc/pic32mx/4.5.2/libgcc.a(_udivdi3.o)
 .mdebug.abi32  0xa0006b70        0x0 /opt/microchip/xc32/v1.32/bin/bin/../../lib/gcc/pic32mx/4.5.2/../../../../pic32mx/lib/libpic32.a(default-bootstrap-exception-handler.o)
 .mdebug.abi32  0xa0006b70        0x0 /opt/microchip/xc32/v1.32/bin/bin/../../lib/gcc/pic32mx/4.5.2/../../../../pic32mx/lib/libpic32.a(default-on-reset.o)
 .mdebug.abi32  0xa0006b70        0x0 /opt/microchip/xc32/v1.32/bin/bin/../../lib/gcc/pic32mx/4.5.2/../../../../pic32mx/lib/libpic32.a(default-on-bootstrap.o)
 .mdebug.abi32  0xa0006b70        0x0 /opt/microchip/xc32/v1.32/bin/bin/../../lib/gcc/pic32mx/4.5.2/../../../../pic32mx/lib/libpic32.a(default-general-exception-handler.o)
 .mdebug.abi32  0xa0006b70        0x0 /opt/microchip/xc32/v1.32/bin/bin/../../lib/gcc/pic32mx/4.5.2/../../../../pic32mx/lib/libpic32.a(defaultinterrupt.o)
 .mdebug.abi32  0xa0006b70        0x0 /opt/microchip/xc32/v1.32/bin/bin/../../lib/gcc/pic32mx/4.5.2/../../../../pic32mx/lib/libc.a(ctypef.o)
 .mdebug.abi32  0xa0006b70        0x0 /opt/microchip/xc32/v1.32/bin/bin/../../lib/gcc/pic32mx/4.5.2/../../../../pic32mx/lib/libc.a(rand.o)
 .mdebug.abi32  0xa0006b70        0x0 /opt/microchip/xc32/v1.32/bin/bin/../../lib/gcc/pic32mx/4.5.2/../../../../pic32mx/lib/libc.a(strncmp.o)
 .mdebug.abi32  0xa0006b70        0x0 /opt/microchip/xc32/v1.32/bin/bin/../../lib/gcc/pic32mx/4.5.2/../../../../pic32mx/lib/libc.a(strncpy.o)
 .mdebug.abi32  0xa0006b70        0x0 /opt/microchip/xc32/v1.32/bin/bin/../../lib/gcc/pic32mx/4.5.2/../../../../pic32mx/lib/libc.a(sprintf_cdnopuxX.eo)
 .mdebug.abi32  0xa0006b70        0x0 /opt/microchip/xc32/v1.32/bin/bin/../../lib/gcc/pic32mx/4.5.2/../../../../pic32mx/lib/libc.a(sprintf.o)
 .mdebug.abi32  0xa0006b70        0x0 /opt/microchip/xc32/v1.32/bin/bin/../../lib/gcc/pic32mx/4.5.2/../../../../pic32mx/lib/libc.a(sscanf_cdfFnopsuxX.eo)
 .mdebug.abi32  0xa0006b70        0x0 /opt/microchip/xc32/v1.32/bin/bin/../../lib/gcc/pic32mx/4.5.2/../../../../pic32mx/lib/libc.a(ctype.o)
 .mdebug.abi32  0xa0006b70        0x0 /opt/microchip/xc32/v1.32/bin/bin/../../lib/gcc/pic32mx/4.5.2/../../../../pic32mx/lib/libc.a(doprnt_cdnopuxX.eo)
 .mdebug.abi32  0xa0006b70        0x0 /opt/microchip/xc32/v1.32/bin/bin/../../lib/gcc/pic32mx/4.5.2/../../../../pic32mx/lib/libc.a(doprnt.o)
 .mdebug.abi32  0xa0006b70        0x0 /opt/microchip/xc32/v1.32/bin/bin/../../lib/gcc/pic32mx/4.5.2/../../../../pic32mx/lib/libc.a(doscan_cdfFnopsuxX.eo)
 .mdebug.abi32  0xa0006b70        0x0 /opt/microchip/xc32/v1.32/bin/bin/../../lib/gcc/pic32mx/4.5.2/../../../../pic32mx/lib/libc.a(doscan_cdnopuxX.eo)
 .mdebug.abi32  0xa0006b70        0x0 /opt/microchip/xc32/v1.32/bin/bin/../../lib/gcc/pic32mx/4.5.2/../../../../pic32mx/lib/libc.a(fgetc.o)
 .mdebug.abi32  0xa0006b70        0x0 /opt/microchip/xc32/v1.32/bin/bin/../../lib/gcc/pic32mx/4.5.2/../../../../pic32mx/lib/libc.a(_fputc_simple.o)
 .mdebug.abi32  0xa0006b70        0x0 /opt/microchip/xc32/v1.32/bin/bin/../../lib/gcc/pic32mx/4.5.2/../../../../pic32mx/lib/libc.a(atoi.o)
 .mdebug.abi32  0xa0006b70        0x0 /opt/microchip/xc32/v1.32/bin/bin/../../lib/gcc/pic32mx/4.5.2/../../../../pic32mx/lib/libc.a(powersf.o)
 .mdebug.abi32  0xa0006b70        0x0 /opt/microchip/xc32/v1.32/bin/bin/../../lib/gcc/pic32mx/4.5.2/../../../../pic32mx/lib/libc.a(strtod.o)
 .mdebug.abi32  0xa0006b70        0x0 /opt/microchip/xc32/v1.32/bin/bin/../../lib/gcc/pic32mx/4.5.2/../../../../pic32mx/lib/libc.a(strtof.o)
 .mdebug.abi32  0xa0006b70        0x0 /opt/microchip/xc32/v1.32/bin/bin/../../lib/gcc/pic32mx/4.5.2/../../../../pic32mx/lib/libc.a(ungetc.o)
 .mdebug.abi32  0xa0006b70        0x0 /opt/microchip/xc32/v1.32/bin/bin/../../lib/gcc/pic32mx/4.5.2/../../../../pic32mx/lib/libc.a(_iob.o)
 .mdebug.abi32  0xa0006b70        0x0 /opt/microchip/xc32/v1.32/bin/bin/../../lib/gcc/pic32mx/4.5.2/../../../../pic32mx/lib/libc.a(filbuf.o)
 .mdebug.abi32  0xa0006b70        0x0 /opt/microchip/xc32/v1.32/bin/bin/../../lib/gcc/pic32mx/4.5.2/../../../../pic32mx/lib/libc.a(_flsbuf_simple.o)
 .mdebug.abi32  0xa0006b70        0x0 /opt/microchip/xc32/v1.32/bin/bin/../../lib/gcc/pic32mx/4.5.2/../../../../pic32mx/lib/libc.a(fflush.o)
 .mdebug.abi32  0xa0006b70        0x0 /opt/microchip/xc32/v1.32/bin/bin/../../lib/gcc/pic32mx/4.5.2/../../../../pic32mx/lib/libpic32.a(read.o)
 .mdebug.abi32  0xa0006b70        0x0 /opt/microchip/xc32/v1.32/bin/bin/../../lib/gcc/pic32mx/4.5.2/../../../../pic32mx/lib/libpic32.a(write.o)
 .mdebug.abi32  0xa0006b70        0x0 /opt/microchip/xc32/v1.32/bin/bin/../../lib/gcc/pic32mx/4.5.2/../../../../pic32mx/lib/libpic32.a(xc32_uart.o)
 .mdebug.abi32  0xa0006b70        0x0 /opt/microchip/xc32/v1.32/bin/bin/../../lib/gcc/pic32mx/4.5.2/../../../../pic32mx/lib/libpic32.a(_mon_putc.o)
 .mdebug.abi32  0xa0006b70        0x0 /opt/microchip/xc32/v1.32/bin/bin/../../lib/gcc/pic32mx/4.5.2/../../../../pic32mx/lib/libm.a(__strtod.o)
 .mdebug.abi32  0xa0006b70        0x0 /opt/microchip/xc32/v1.32/bin/bin/../../lib/gcc/pic32mx/4.5.2/../../../../pic32mx/lib/libm.a(__strtof.o)
 .mdebug.abi32  0xa0006b70        0x0 /opt/microchip/xc32/v1.32/bin/bin/../../lib/gcc/pic32mx/4.5.2/../../../../pic32mx/lib/libe.a(_floatdisf.o)
 .mdebug.abi32  0xa0006b70        0x0 /opt/microchip/xc32/v1.32/bin/bin/../../lib/gcc/pic32mx/4.5.2/../../../../pic32mx/lib/libe.a(_ldexp.o)
 .mdebug.abi32  0xa0006b70        0x0 /opt/microchip/xc32/v1.32/bin/bin/../../lib/gcc/pic32mx/4.5.2/../../../../pic32mx/lib/libe.a(_ldexpf.o)
 .mdebug.abi32  0xa0006b70        0x0 /opt/microchip/xc32/v1.32/bin/bin/../../lib/gcc/pic32mx/4.5.2/libgcc.a(_lshrdi3.o)
 .mdebug.abi32  0xa0006b70        0x0 /opt/microchip/xc32/v1.32/bin/bin/../../lib/gcc/pic32mx/4.5.2/libgcc.a(_ashldi3.o)
 .mdebug.abi32  0xa0006b70        0x0 /opt/microchip/xc32/v1.32/bin/bin/../../lib/gcc/pic32mx/4.5.2/libgcc.a(_floatundisf.o)
 .mdebug.abi32  0xa0006b70        0x0 /opt/microchip/xc32/v1.32/bin/bin/../../lib/gcc/pic32mx/4.5.2/libgcc.a(_umoddi3.o)
 .mdebug.abi32  0xa0006b70        0x0 /opt/microchip/xc32/v1.32/bin/bin/../../lib/gcc/pic32mx/4.5.2/libgcc.a(floatunsisf.o)
 .mdebug.abi32  0xa0006b70        0x0 /opt/microchip/xc32/v1.32/bin/bin/../../lib/gcc/pic32mx/4.5.2/../../../../pic32mx/lib/libc.a(errno.o)

.mdebug.abiN32
 *(.mdebug.abiN32)

.mdebug.abi64
 *(.mdebug.abi64)

.mdebug.abiO64
 *(.mdebug.abiO64)

.mdebug.eabi32
 *(.mdebug.eabi32)

.mdebug.eabi64
 *(.mdebug.eabi64)

.gcc_compiled_long32
 *(.gcc_compiled_long32)

.gcc_compiled_long64
 *(.gcc_compiled_long64)

.stab
 *(.stab)

.stabstr
 *(.stabstr)

.stab.excl
 *(.stab.excl)

.stab.exclstr
 *(.stab.exclstr)

.stab.index
 *(.stab.index)

.stab.indexstr
 *(.stab.indexstr)

.comment        0x00000000      0x3a8
 *(.comment)
 .comment       0x00000000       0x3c build/debug/production/_ext/71113213/SD-SPI.o
                                 0x3d (size before relaxing)
 .comment       0x00000000       0x3d build/debug/production/_ext/71113213/FSIO.o
 .comment       0x00000000       0x3d build/debug/production/_ext/2096855388/SClib.o
 .comment       0x00000000       0x3d build/debug/production/_ext/2096855388/SCpic32.o
 .comment       0x00000000       0x3d build/debug/production/_ext/870548313/usb_device.o
 .comment       0x00000000       0x3d build/debug/production/_ext/1379786196/usb_function_cdc.o
 .comment       0x00000000       0x3d build/debug/production/src/indala.o
 .comment       0x00000000       0x3d build/debug/production/src/main.o
 .comment       0x00000000       0x3d build/debug/production/src/psk.o
 .comment       0x00000000       0x3d build/debug/production/src/usb_descriptors.o
 .comment       0x00000000       0x3d build/debug/production/src/util.o
 .comment       0x00000000       0x3d build/debug/production/src/emulate.o
 .comment       0x00000000       0x3d build/debug/production/src/ask.o
 .comment       0x00000000       0x3d build/debug/production/src/fsk.o
 .comment       0x00000000       0x3d build/debug/production/src/clock.o
 .comment       0x00000000       0x3d build/debug/production/src/rwd.o
 .comment       0x00000000       0x3d build/debug/production/src/detect.o
 .comment       0x00000000       0x3d build/debug/production/src/hitagcrypto.o
 .comment       0x00000000       0x3d build/debug/production/src/wiegand.o
 .comment       0x00000000       0x3d build/debug/production/src/comms.o
 .comment       0x00000000       0x3d build/debug/production/src/nvm.o
 .comment       0x00000000       0x3d build/debug/production/src/mcp414x.o
 .comment       0x00000000       0x3d build/debug/production/src/spi.o
 .comment       0x00000000       0x3d build/debug/production/src/uart3.o
 .comment       0x00000000       0x3d build/debug/production/src/tags.o
 .comment       0x00000000       0x3d build/debug/production/src/unique.o
 .comment       0x00000000       0x3d build/debug/production/src/led.o
 .comment       0x00000000       0x3d build/debug/production/src/em.o
 .comment       0x00000000       0x3d build/debug/production/src/hid.o
 .comment       0x00000000       0x3d build/debug/production/src/read.o
 .comment       0x00000000       0x3d build/debug/production/src/isr.o
 .comment       0x00000000       0x3d build/debug/production/src/auto.o
 .comment       0x00000000       0x3d build/debug/production/src/fdxb.o
 .comment       0x00000000       0x3d build/debug/production/src/hitag.o
 .comment       0x00000000       0x3d build/debug/production/src/uid.o
 .comment       0x00000000       0x3d build/debug/production/src/login.o
 .comment       0x00000000       0x3d build/debug/production/src/write.o
 .comment       0x00000000       0x3d build/debug/production/src/auth.o
 .comment       0x00000000       0x3d build/debug/production/src/q5.o
 .comment       0x00000000       0x3d build/debug/production/src/vtag.o
 .comment       0x00000000       0x3d build/debug/production/src/config.o
 .comment       0x00000000       0x3d build/debug/production/src/select.o
 .comment       0x00000000       0x3d build/debug/production/src/sdcard.o
 .comment       0x00000000       0x3d build/debug/production/src/debug_pins.o
 .comment       0x00000000       0x3d build/debug/production/src/awid.o
 .comment       0x00000000       0x3d build/debug/production/src/analogue.o
 .comment       0x00000000       0x3d build/debug/production/src/iso7816.o
 .comment       0x0000003c       0x3c /opt/microchip/xc32/v1.32/pic32mx/lib/libmchp_peripheral_32MX795F512L.a(soft_reset_lib.o)
                                 0x3d (size before relaxing)
 .comment       0x00000000       0x3d /opt/microchip/xc32/v1.32/pic32mx/lib/libmchp_peripheral_32MX795F512L.a(pcache.o)
 .comment       0x00000000       0x3d /opt/microchip/xc32/v1.32/pic32mx/lib/libmchp_peripheral_32MX795F512L.a(int_configure_system_lib.o)
 .comment       0x00000000       0x3d /opt/microchip/xc32/v1.32/pic32mx/lib/libmchp_peripheral_32MX795F512L.a(int_enable_interrupts_lib.o)
 .comment       0x00000000       0x3d /opt/microchip/xc32/v1.32/pic32mx/lib/libmchp_peripheral_32MX795F512L.a(int_disable_interrupts_lib.o)
 .comment       0x00000000       0x3d /opt/microchip/xc32/v1.32/pic32mx/lib/libmchp_peripheral_32MX795F512L.a(int_restore_interrupts_lib.o)
 .comment       0x00000000       0x3d /opt/microchip/xc32/v1.32/pic32mx/lib/libmchp_peripheral_32MX795F512L.a(int_enable_mv_int_lib.o)
 .comment       0x00000000       0x3d /opt/microchip/xc32/v1.32/pic32mx/lib/libmchp_peripheral_32MX795F512L.a(int_tbl_lib.o)
 .comment       0x00000000       0x3d /opt/microchip/xc32/v1.32/pic32mx/lib/libmchp_peripheral_32MX795F512L.a(spi_chn_close_lib.o)
 .comment       0x00000000       0x3d /opt/microchip/xc32/v1.32/pic32mx/lib/libmchp_peripheral_32MX795F512L.a(spi_chn_open_lib.o)
 .comment       0x00000000       0x3d /opt/microchip/xc32/v1.32/pic32mx/lib/libmchp_peripheral_32MX795F512L.a(spi_io_tbl_libp.o)
 .comment       0x00000000       0x3d /opt/microchip/xc32/v1.32/pic32mx/lib/libmchp_peripheral_32MX795F512L.a(spi_map_tbl_libp.o)
 .comment       0x00000000       0x3d /opt/microchip/xc32/v1.32/pic32mx/lib/libmchp_peripheral_32MX795F512L.a(spi_getc_spi1_lib_legacy.o)
 .comment       0x00000000       0x3d /opt/microchip/xc32/v1.32/pic32mx/lib/libmchp_peripheral_32MX795F512L.a(spi_open_spi1_lib_legacy.o)
 .comment       0x00000000       0x3d /opt/microchip/xc32/v1.32/pic32mx/lib/libmchp_peripheral_32MX795F512L.a(spi_brg_tbl_lib_legacy.o)
 .comment       0x00000000       0x3d /opt/microchip/xc32/v1.32/pic32mx/lib/libmchp_peripheral_32MX795F512L.a(nvm_erase_page_lib.o)
 .comment       0x00000000       0x3d /opt/microchip/xc32/v1.32/pic32mx/lib/libmchp_peripheral_32MX795F512L.a(nvm_operation_lib.o)
 .comment       0x00000000       0x3d /opt/microchip/xc32/v1.32/pic32mx/lib/libmchp_peripheral_32MX795F512L.a(nvm_program_lib.o)
 .comment       0x00000000       0x3d /opt/microchip/xc32/v1.32/pic32mx/lib/libmchp_peripheral_32MX795F512L.a(nvm_write_row_lib.o)
 .comment       0x00000000       0x3d /opt/microchip/xc32/v1.32/pic32mx/lib/libmchp_peripheral_32MX795F512L.a(port_reset_pins_lib.o)
 .comment       0x00000000       0x3d /opt/microchip/xc32/v1.32/pic32mx/lib/libmchp_peripheral_32MX795F512L.a(port_set_pins_digital_in_lib.o)
 .comment       0x00000000       0x3d /opt/microchip/xc32/v1.32/pic32mx/lib/libmchp_peripheral_32MX795F512L.a(port_set_pins_digital_out_lib.o)
 .comment       0x00000000       0x3d /opt/microchip/xc32/v1.32/pic32mx/lib/libmchp_peripheral_32MX795F512L.a(_ports_tbl_libp.o)
 .comment       0x00000000       0x3d /opt/microchip/xc32/v1.32/bin/bin/../../lib/gcc/pic32mx/4.5.2/libgcc.a(_udivdi3.o)
 .comment       0x00000078       0x18 /opt/microchip/xc32/v1.32/bin/bin/../../lib/gcc/pic32mx/4.5.2/../../../../pic32mx/lib/libpic32.a(memcmp.o)
                                 0x19 (size before relaxing)
 .comment       0x00000090       0x18 /opt/microchip/xc32/v1.32/bin/bin/../../lib/gcc/pic32mx/4.5.2/../../../../pic32mx/lib/libpic32.a(memset.o)
                                 0x19 (size before relaxing)
 .comment       0x000000a8       0x55 /opt/microchip/xc32/v1.32/bin/bin/../../lib/gcc/pic32mx/4.5.2/../../../../pic32mx/lib/libpic32.a(strcmp.o)
                                 0x56 (size before relaxing)
 .comment       0x000000fd       0x19 /opt/microchip/xc32/v1.32/bin/bin/../../lib/gcc/pic32mx/4.5.2/../../../../pic32mx/lib/libpic32.a(strcpy.o)
                                 0x1a (size before relaxing)
 .comment       0x00000116       0x19 /opt/microchip/xc32/v1.32/bin/bin/../../lib/gcc/pic32mx/4.5.2/../../../../pic32mx/lib/libpic32.a(strlen.o)
                                 0x1a (size before relaxing)
 .comment       0x00000000       0x3d /opt/microchip/xc32/v1.32/bin/bin/../../lib/gcc/pic32mx/4.5.2/../../../../pic32mx/lib/libpic32.a(default-bootstrap-exception-handler.o)
 .comment       0x00000000       0x3d /opt/microchip/xc32/v1.32/bin/bin/../../lib/gcc/pic32mx/4.5.2/../../../../pic32mx/lib/libpic32.a(default-on-reset.o)
 .comment       0x00000000       0x3d /opt/microchip/xc32/v1.32/bin/bin/../../lib/gcc/pic32mx/4.5.2/../../../../pic32mx/lib/libpic32.a(default-on-bootstrap.o)
 .comment       0x00000000       0x3d /opt/microchip/xc32/v1.32/bin/bin/../../lib/gcc/pic32mx/4.5.2/../../../../pic32mx/lib/libpic32.a(default-general-exception-handler.o)
 .comment       0x00000000       0x3d /opt/microchip/xc32/v1.32/bin/bin/../../lib/gcc/pic32mx/4.5.2/../../../../pic32mx/lib/libpic32.a(defaultinterrupt.o)
 .comment       0x0000012f       0x4f /opt/microchip/xc32/v1.32/bin/bin/../../lib/gcc/pic32mx/4.5.2/../../../../pic32mx/lib/libc.a(ctypef.o)
                                 0x8c (size before relaxing)
 .comment       0x00000000       0x3d /opt/microchip/xc32/v1.32/bin/bin/../../lib/gcc/pic32mx/4.5.2/../../../../pic32mx/lib/libc.a(rand.o)
 .comment       0x00000000       0x3d /opt/microchip/xc32/v1.32/bin/bin/../../lib/gcc/pic32mx/4.5.2/../../../../pic32mx/lib/libc.a(strncmp.o)
 .comment       0x00000000       0x3d /opt/microchip/xc32/v1.32/bin/bin/../../lib/gcc/pic32mx/4.5.2/../../../../pic32mx/lib/libc.a(strncpy.o)
 .comment       0x00000000       0x3d /opt/microchip/xc32/v1.32/bin/bin/../../lib/gcc/pic32mx/4.5.2/../../../../pic32mx/lib/libc.a(sprintf_cdnopuxX.eo)
 .comment       0x00000000       0x3d /opt/microchip/xc32/v1.32/bin/bin/../../lib/gcc/pic32mx/4.5.2/../../../../pic32mx/lib/libc.a(sprintf.o)
 .comment       0x00000000       0x3d /opt/microchip/xc32/v1.32/bin/bin/../../lib/gcc/pic32mx/4.5.2/../../../../pic32mx/lib/libc.a(sscanf_cdfFnopsuxX.eo)
 .comment       0x0000017e       0x4e /opt/microchip/xc32/v1.32/bin/bin/../../lib/gcc/pic32mx/4.5.2/../../../../pic32mx/lib/libc.a(ctype.o)
                                 0x8b (size before relaxing)
 .comment       0x00000000       0x3d /opt/microchip/xc32/v1.32/bin/bin/../../lib/gcc/pic32mx/4.5.2/../../../../pic32mx/lib/libc.a(doprnt_cdnopuxX.eo)
 .comment       0x00000000       0x3d /opt/microchip/xc32/v1.32/bin/bin/../../lib/gcc/pic32mx/4.5.2/../../../../pic32mx/lib/libc.a(doprnt.o)
 .comment       0x00000000       0x3d /opt/microchip/xc32/v1.32/bin/bin/../../lib/gcc/pic32mx/4.5.2/../../../../pic32mx/lib/libc.a(doscan_cdfFnopsuxX.eo)
 .comment       0x00000000       0x3d /opt/microchip/xc32/v1.32/bin/bin/../../lib/gcc/pic32mx/4.5.2/../../../../pic32mx/lib/libc.a(doscan_cdnopuxX.eo)
 .comment       0x00000000       0x3d /opt/microchip/xc32/v1.32/bin/bin/../../lib/gcc/pic32mx/4.5.2/../../../../pic32mx/lib/libc.a(fgetc.o)
 .comment       0x00000000       0x3d /opt/microchip/xc32/v1.32/bin/bin/../../lib/gcc/pic32mx/4.5.2/../../../../pic32mx/lib/libc.a(_fputc_simple.o)
 .comment       0x00000000       0x3d /opt/microchip/xc32/v1.32/bin/bin/../../lib/gcc/pic32mx/4.5.2/../../../../pic32mx/lib/libc.a(atoi.o)
 .comment       0x00000000       0x3d /opt/microchip/xc32/v1.32/bin/bin/../../lib/gcc/pic32mx/4.5.2/../../../../pic32mx/lib/libc.a(powersf.o)
 .comment       0x00000000       0x3d /opt/microchip/xc32/v1.32/bin/bin/../../lib/gcc/pic32mx/4.5.2/../../../../pic32mx/lib/libc.a(strtod.o)
 .comment       0x00000000       0x3d /opt/microchip/xc32/v1.32/bin/bin/../../lib/gcc/pic32mx/4.5.2/../../../../pic32mx/lib/libc.a(strtof.o)
 .comment       0x00000000       0x3d /opt/microchip/xc32/v1.32/bin/bin/../../lib/gcc/pic32mx/4.5.2/../../../../pic32mx/lib/libc.a(ungetc.o)
 .comment       0x00000000       0x3d /opt/microchip/xc32/v1.32/bin/bin/../../lib/gcc/pic32mx/4.5.2/../../../../pic32mx/lib/libc.a(_iob.o)
 .comment       0x00000000       0x3d /opt/microchip/xc32/v1.32/bin/bin/../../lib/gcc/pic32mx/4.5.2/../../../../pic32mx/lib/libc.a(filbuf.o)
 .comment       0x00000000       0x3d /opt/microchip/xc32/v1.32/bin/bin/../../lib/gcc/pic32mx/4.5.2/../../../../pic32mx/lib/libc.a(_flsbuf_simple.o)
 .comment       0x00000000       0x3d /opt/microchip/xc32/v1.32/bin/bin/../../lib/gcc/pic32mx/4.5.2/../../../../pic32mx/lib/libc.a(fflush.o)
 .comment       0x00000000       0x3d /opt/microchip/xc32/v1.32/bin/bin/../../lib/gcc/pic32mx/4.5.2/../../../../pic32mx/lib/libpic32.a(read.o)
 .comment       0x00000000       0x3d /opt/microchip/xc32/v1.32/bin/bin/../../lib/gcc/pic32mx/4.5.2/../../../../pic32mx/lib/libpic32.a(write.o)
 .comment       0x00000000       0x3d /opt/microchip/xc32/v1.32/bin/bin/../../lib/gcc/pic32mx/4.5.2/../../../../pic32mx/lib/libpic32.a(xc32_uart.o)
 .comment       0x00000000       0x3d /opt/microchip/xc32/v1.32/bin/bin/../../lib/gcc/pic32mx/4.5.2/../../../../pic32mx/lib/libpic32.a(_mon_putc.o)
 .comment       0x000001cc       0x9d /opt/microchip/xc32/v1.32/bin/bin/../../lib/gcc/pic32mx/4.5.2/../../../../pic32mx/lib/libm.a(__strtod.o)
                                 0xda (size before relaxing)
 .comment       0x00000269       0x4f /opt/microchip/xc32/v1.32/bin/bin/../../lib/gcc/pic32mx/4.5.2/../../../../pic32mx/lib/libm.a(__strtof.o)
                                 0xda (size before relaxing)
 .comment       0x000002b8       0x50 /opt/microchip/xc32/v1.32/bin/bin/../../lib/gcc/pic32mx/4.5.2/../../../../pic32mx/lib/libe.a(_floatdisf.o)
                                 0xdb (size before relaxing)
 .comment       0x00000308       0x50 /opt/microchip/xc32/v1.32/bin/bin/../../lib/gcc/pic32mx/4.5.2/../../../../pic32mx/lib/libe.a(_ldexp.o)
                                 0xdb (size before relaxing)
 .comment       0x00000358       0x50 /opt/microchip/xc32/v1.32/bin/bin/../../lib/gcc/pic32mx/4.5.2/../../../../pic32mx/lib/libe.a(_ldexpf.o)
                                 0xdb (size before relaxing)
 .comment       0x00000000       0x3d /opt/microchip/xc32/v1.32/bin/bin/../../lib/gcc/pic32mx/4.5.2/libgcc.a(_lshrdi3.o)
 .comment       0x00000000       0x3d /opt/microchip/xc32/v1.32/bin/bin/../../lib/gcc/pic32mx/4.5.2/libgcc.a(_ashldi3.o)
 .comment       0x00000000       0x3d /opt/microchip/xc32/v1.32/bin/bin/../../lib/gcc/pic32mx/4.5.2/libgcc.a(_floatundisf.o)
 .comment       0x00000000       0x3d /opt/microchip/xc32/v1.32/bin/bin/../../lib/gcc/pic32mx/4.5.2/libgcc.a(_umoddi3.o)
 .comment       0x00000000       0x3d /opt/microchip/xc32/v1.32/bin/bin/../../lib/gcc/pic32mx/4.5.2/libgcc.a(floatunsisf.o)
 .comment       0x00000000       0x3d /opt/microchip/xc32/v1.32/bin/bin/../../lib/gcc/pic32mx/4.5.2/../../../../pic32mx/lib/libc.a(errno.o)

.debug
 *(.debug)

.line
 *(.line)

.debug_srcinfo
 *(.debug_srcinfo)

.debug_sfnames
 *(.debug_sfnames)

.debug_aranges  0x00000000      0xe10
 *(.debug_aranges)
 .debug_aranges
                0x00000000       0x20 build/debug/production/_ext/71113213/SD-SPI.o
 .debug_aranges
                0x00000020       0x20 build/debug/production/_ext/71113213/FSIO.o
 .debug_aranges
                0x00000040       0x20 build/debug/production/_ext/2096855388/SClib.o
 .debug_aranges
                0x00000060       0x20 build/debug/production/_ext/2096855388/SCpic32.o
 .debug_aranges
                0x00000080       0x20 build/debug/production/_ext/870548313/usb_device.o
 .debug_aranges
                0x000000a0       0x20 build/debug/production/_ext/1379786196/usb_function_cdc.o
 .debug_aranges
                0x000000c0       0x20 build/debug/production/src/indala.o
 .debug_aranges
                0x000000e0       0x20 build/debug/production/src/main.o
 .debug_aranges
                0x00000100       0x20 build/debug/production/src/psk.o
 .debug_aranges
                0x00000120       0x20 build/debug/production/src/util.o
 .debug_aranges
                0x00000140       0x20 build/debug/production/src/emulate.o
 .debug_aranges
                0x00000160       0x20 build/debug/production/src/ask.o
 .debug_aranges
                0x00000180       0x20 build/debug/production/src/fsk.o
 .debug_aranges
                0x000001a0       0x20 build/debug/production/src/clock.o
 .debug_aranges
                0x000001c0       0x20 build/debug/production/src/rwd.o
 .debug_aranges
                0x000001e0       0x20 build/debug/production/src/detect.o
 .debug_aranges
                0x00000200       0x20 build/debug/production/src/hitagcrypto.o
 .debug_aranges
                0x00000220       0x20 build/debug/production/src/wiegand.o
 .debug_aranges
                0x00000240       0x20 build/debug/production/src/comms.o
 .debug_aranges
                0x00000260       0x20 build/debug/production/src/nvm.o
 .debug_aranges
                0x00000280       0x20 build/debug/production/src/mcp414x.o
 .debug_aranges
                0x000002a0       0x20 build/debug/production/src/spi.o
 .debug_aranges
                0x000002c0       0x20 build/debug/production/src/uart3.o
 .debug_aranges
                0x000002e0       0x20 build/debug/production/src/tags.o
 .debug_aranges
                0x00000300       0x20 build/debug/production/src/unique.o
 .debug_aranges
                0x00000320       0x20 build/debug/production/src/led.o
 .debug_aranges
                0x00000340       0x20 build/debug/production/src/em.o
 .debug_aranges
                0x00000360       0x20 build/debug/production/src/hid.o
 .debug_aranges
                0x00000380       0x20 build/debug/production/src/read.o
 .debug_aranges
                0x000003a0       0x20 build/debug/production/src/isr.o
 .debug_aranges
                0x000003c0       0x20 build/debug/production/src/auto.o
 .debug_aranges
                0x000003e0       0x20 build/debug/production/src/fdxb.o
 .debug_aranges
                0x00000400       0x20 build/debug/production/src/hitag.o
 .debug_aranges
                0x00000420       0x20 build/debug/production/src/uid.o
 .debug_aranges
                0x00000440       0x20 build/debug/production/src/login.o
 .debug_aranges
                0x00000460       0x20 build/debug/production/src/write.o
 .debug_aranges
                0x00000480       0x20 build/debug/production/src/auth.o
 .debug_aranges
                0x000004a0       0x20 build/debug/production/src/q5.o
 .debug_aranges
                0x000004c0       0x20 build/debug/production/src/vtag.o
 .debug_aranges
                0x000004e0       0x20 build/debug/production/src/config.o
 .debug_aranges
                0x00000500       0x20 build/debug/production/src/select.o
 .debug_aranges
                0x00000520       0x20 build/debug/production/src/sdcard.o
 .debug_aranges
                0x00000540       0x20 build/debug/production/src/debug_pins.o
 .debug_aranges
                0x00000560       0x20 build/debug/production/src/awid.o
 .debug_aranges
                0x00000580       0x20 build/debug/production/src/analogue.o
 .debug_aranges
                0x000005a0       0x20 build/debug/production/src/iso7816.o
 .debug_aranges
                0x000005c0       0x20 /opt/microchip/xc32/v1.32/pic32mx/lib/libmchp_peripheral_32MX795F512L.a(soft_reset_lib.o)
 .debug_aranges
                0x000005e0       0x28 /opt/microchip/xc32/v1.32/pic32mx/lib/libmchp_peripheral_32MX795F512L.a(pcache.o)
 .debug_aranges
                0x00000608       0x20 /opt/microchip/xc32/v1.32/pic32mx/lib/libmchp_peripheral_32MX795F512L.a(int_configure_system_lib.o)
 .debug_aranges
                0x00000628       0x20 /opt/microchip/xc32/v1.32/pic32mx/lib/libmchp_peripheral_32MX795F512L.a(int_enable_interrupts_lib.o)
 .debug_aranges
                0x00000648       0x20 /opt/microchip/xc32/v1.32/pic32mx/lib/libmchp_peripheral_32MX795F512L.a(int_disable_interrupts_lib.o)
 .debug_aranges
                0x00000668       0x20 /opt/microchip/xc32/v1.32/pic32mx/lib/libmchp_peripheral_32MX795F512L.a(int_restore_interrupts_lib.o)
 .debug_aranges
                0x00000688       0x20 /opt/microchip/xc32/v1.32/pic32mx/lib/libmchp_peripheral_32MX795F512L.a(int_enable_mv_int_lib.o)
 .debug_aranges
                0x000006a8       0x60 /opt/microchip/xc32/v1.32/pic32mx/lib/libmchp_peripheral_32MX795F512L.a(int_tbl_lib.o)
 .debug_aranges
                0x00000708       0x20 /opt/microchip/xc32/v1.32/pic32mx/lib/libmchp_peripheral_32MX795F512L.a(spi_chn_close_lib.o)
 .debug_aranges
                0x00000728       0x20 /opt/microchip/xc32/v1.32/pic32mx/lib/libmchp_peripheral_32MX795F512L.a(spi_chn_open_lib.o)
 .debug_aranges
                0x00000748       0x20 /opt/microchip/xc32/v1.32/pic32mx/lib/libmchp_peripheral_32MX795F512L.a(spi_getc_spi1_lib_legacy.o)
 .debug_aranges
                0x00000768       0x20 /opt/microchip/xc32/v1.32/pic32mx/lib/libmchp_peripheral_32MX795F512L.a(spi_open_spi1_lib_legacy.o)
 .debug_aranges
                0x00000788       0x20 /opt/microchip/xc32/v1.32/pic32mx/lib/libmchp_peripheral_32MX795F512L.a(nvm_erase_page_lib.o)
 .debug_aranges
                0x000007a8       0x20 /opt/microchip/xc32/v1.32/pic32mx/lib/libmchp_peripheral_32MX795F512L.a(nvm_operation_lib.o)
 .debug_aranges
                0x000007c8       0x20 /opt/microchip/xc32/v1.32/pic32mx/lib/libmchp_peripheral_32MX795F512L.a(nvm_program_lib.o)
 .debug_aranges
                0x000007e8       0x20 /opt/microchip/xc32/v1.32/pic32mx/lib/libmchp_peripheral_32MX795F512L.a(nvm_write_row_lib.o)
 .debug_aranges
                0x00000808       0x20 /opt/microchip/xc32/v1.32/pic32mx/lib/libmchp_peripheral_32MX795F512L.a(port_reset_pins_lib.o)
 .debug_aranges
                0x00000828       0x20 /opt/microchip/xc32/v1.32/pic32mx/lib/libmchp_peripheral_32MX795F512L.a(port_set_pins_digital_in_lib.o)
 .debug_aranges
                0x00000848       0x20 /opt/microchip/xc32/v1.32/pic32mx/lib/libmchp_peripheral_32MX795F512L.a(port_set_pins_digital_out_lib.o)
 .debug_aranges
                0x00000868       0x20 /opt/microchip/xc32/v1.32/bin/bin/../../lib/gcc/pic32mx/4.5.2/libgcc.a(_udivdi3.o)
 .debug_aranges
                0x00000888       0x20 /opt/microchip/xc32/v1.32/bin/bin/../../lib/gcc/pic32mx/4.5.2/../../../../pic32mx/lib/libpic32.a(default-bootstrap-exception-handler.o)
 .debug_aranges
                0x000008a8       0x20 /opt/microchip/xc32/v1.32/bin/bin/../../lib/gcc/pic32mx/4.5.2/../../../../pic32mx/lib/libpic32.a(default-on-reset.o)
 .debug_aranges
                0x000008c8       0x20 /opt/microchip/xc32/v1.32/bin/bin/../../lib/gcc/pic32mx/4.5.2/../../../../pic32mx/lib/libpic32.a(default-on-bootstrap.o)
 .debug_aranges
                0x000008e8       0x20 /opt/microchip/xc32/v1.32/bin/bin/../../lib/gcc/pic32mx/4.5.2/../../../../pic32mx/lib/libpic32.a(default-general-exception-handler.o)
 .debug_aranges
                0x00000908       0x20 /opt/microchip/xc32/v1.32/bin/bin/../../lib/gcc/pic32mx/4.5.2/../../../../pic32mx/lib/libpic32.a(defaultinterrupt.o)
 .debug_aranges
                0x00000928       0xa0 /opt/microchip/xc32/v1.32/bin/bin/../../lib/gcc/pic32mx/4.5.2/../../../../pic32mx/lib/libc.a(ctypef.o)
 .debug_aranges
                0x000009c8       0x28 /opt/microchip/xc32/v1.32/bin/bin/../../lib/gcc/pic32mx/4.5.2/../../../../pic32mx/lib/libc.a(rand.o)
 .debug_aranges
                0x000009f0       0x20 /opt/microchip/xc32/v1.32/bin/bin/../../lib/gcc/pic32mx/4.5.2/../../../../pic32mx/lib/libc.a(strncmp.o)
 .debug_aranges
                0x00000a10       0x20 /opt/microchip/xc32/v1.32/bin/bin/../../lib/gcc/pic32mx/4.5.2/../../../../pic32mx/lib/libc.a(strncpy.o)
 .debug_aranges
                0x00000a30       0x20 /opt/microchip/xc32/v1.32/bin/bin/../../lib/gcc/pic32mx/4.5.2/../../../../pic32mx/lib/libc.a(sprintf_cdnopuxX.eo)
 .debug_aranges
                0x00000a50       0x20 /opt/microchip/xc32/v1.32/bin/bin/../../lib/gcc/pic32mx/4.5.2/../../../../pic32mx/lib/libc.a(sprintf.o)
 .debug_aranges
                0x00000a70       0x20 /opt/microchip/xc32/v1.32/bin/bin/../../lib/gcc/pic32mx/4.5.2/../../../../pic32mx/lib/libc.a(sscanf_cdfFnopsuxX.eo)
 .debug_aranges
                0x00000a90       0x20 /opt/microchip/xc32/v1.32/bin/bin/../../lib/gcc/pic32mx/4.5.2/../../../../pic32mx/lib/libc.a(doprnt_cdnopuxX.eo)
 .debug_aranges
                0x00000ab0       0x30 /opt/microchip/xc32/v1.32/bin/bin/../../lib/gcc/pic32mx/4.5.2/../../../../pic32mx/lib/libc.a(doprnt.o)
 .debug_aranges
                0x00000ae0       0x30 /opt/microchip/xc32/v1.32/bin/bin/../../lib/gcc/pic32mx/4.5.2/../../../../pic32mx/lib/libc.a(doscan_cdfFnopsuxX.eo)
 .debug_aranges
                0x00000b10       0x30 /opt/microchip/xc32/v1.32/bin/bin/../../lib/gcc/pic32mx/4.5.2/../../../../pic32mx/lib/libc.a(doscan_cdnopuxX.eo)
 .debug_aranges
                0x00000b40       0x20 /opt/microchip/xc32/v1.32/bin/bin/../../lib/gcc/pic32mx/4.5.2/../../../../pic32mx/lib/libc.a(fgetc.o)
 .debug_aranges
                0x00000b60       0x20 /opt/microchip/xc32/v1.32/bin/bin/../../lib/gcc/pic32mx/4.5.2/../../../../pic32mx/lib/libc.a(_fputc_simple.o)
 .debug_aranges
                0x00000b80       0x20 /opt/microchip/xc32/v1.32/bin/bin/../../lib/gcc/pic32mx/4.5.2/../../../../pic32mx/lib/libc.a(atoi.o)
 .debug_aranges
                0x00000ba0       0x28 /opt/microchip/xc32/v1.32/bin/bin/../../lib/gcc/pic32mx/4.5.2/../../../../pic32mx/lib/libc.a(strtod.o)
 .debug_aranges
                0x00000bc8       0x28 /opt/microchip/xc32/v1.32/bin/bin/../../lib/gcc/pic32mx/4.5.2/../../../../pic32mx/lib/libc.a(strtof.o)
 .debug_aranges
                0x00000bf0       0x20 /opt/microchip/xc32/v1.32/bin/bin/../../lib/gcc/pic32mx/4.5.2/../../../../pic32mx/lib/libc.a(ungetc.o)
 .debug_aranges
                0x00000c10       0x20 /opt/microchip/xc32/v1.32/bin/bin/../../lib/gcc/pic32mx/4.5.2/../../../../pic32mx/lib/libc.a(filbuf.o)
 .debug_aranges
                0x00000c30       0x20 /opt/microchip/xc32/v1.32/bin/bin/../../lib/gcc/pic32mx/4.5.2/../../../../pic32mx/lib/libc.a(_flsbuf_simple.o)
 .debug_aranges
                0x00000c50       0x20 /opt/microchip/xc32/v1.32/bin/bin/../../lib/gcc/pic32mx/4.5.2/../../../../pic32mx/lib/libc.a(fflush.o)
 .debug_aranges
                0x00000c70       0x20 /opt/microchip/xc32/v1.32/bin/bin/../../lib/gcc/pic32mx/4.5.2/../../../../pic32mx/lib/libpic32.a(read.o)
 .debug_aranges
                0x00000c90       0x20 /opt/microchip/xc32/v1.32/bin/bin/../../lib/gcc/pic32mx/4.5.2/../../../../pic32mx/lib/libpic32.a(write.o)
 .debug_aranges
                0x00000cb0       0x20 /opt/microchip/xc32/v1.32/bin/bin/../../lib/gcc/pic32mx/4.5.2/../../../../pic32mx/lib/libpic32.a(_mon_putc.o)
 .debug_aranges
                0x00000cd0       0x20 /opt/microchip/xc32/v1.32/bin/bin/../../lib/gcc/pic32mx/4.5.2/../../../../pic32mx/lib/libm.a(__strtod.o)
 .debug_aranges
                0x00000cf0       0x20 /opt/microchip/xc32/v1.32/bin/bin/../../lib/gcc/pic32mx/4.5.2/../../../../pic32mx/lib/libm.a(__strtof.o)
 .debug_aranges
                0x00000d10       0x20 /opt/microchip/xc32/v1.32/bin/bin/../../lib/gcc/pic32mx/4.5.2/../../../../pic32mx/lib/libe.a(_floatdisf.o)
 .debug_aranges
                0x00000d30       0x20 /opt/microchip/xc32/v1.32/bin/bin/../../lib/gcc/pic32mx/4.5.2/../../../../pic32mx/lib/libe.a(_ldexp.o)
 .debug_aranges
                0x00000d50       0x20 /opt/microchip/xc32/v1.32/bin/bin/../../lib/gcc/pic32mx/4.5.2/../../../../pic32mx/lib/libe.a(_ldexpf.o)
 .debug_aranges
                0x00000d70       0x20 /opt/microchip/xc32/v1.32/bin/bin/../../lib/gcc/pic32mx/4.5.2/libgcc.a(_lshrdi3.o)
 .debug_aranges
                0x00000d90       0x20 /opt/microchip/xc32/v1.32/bin/bin/../../lib/gcc/pic32mx/4.5.2/libgcc.a(_ashldi3.o)
 .debug_aranges
                0x00000db0       0x20 /opt/microchip/xc32/v1.32/bin/bin/../../lib/gcc/pic32mx/4.5.2/libgcc.a(_floatundisf.o)
 .debug_aranges
                0x00000dd0       0x20 /opt/microchip/xc32/v1.32/bin/bin/../../lib/gcc/pic32mx/4.5.2/libgcc.a(_umoddi3.o)
 .debug_aranges
                0x00000df0       0x20 /opt/microchip/xc32/v1.32/bin/bin/../../lib/gcc/pic32mx/4.5.2/libgcc.a(floatunsisf.o)

.debug_pubnames
                0x00000000     0x374c
 *(.debug_pubnames)
 .debug_pubnames
                0x00000000      0x1fc build/debug/production/_ext/71113213/SD-SPI.o
 .debug_pubnames
                0x000001fc      0x730 build/debug/production/_ext/71113213/FSIO.o
 .debug_pubnames
                0x0000092c      0x201 build/debug/production/_ext/2096855388/SClib.o
 .debug_pubnames
                0x00000b2d      0x113 build/debug/production/_ext/2096855388/SCpic32.o
 .debug_pubnames
                0x00000c40      0x33a build/debug/production/_ext/870548313/usb_device.o
 .debug_pubnames
                0x00000f7a      0x1b2 build/debug/production/_ext/1379786196/usb_function_cdc.o
 .debug_pubnames
                0x0000112c       0x82 build/debug/production/src/indala.o
 .debug_pubnames
                0x000011ae      0x3e3 build/debug/production/src/main.o
 .debug_pubnames
                0x00001591       0xa5 build/debug/production/src/psk.o
 .debug_pubnames
                0x00001636       0x73 build/debug/production/src/usb_descriptors.o
 .debug_pubnames
                0x000016a9      0x46a build/debug/production/src/util.o
 .debug_pubnames
                0x00001b13       0x22 build/debug/production/src/emulate.o
 .debug_pubnames
                0x00001b35       0x9e build/debug/production/src/ask.o
 .debug_pubnames
                0x00001bd3       0xb8 build/debug/production/src/fsk.o
 .debug_pubnames
                0x00001c8b       0x74 build/debug/production/src/clock.o
 .debug_pubnames
                0x00001cff       0x3c build/debug/production/src/rwd.o
 .debug_pubnames
                0x00001d3b       0x2c build/debug/production/src/detect.o
 .debug_pubnames
                0x00001d67       0x79 build/debug/production/src/hitagcrypto.o
 .debug_pubnames