Archive member included because of file (symbol)

/opt/microchip/xc32/v1.40/pic32mx/lib/libmchp_peripheral_32MX795F512L.a(soft_reset_lib.o)
                              build/debug/production/src/main.o (SoftReset)
/opt/microchip/xc32/v1.40/pic32mx/lib/libmchp_peripheral_32MX795F512L.a(pcache.o)
                              build/debug/production/src/main.o (CheKseg0CacheOn)
/opt/microchip/xc32/v1.40/pic32mx/lib/libmchp_peripheral_32MX795F512L.a(int_configure_system_lib.o)
                              build/debug/production/_ext/1019771169/SCpic32.o (INTConfigureSystem)
/opt/microchip/xc32/v1.40/pic32mx/lib/libmchp_peripheral_32MX795F512L.a(int_enable_interrupts_lib.o)
                              build/debug/production/_ext/1019771169/SCpic32.o (INTEnableInterrupts)
/opt/microchip/xc32/v1.40/pic32mx/lib/libmchp_peripheral_32MX795F512L.a(int_disable_interrupts_lib.o)
                              build/debug/production/src/main.o (INTDisableInterrupts)
/opt/microchip/xc32/v1.40/pic32mx/lib/libmchp_peripheral_32MX795F512L.a(int_restore_interrupts_lib.o)
                              build/debug/production/src/main.o (INTRestoreInterrupts)
/opt/microchip/xc32/v1.40/pic32mx/lib/libmchp_peripheral_32MX795F512L.a(int_enable_mv_int_lib.o)
                              build/debug/production/_ext/186742988/usb_device.o (INTEnableSystemMultiVectoredInt)
/opt/microchip/xc32/v1.40/pic32mx/lib/libmchp_peripheral_32MX795F512L.a(int_tbl_lib.o)
                              build/debug/production/_ext/186742988/usb_device.o (INTClearFlag)
/opt/microchip/xc32/v1.40/pic32mx/lib/libmchp_peripheral_32MX795F512L.a(spi_chn_close_lib.o)
                              build/debug/production/src/spi.o (SpiChnClose)
/opt/microchip/xc32/v1.40/pic32mx/lib/libmchp_peripheral_32MX795F512L.a(spi_chn_open_lib.o)
                              build/debug/production/src/spi.o (SpiChnOpen)
/opt/microchip/xc32/v1.40/pic32mx/lib/libmchp_peripheral_32MX795F512L.a(spi_io_tbl_libp.o)
                              /opt/microchip/xc32/v1.40/pic32mx/lib/libmchp_peripheral_32MX795F512L.a(spi_chn_close_lib.o) (_SpiIoTbl)
/opt/microchip/xc32/v1.40/pic32mx/lib/libmchp_peripheral_32MX795F512L.a(spi_map_tbl_libp.o)
                              /opt/microchip/xc32/v1.40/pic32mx/lib/libmchp_peripheral_32MX795F512L.a(spi_chn_close_lib.o) (_SpiMapTbl)
/opt/microchip/xc32/v1.40/pic32mx/lib/libmchp_peripheral_32MX795F512L.a(spi_getc_spi1_lib_legacy.o)
                              build/debug/production/_ext/1209914024/SD-SPI.o (getcSPI1)
/opt/microchip/xc32/v1.40/pic32mx/lib/libmchp_peripheral_32MX795F512L.a(spi_open_spi1_lib_legacy.o)
                              build/debug/production/_ext/1209914024/SD-SPI.o (OpenSPI1)
/opt/microchip/xc32/v1.40/pic32mx/lib/libmchp_peripheral_32MX795F512L.a(spi_brg_tbl_lib_legacy.o)
                              /opt/microchip/xc32/v1.40/pic32mx/lib/libmchp_peripheral_32MX795F512L.a(spi_open_spi1_lib_legacy.o) (_SpiBrgConvTbl)
/opt/microchip/xc32/v1.40/pic32mx/lib/libmchp_peripheral_32MX795F512L.a(nvm_erase_page_lib.o)
                              build/debug/production/src/nvm.o (NVMErasePage)
/opt/microchip/xc32/v1.40/pic32mx/lib/libmchp_peripheral_32MX795F512L.a(nvm_operation_lib.o)
                              /opt/microchip/xc32/v1.40/pic32mx/lib/libmchp_peripheral_32MX795F512L.a(nvm_erase_page_lib.o) (_NVMOperation)
/opt/microchip/xc32/v1.40/pic32mx/lib/libmchp_peripheral_32MX795F512L.a(nvm_program_lib.o)
                              build/debug/production/src/nvm.o (NVMProgram)
/opt/microchip/xc32/v1.40/pic32mx/lib/libmchp_peripheral_32MX795F512L.a(nvm_write_row_lib.o)
                              /opt/microchip/xc32/v1.40/pic32mx/lib/libmchp_peripheral_32MX795F512L.a(nvm_program_lib.o) (NVMWriteRow)
/opt/microchip/xc32/v1.40/pic32mx/lib/libmchp_peripheral_32MX795F512L.a(port_reset_pins_lib.o)
                              /opt/microchip/xc32/v1.40/pic32mx/lib/libmchp_peripheral_32MX795F512L.a(spi_chn_close_lib.o) (PORTResetPins)
/opt/microchip/xc32/v1.40/pic32mx/lib/libmchp_peripheral_32MX795F512L.a(port_set_pins_digital_in_lib.o)
                              /opt/microchip/xc32/v1.40/pic32mx/lib/libmchp_peripheral_32MX795F512L.a(spi_chn_open_lib.o) (PORTSetPinsDigitalIn)
/opt/microchip/xc32/v1.40/pic32mx/lib/libmchp_peripheral_32MX795F512L.a(port_set_pins_digital_out_lib.o)
                              /opt/microchip/xc32/v1.40/pic32mx/lib/libmchp_peripheral_32MX795F512L.a(spi_chn_open_lib.o) (PORTSetPinsDigitalOut)
/opt/microchip/xc32/v1.40/pic32mx/lib/libmchp_peripheral_32MX795F512L.a(_ports_tbl_libp.o)
                              /opt/microchip/xc32/v1.40/pic32mx/lib/libmchp_peripheral_32MX795F512L.a(port_reset_pins_lib.o) (PortRegTbl)
/opt/microchip/xc32/v1.40/bin/bin/../../lib/gcc/pic32mx/4.8.3/libgcc.a(_popcountsi2.o)
                              build/debug/production/src/indala.o (__popcountsi2)
/opt/microchip/xc32/v1.40/bin/bin/../../lib/gcc/pic32mx/4.8.3/libgcc.a(_udivdi3.o)
[...]
Memory Configuration

Name             Origin             Length             Attributes
kseg0_program_mem 0x9d006e00         0x00079200         xr
kseg0_boot_mem   0x9d006490         0x00000970
exception_mem    0x9d005000         0x00001000
kseg1_boot_mem   0x9d006000         0x00000490
debug_exec_mem   0xbfc02000         0x00000ff0
config3          0xbfc02ff0         0x00000004
config2          0xbfc02ff4         0x00000004
config1          0xbfc02ff8         0x00000004
config0          0xbfc02ffc         0x00000004
boot_software_key 0xa0000000         0x00000004
kseg1_data_mem   0xa0000004         0x00007f00         w !x
sfrs             0xbf800000         0x00100000
configsfrs       0xbfc02ff0         0x00000010
*default*        0x00000000         0xffffffff

Linker script and memory map

LOAD /opt/microchip/xc32/v1.40/bin/bin/../../lib/gcc/pic32mx/4.8.3/../../../../pic32mx/lib/./proc/32MX795F512L/crt0_mips32r2.o
LOAD /opt/microchip/xc32/v1.40/bin/bin/../../lib/gcc/pic32mx/4.8.3/../../../../pic32mx/lib/debug-exception-return.o
LOAD build/debug/production/_ext/1209914024/FSIO.o
LOAD build/debug/production/_ext/1209914024/SD-SPI.o
LOAD build/debug/production/_ext/1019771169/SClib.o
LOAD build/debug/production/_ext/1019771169/SCpic32.o
LOAD build/debug/production/_ext/631258897/usb_function_cdc.o
LOAD build/debug/production/_ext/186742988/usb_device.o
LOAD build/debug/production/src/indala.o
LOAD build/debug/production/src/main.o
LOAD build/debug/production/src/psk.o
LOAD build/debug/production/src/usb_descriptors.o
LOAD build/debug/production/src/util.o
LOAD build/debug/production/src/emulate.o
LOAD build/debug/production/src/ask.o
LOAD build/debug/production/src/fsk.o
LOAD build/debug/production/src/clock.o
LOAD build/debug/production/src/rwd.o
LOAD build/debug/production/src/detect.o
LOAD build/debug/production/src/hitagcrypto.o
LOAD build/debug/production/src/wiegand.o
LOAD build/debug/production/src/comms.o
LOAD build/debug/production/src/nvm.o
LOAD build/debug/production/src/mcp414x.o
LOAD build/debug/production/src/spi.o
LOAD build/debug/production/src/uart3.o
LOAD build/debug/production/src/tags.o
LOAD build/debug/production/src/unique.o
LOAD build/debug/production/src/led.o
LOAD build/debug/production/src/em.o
LOAD build/debug/production/src/hid.o
LOAD build/debug/production/src/read.o
LOAD build/debug/production/src/isr.o
LOAD build/debug/production/src/auto.o
LOAD build/debug/production/src/fdxb.o
LOAD build/debug/production/src/hitag.o
LOAD build/debug/production/src/uid.o
LOAD build/debug/production/src/login.o
LOAD build/debug/production/src/write.o
LOAD build/debug/production/src/auth.o
LOAD build/debug/production/src/q5.o
LOAD build/debug/production/src/vtag.o
LOAD build/debug/production/src/config.o
LOAD build/debug/production/src/select.o
LOAD build/debug/production/src/sdcard.o
LOAD build/debug/production/src/debug_pins.o
LOAD build/debug/production/src/awid.o
LOAD build/debug/production/src/analogue.o
LOAD build/debug/production/src/iso7816.o
LOAD build/debug/production/src/t55x7.o
LOAD build/debug/production/src/sniff.o
LOAD build/debug/production/src/tamagotchi.o
LOAD build/debug/production/src/hdx.o
LOAD build/debug/production/src/hitag2crack.o
LOAD build/debug/production/src/paxton.o
LOAD /opt/microchip/xc32/v1.40/pic32mx/lib/libmchp_peripheral_32MX795F512L.a
                0x00000001                __MPLAB_BUILD = 0x1
LOAD /opt/microchip/xc32/v1.40/bin/bin/../../lib/gcc/pic32mx/4.8.3/../../../../pic32mx/lib/./proc/32MX795F512L/default_isr_vectors.o
LOAD /opt/microchip/xc32/v1.40/bin/bin/../../lib/gcc/pic32mx/4.8.3/../../../../pic32mx/lib/pic32_software_reset.o
                0x00000400                PROVIDE (_min_stack_size, 0x400)
LOAD /opt/microchip/xc32/v1.40/bin/bin/../../lib/gcc/pic32mx/4.8.3/../../../../pic32mx/lib/./proc/32MX795F512L/processor.o
                0x00000000                _ramfunc_begin = 0x0
                0x00000001                PROVIDE (_vector_spacing, 0x1)
                0x9d005000                _ebase_address = 0x9d005000
                0x9d006000                _RESET_ADDR = 0x9d006000
                0x9d006380                _BEV_EXCPT_ADDR = 0x9d006380
                0x9d006480                _DBG_EXCPT_ADDR = 0x9d006480
                0xbfc02000                _DBG_CODE_ADDR = 0xbfc02000
                0x00000ff0                _DBG_CODE_SIZE = 0xff0
                0x9d005180                _GEN_EXCPT_ADDR = (_ebase_address + 0x180)

.boot_software_key
 *(.boot_software_key)

.config_BFC02FF0
 *(.config_BFC02FF0)

.config_BFC02FF4
 *(.config_BFC02FF4)

.config_BFC02FF8
 *(.config_BFC02FF8)

.config_BFC02FFC
                0xbfc02ffc        0x4
 *(.config_BFC02FFC)
 .config_BFC02FFC
                0xbfc02ffc        0x4 build/debug/production/src/main.o
                0xbfc02000                PROVIDE (_DBG_CODE_ADDR, 0xbfc02000)
                0x00000ff0                PROVIDE (_DBG_CODE_SIZE, 0xff0)

.reset          0x9d006000      0x1f4
 *(.reset)
 .reset         0x9d006000        0x8 /opt/microchip/xc32/v1.40/bin/bin/../../lib/gcc/pic32mx/4.8.3/../../../../pic32mx/lib/./proc/32MX795F512L/crt0_mips32r2.o
                0x9d006000                _reset
 *(.reset.startup)
 .reset.startup
                0x9d006008      0x1ec /opt/microchip/xc32/v1.40/bin/bin/../../lib/gcc/pic32mx/4.8.3/../../../../pic32mx/lib/./proc/32MX795F512L/crt0_mips32r2.o

.bev_excpt      0x9d006380       0x10
 *(.bev_handler)
 .bev_handler   0x9d006380       0x10 /opt/microchip/xc32/v1.40/bin/bin/../../lib/gcc/pic32mx/4.8.3/../../../../pic32mx/lib/./proc/32MX795F512L/crt0_mips32r2.o

.dbg_excpt      0x9d006480        0x0
                0x9d006480                . = (. + DEFINED (_DEBUGGER)?0x8:0x0)

.dbg_code       0xbfc02000        0x0
                0xbfc02000                . = (. + DEFINED (_DEBUGGER)?_DBG_CODE_SIZE:0x0)

.app_excpt      0x9d005180       0x10
 *(.gen_handler)
 .gen_handler   0x9d005180       0x10 /opt/microchip/xc32/v1.40/bin/bin/../../lib/gcc/pic32mx/4.8.3/../../../../pic32mx/lib/./proc/32MX795F512L/crt0_mips32r2.o

.vector_0       0x9d005200        0x8
 *(.vector_0)
 .vector_0      0x9d005200        0x8 /opt/microchip/xc32/v1.40/bin/bin/../../lib/gcc/pic32mx/4.8.3/../../../../pic32mx/lib/libpic32.a(vector0.o)
                0x9d005200                __vector_dispatch_0
                0x00000001                ASSERT (((_vector_spacing == 0x0) || (SIZEOF (.vector_0) <= (_vector_spacing << 0x5))), function at exception vector 0 too large)

.vector_1       0x9d005220        0x8
 *(.vector_1)
 .vector_1      0x9d005220        0x8 /opt/microchip/xc32/v1.40/bin/bin/../../lib/gcc/pic32mx/4.8.3/../../../../pic32mx/lib/libpic32.a(vector1.o)
                0x9d005220                __vector_dispatch_1
                0x00000001                ASSERT (((_vector_spacing == 0x0) || (SIZEOF (.vector_1) <= (_vector_spacing << 0x5))), function at exception vector 1 too large)

.vector_2       0x9d005240        0x8
 *(.vector_2)
 .vector_2      0x9d005240        0x8 /opt/microchip/xc32/v1.40/bin/bin/../../lib/gcc/pic32mx/4.8.3/../../../../pic32mx/lib/libpic32.a(vector2.o)
                0x9d005240                __vector_dispatch_2
                0x00000001                ASSERT (((_vector_spacing == 0x0) || (SIZEOF (.vector_2) <= (_vector_spacing << 0x5))), function at exception vector 2 too large)

.vector_3       0x9d005260        0x8
 *(.vector_3)
 .vector_3      0x9d005260        0x8 /opt/microchip/xc32/v1.40/bin/bin/../../lib/gcc/pic32mx/4.8.3/../../../../pic32mx/lib/libpic32.a(vector3.o)
                0x9d005260                __vector_dispatch_3
                0x00000001                ASSERT (((_vector_spacing == 0x0) || (SIZEOF (.vector_3) <= (_vector_spacing << 0x5))), function at exception vector 3 too large)

.vector_4       0x9d005280        0x8
 *(.vector_4)
 .vector_4      0x9d005280        0x8 build/debug/production/_ext/1019771169/SCpic32.o
                0x9d005280                __vector_dispatch_4
                0x00000001                ASSERT (((_vector_spacing == 0x0) || (SIZEOF (.vector_4) <= (_vector_spacing << 0x5))), function at exception vector 4 too large)

.vector_5       0x9d0052a0        0x8
 *(.vector_5)
 .vector_5      0x9d0052a0        0x8 /opt/microchip/xc32/v1.40/bin/bin/../../lib/gcc/pic32mx/4.8.3/../../../../pic32mx/lib/libpic32.a(vector5.o)
                0x9d0052a0                __vector_dispatch_5
                0x00000001                ASSERT (((_vector_spacing == 0x0) || (SIZEOF (.vector_5) <= (_vector_spacing << 0x5))), function at exception vector 5 too large)

.vector_6       0x9d0052c0        0x8
 *(.vector_6)
 .vector_6      0x9d0052c0        0x8 /opt/microchip/xc32/v1.40/bin/bin/../../lib/gcc/pic32mx/4.8.3/../../../../pic32mx/lib/libpic32.a(vector6.o)
                0x9d0052c0                __vector_dispatch_6
                0x00000001                ASSERT (((_vector_spacing == 0x0) || (SIZEOF (.vector_6) <= (_vector_spacing << 0x5))), function at exception vector 6 too large)

.vector_7       0x9d0052e0        0x8
 *(.vector_7)
 .vector_7      0x9d0052e0        0x8 /opt/microchip/xc32/v1.40/bin/bin/../../lib/gcc/pic32mx/4.8.3/../../../../pic32mx/lib/libpic32.a(vector7.o)
                0x9d0052e0                __vector_dispatch_7
                0x00000001                ASSERT (((_vector_spacing == 0x0) || (SIZEOF (.vector_7) <= (_vector_spacing << 0x5))), function at exception vector 7 too large)

.vector_8       0x9d005300        0x8
 *(.vector_8)
 .vector_8      0x9d005300        0x8 /opt/microchip/xc32/v1.40/bin/bin/../../lib/gcc/pic32mx/4.8.3/../../../../pic32mx/lib/libpic32.a(vector8.o)
                0x9d005300                __vector_dispatch_8
                0x00000001                ASSERT (((_vector_spacing == 0x0) || (SIZEOF (.vector_8) <= (_vector_spacing << 0x5))), function at exception vector 8 too large)

.vector_9       0x9d005320        0x8
 *(.vector_9)
 .vector_9      0x9d005320        0x8 /opt/microchip/xc32/v1.40/bin/bin/../../lib/gcc/pic32mx/4.8.3/../../../../pic32mx/lib/libpic32.a(vector9.o)
                0x9d005320                __vector_dispatch_9
                0x00000001                ASSERT (((_vector_spacing == 0x0) || (SIZEOF (.vector_9) <= (_vector_spacing << 0x5))), function at exception vector 9 too large)

.vector_10      0x9d005340        0x8
 *(.vector_10)
 .vector_10     0x9d005340        0x8 /opt/microchip/xc32/v1.40/bin/bin/../../lib/gcc/pic32mx/4.8.3/../../../../pic32mx/lib/libpic32.a(vector10.o)
                0x9d005340                __vector_dispatch_10
                0x00000001                ASSERT (((_vector_spacing == 0x0) || (SIZEOF (.vector_10) <= (_vector_spacing << 0x5))), function at exception vector 10 too large)

.vector_11      0x9d005360        0x8
 *(.vector_11)
 .vector_11     0x9d005360        0x8 /opt/microchip/xc32/v1.40/bin/bin/../../lib/gcc/pic32mx/4.8.3/../../../../pic32mx/lib/libpic32.a(vector11.o)
                0x9d005360                __vector_dispatch_11
                0x00000001                ASSERT (((_vector_spacing == 0x0) || (SIZEOF (.vector_11) <= (_vector_spacing << 0x5))), function at exception vector 11 too large)

.vector_12      0x9d005380        0x8
 *(.vector_12)
 .vector_12     0x9d005380        0x8 build/debug/production/src/isr.o
                0x9d005380                __vector_dispatch_12
                0x00000001                ASSERT (((_vector_spacing == 0x0) || (SIZEOF (.vector_12) <= (_vector_spacing << 0x5))), function at exception vector 12 too large)

.vector_13      0x9d0053a0        0x8
 *(.vector_13)
 .vector_13     0x9d0053a0        0x8 /opt/microchip/xc32/v1.40/bin/bin/../../lib/gcc/pic32mx/4.8.3/../../../../pic32mx/lib/libpic32.a(vector13.o)
                0x9d0053a0                __vector_dispatch_13
                0x00000001                ASSERT (((_vector_spacing == 0x0) || (SIZEOF (.vector_13) <= (_vector_spacing << 0x5))), function at exception vector 13 too large)

.vector_14      0x9d0053c0        0x8
 *(.vector_14)
 .vector_14     0x9d0053c0        0x8 /opt/microchip/xc32/v1.40/bin/bin/../../lib/gcc/pic32mx/4.8.3/../../../../pic32mx/lib/libpic32.a(vector14.o)
                0x9d0053c0                __vector_dispatch_14
                0x00000001                ASSERT (((_vector_spacing == 0x0) || (SIZEOF (.vector_14) <= (_vector_spacing << 0x5))), function at exception vector 14 too large)

.vector_15      0x9d0053e0        0x8
 *(.vector_15)
 .vector_15     0x9d0053e0        0x8 /opt/microchip/xc32/v1.40/bin/bin/../../lib/gcc/pic32mx/4.8.3/../../../../pic32mx/lib/libpic32.a(vector15.o)
                0x9d0053e0                __vector_dispatch_15
                0x00000001                ASSERT (((_vector_spacing == 0x0) || (SIZEOF (.vector_15) <= (_vector_spacing << 0x5))), function at exception vector 15 too large)

.vector_16      0x9d005400        0x8
 *(.vector_16)
 .vector_16     0x9d005400        0x8 build/debug/production/src/isr.o
                0x9d005400                __vector_dispatch_16
                0x00000001                ASSERT (((_vector_spacing == 0x0) || (SIZEOF (.vector_16) <= (_vector_spacing << 0x5))), function at exception vector 16 too large)

.vector_17      0x9d005420        0x8
 *(.vector_17)
 .vector_17     0x9d005420        0x8 /opt/microchip/xc32/v1.40/bin/bin/../../lib/gcc/pic32mx/4.8.3/../../../../pic32mx/lib/libpic32.a(vector17.o)
                0x9d005420                __vector_dispatch_17
                0x00000001                ASSERT (((_vector_spacing == 0x0) || (SIZEOF (.vector_17) <= (_vector_spacing << 0x5))), function at exception vector 17 too large)

.vector_18      0x9d005440        0x8
 *(.vector_18)
 .vector_18     0x9d005440        0x8 /opt/microchip/xc32/v1.40/bin/bin/../../lib/gcc/pic32mx/4.8.3/../../../../pic32mx/lib/libpic32.a(vector18.o)
                0x9d005440                __vector_dispatch_18
                0x00000001                ASSERT (((_vector_spacing == 0x0) || (SIZEOF (.vector_18) <= (_vector_spacing << 0x5))), function at exception vector 18 too large)

.vector_19      0x9d005460        0x8
 *(.vector_19)
 .vector_19     0x9d005460        0x8 /opt/microchip/xc32/v1.40/bin/bin/../../lib/gcc/pic32mx/4.8.3/../../../../pic32mx/lib/libpic32.a(vector19.o)
                0x9d005460                __vector_dispatch_19
                0x00000001                ASSERT (((_vector_spacing == 0x0) || (SIZEOF (.vector_19) <= (_vector_spacing << 0x5))), function at exception vector 19 too large)

.vector_20      0x9d005480        0x8
 *(.vector_20)
 .vector_20     0x9d005480        0x8 /opt/microchip/xc32/v1.40/bin/bin/../../lib/gcc/pic32mx/4.8.3/../../../../pic32mx/lib/libpic32.a(vector20.o)
                0x9d005480                __vector_dispatch_20
                0x00000001                ASSERT (((_vector_spacing == 0x0) || (SIZEOF (.vector_20) <= (_vector_spacing << 0x5))), function at exception vector 20 too large)

.vector_21      0x9d0054a0        0x8
 *(.vector_21)
 .vector_21     0x9d0054a0        0x8 /opt/microchip/xc32/v1.40/bin/bin/../../lib/gcc/pic32mx/4.8.3/../../../../pic32mx/lib/libpic32.a(vector21.o)
                0x9d0054a0                __vector_dispatch_21
                0x00000001                ASSERT (((_vector_spacing == 0x0) || (SIZEOF (.vector_21) <= (_vector_spacing << 0x5))), function at exception vector 21 too large)

.vector_22      0x9d0054c0        0x8
 *(.vector_22)
 .vector_22     0x9d0054c0        0x8 build/debug/production/src/isr.o
                0x9d0054c0                __vector_dispatch_22
                0x00000001                ASSERT (((_vector_spacing == 0x0) || (SIZEOF (.vector_22) <= (_vector_spacing << 0x5))), function at exception vector 22 too large)

.vector_23      0x9d0054e0        0x8
 *(.vector_23)
 .vector_23     0x9d0054e0        0x8 /opt/microchip/xc32/v1.40/bin/bin/../../lib/gcc/pic32mx/4.8.3/../../../../pic32mx/lib/libpic32.a(vector23.o)
                0x9d0054e0                __vector_dispatch_23
                0x00000001                ASSERT (((_vector_spacing == 0x0) || (SIZEOF (.vector_23) <= (_vector_spacing << 0x5))), function at exception vector 23 too large)

.vector_24      0x9d005500        0x8
 *(.vector_24)
 .vector_24     0x9d005500        0x8 /opt/microchip/xc32/v1.40/bin/bin/../../lib/gcc/pic32mx/4.8.3/../../../../pic32mx/lib/libpic32.a(vector24.o)
                0x9d005500                __vector_dispatch_24
                0x00000001                ASSERT (((_vector_spacing == 0x0) || (SIZEOF (.vector_24) <= (_vector_spacing << 0x5))), function at exception vector 24 too large)

.vector_25      0x9d005520        0x8
 *(.vector_25)
 .vector_25     0x9d005520        0x8 /opt/microchip/xc32/v1.40/bin/bin/../../lib/gcc/pic32mx/4.8.3/../../../../pic32mx/lib/libpic32.a(vector25.o)
                0x9d005520                __vector_dispatch_25
                0x00000001                ASSERT (((_vector_spacing == 0x0) || (SIZEOF (.vector_25) <= (_vector_spacing << 0x5))), function at exception vector 25 too large)

.vector_26      0x9d005540        0x8
 *(.vector_26)
 .vector_26     0x9d005540        0x8 /opt/microchip/xc32/v1.40/bin/bin/../../lib/gcc/pic32mx/4.8.3/../../../../pic32mx/lib/libpic32.a(vector26.o)
                0x9d005540                __vector_dispatch_26
                0x00000001                ASSERT (((_vector_spacing == 0x0) || (SIZEOF (.vector_26) <= (_vector_spacing << 0x5))), function at exception vector 26 too large)

.vector_27      0x9d005560        0x8
 *(.vector_27)
 .vector_27     0x9d005560        0x8 /opt/microchip/xc32/v1.40/bin/bin/../../lib/gcc/pic32mx/4.8.3/../../../../pic32mx/lib/libpic32.a(vector27.o)
                0x9d005560                __vector_dispatch_27
                0x00000001                ASSERT (((_vector_spacing == 0x0) || (SIZEOF (.vector_27) <= (_vector_spacing << 0x5))), function at exception vector 27 too large)

.vector_28      0x9d005580        0x8
 *(.vector_28)
 .vector_28     0x9d005580        0x8 /opt/microchip/xc32/v1.40/bin/bin/../../lib/gcc/pic32mx/4.8.3/../../../../pic32mx/lib/libpic32.a(vector28.o)
                0x9d005580                __vector_dispatch_28
                0x00000001                ASSERT (((_vector_spacing == 0x0) || (SIZEOF (.vector_28) <= (_vector_spacing << 0x5))), function at exception vector 28 too large)

.vector_29      0x9d0055a0        0x8
 *(.vector_29)
 .vector_29     0x9d0055a0        0x8 /opt/microchip/xc32/v1.40/bin/bin/../../lib/gcc/pic32mx/4.8.3/../../../../pic32mx/lib/libpic32.a(vector29.o)
                0x9d0055a0                __vector_dispatch_29
                0x00000001                ASSERT (((_vector_spacing == 0x0) || (SIZEOF (.vector_29) <= (_vector_spacing << 0x5))), function at exception vector 29 too large)

.vector_30      0x9d0055c0        0x8
 *(.vector_30)
 .vector_30     0x9d0055c0        0x8 /opt/microchip/xc32/v1.40/bin/bin/../../lib/gcc/pic32mx/4.8.3/../../../../pic32mx/lib/libpic32.a(vector30.o)
                0x9d0055c0                __vector_dispatch_30
                0x00000001                ASSERT (((_vector_spacing == 0x0) || (SIZEOF (.vector_30) <= (_vector_spacing << 0x5))), function at exception vector 30 too large)

.vector_31      0x9d0055e0        0x8
 *(.vector_31)
 .vector_31     0x9d0055e0        0x8 /opt/microchip/xc32/v1.40/bin/bin/../../lib/gcc/pic32mx/4.8.3/../../../../pic32mx/lib/libpic32.a(vector31.o)
                0x9d0055e0                __vector_dispatch_31
                0x00000001                ASSERT (((_vector_spacing == 0x0) || (SIZEOF (.vector_31) <= (_vector_spacing << 0x5))), function at exception vector 31 too large)

.vector_32      0x9d005600        0x8
 *(.vector_32)
 .vector_32     0x9d005600        0x8 /opt/microchip/xc32/v1.40/bin/bin/../../lib/gcc/pic32mx/4.8.3/../../../../pic32mx/lib/libpic32.a(vector32.o)
                0x9d005600                __vector_dispatch_32
                0x00000001                ASSERT (((_vector_spacing == 0x0) || (SIZEOF (.vector_32) <= (_vector_spacing << 0x5))), function at exception vector 32 too large)

.vector_33      0x9d005620        0x8
 *(.vector_33)
 .vector_33     0x9d005620        0x8 /opt/microchip/xc32/v1.40/bin/bin/../../lib/gcc/pic32mx/4.8.3/../../../../pic32mx/lib/libpic32.a(vector33.o)
                0x9d005620                __vector_dispatch_33
                0x00000001                ASSERT (((_vector_spacing == 0x0) || (SIZEOF (.vector_33) <= (_vector_spacing << 0x5))), function at exception vector 33 too large)

.vector_34      0x9d005640        0x8
 *(.vector_34)
 .vector_34     0x9d005640        0x8 /opt/microchip/xc32/v1.40/bin/bin/../../lib/gcc/pic32mx/4.8.3/../../../../pic32mx/lib/libpic32.a(vector34.o)
                0x9d005640                __vector_dispatch_34
                0x00000001                ASSERT (((_vector_spacing == 0x0) || (SIZEOF (.vector_34) <= (_vector_spacing << 0x5))), function at exception vector 34 too large)

.vector_35      0x9d005660        0x8
 *(.vector_35)
 .vector_35     0x9d005660        0x8 /opt/microchip/xc32/v1.40/bin/bin/../../lib/gcc/pic32mx/4.8.3/../../../../pic32mx/lib/libpic32.a(vector35.o)
                0x9d005660                __vector_dispatch_35
                0x00000001                ASSERT (((_vector_spacing == 0x0) || (SIZEOF (.vector_35) <= (_vector_spacing << 0x5))), function at exception vector 35 too large)

.vector_36      0x9d005680        0x8
 *(.vector_36)
 .vector_36     0x9d005680        0x8 /opt/microchip/xc32/v1.40/bin/bin/../../lib/gcc/pic32mx/4.8.3/../../../../pic32mx/lib/libpic32.a(vector36.o)
                0x9d005680                __vector_dispatch_36
                0x00000001                ASSERT (((_vector_spacing == 0x0) || (SIZEOF (.vector_36) <= (_vector_spacing << 0x5))), function at exception vector 36 too large)

.vector_37      0x9d0056a0        0x8
 *(.vector_37)
 .vector_37     0x9d0056a0        0x8 /opt/microchip/xc32/v1.40/bin/bin/../../lib/gcc/pic32mx/4.8.3/../../../../pic32mx/lib/libpic32.a(vector37.o)
                0x9d0056a0                __vector_dispatch_37
                0x00000001                ASSERT (((_vector_spacing == 0x0) || (SIZEOF (.vector_37) <= (_vector_spacing << 0x5))), function at exception vector 37 too large)

.vector_38      0x9d0056c0        0x8
 *(.vector_38)
 .vector_38     0x9d0056c0        0x8 /opt/microchip/xc32/v1.40/bin/bin/../../lib/gcc/pic32mx/4.8.3/../../../../pic32mx/lib/libpic32.a(vector38.o)
                0x9d0056c0                __vector_dispatch_38
                0x00000001                ASSERT (((_vector_spacing == 0x0) || (SIZEOF (.vector_38) <= (_vector_spacing << 0x5))), function at exception vector 38 too large)

.vector_39      0x9d0056e0        0x8
 *(.vector_39)
 .vector_39     0x9d0056e0        0x8 /opt/microchip/xc32/v1.40/bin/bin/../../lib/gcc/pic32mx/4.8.3/../../../../pic32mx/lib/libpic32.a(vector39.o)
                0x9d0056e0                __vector_dispatch_39
                0x00000001                ASSERT (((_vector_spacing == 0x0) || (SIZEOF (.vector_39) <= (_vector_spacing << 0x5))), function at exception vector 39 too large)

.vector_40      0x9d005700        0x8
 *(.vector_40)
 .vector_40     0x9d005700        0x8 /opt/microchip/xc32/v1.40/bin/bin/../../lib/gcc/pic32mx/4.8.3/../../../../pic32mx/lib/libpic32.a(vector40.o)
                0x9d005700                __vector_dispatch_40
                0x00000001                ASSERT (((_vector_spacing == 0x0) || (SIZEOF (.vector_40) <= (_vector_spacing << 0x5))), function at exception vector 40 too large)

.vector_41      0x9d005720        0x8
 *(.vector_41)
 .vector_41     0x9d005720        0x8 /opt/microchip/xc32/v1.40/bin/bin/../../lib/gcc/pic32mx/4.8.3/../../../../pic32mx/lib/libpic32.a(vector41.o)
                0x9d005720                __vector_dispatch_41
                0x00000001                ASSERT (((_vector_spacing == 0x0) || (SIZEOF (.vector_41) <= (_vector_spacing << 0x5))), function at exception vector 41 too large)

.vector_42      0x9d005740        0x8
 *(.vector_42)
 .vector_42     0x9d005740        0x8 /opt/microchip/xc32/v1.40/bin/bin/../../lib/gcc/pic32mx/4.8.3/../../../../pic32mx/lib/libpic32.a(vector42.o)
                0x9d005740                __vector_dispatch_42
                0x00000001                ASSERT (((_vector_spacing == 0x0) || (SIZEOF (.vector_42) <= (_vector_spacing << 0x5))), function at exception vector 42 too large)

.vector_43      0x9d005760        0x8
 *(.vector_43)
 .vector_43     0x9d005760        0x8 /opt/microchip/xc32/v1.40/bin/bin/../../lib/gcc/pic32mx/4.8.3/../../../../pic32mx/lib/libpic32.a(vector43.o)
                0x9d005760                __vector_dispatch_43
                0x00000001                ASSERT (((_vector_spacing == 0x0) || (SIZEOF (.vector_43) <= (_vector_spacing << 0x5))), function at exception vector 43 too large)

.vector_44      0x9d005780        0x8
 *(.vector_44)
 .vector_44     0x9d005780        0x8 /opt/microchip/xc32/v1.40/bin/bin/../../lib/gcc/pic32mx/4.8.3/../../../../pic32mx/lib/libpic32.a(vector44.o)
                0x9d005780                __vector_dispatch_44
                0x00000001                ASSERT (((_vector_spacing == 0x0) || (SIZEOF (.vector_44) <= (_vector_spacing << 0x5))), function at exception vector 44 too large)

.vector_45      0x9d0057a0        0x8
 *(.vector_45)
 .vector_45     0x9d0057a0        0x8 build/debug/production/_ext/186742988/usb_device.o
                0x9d0057a0                __vector_dispatch_45
                0x00000001                ASSERT (((_vector_spacing == 0x0) || (SIZEOF (.vector_45) <= (_vector_spacing << 0x5))), function at exception vector 45 too large)

.vector_46      0x9d0057c0        0x8
 *(.vector_46)
 .vector_46     0x9d0057c0        0x8 /opt/microchip/xc32/v1.40/bin/bin/../../lib/gcc/pic32mx/4.8.3/../../../../pic32mx/lib/libpic32.a(vector46.o)
                0x9d0057c0                __vector_dispatch_46
                0x00000001                ASSERT (((_vector_spacing == 0x0) || (SIZEOF (.vector_46) <= (_vector_spacing << 0x5))), function at exception vector 46 too large)

.vector_47      0x9d0057e0        0x8
 *(.vector_47)
 .vector_47     0x9d0057e0        0x8 /opt/microchip/xc32/v1.40/bin/bin/../../lib/gcc/pic32mx/4.8.3/../../../../pic32mx/lib/libpic32.a(vector47.o)
                0x9d0057e0                __vector_dispatch_47
                0x00000001                ASSERT (((_vector_spacing == 0x0) || (SIZEOF (.vector_47) <= (_vector_spacing << 0x5))), function at exception vector 47 too large)

.vector_48      0x9d005800        0x8
 *(.vector_48)
 .vector_48     0x9d005800        0x8 /opt/microchip/xc32/v1.40/bin/bin/../../lib/gcc/pic32mx/4.8.3/../../../../pic32mx/lib/libpic32.a(vector48.o)
                0x9d005800                __vector_dispatch_48
                0x00000001                ASSERT (((_vector_spacing == 0x0) || (SIZEOF (.vector_48) <= (_vector_spacing << 0x5))), function at exception vector 48 too large)

.vector_49      0x9d005820        0x8
 *(.vector_49)
 .vector_49     0x9d005820        0x8 /opt/microchip/xc32/v1.40/bin/bin/../../lib/gcc/pic32mx/4.8.3/../../../../pic32mx/lib/libpic32.a(vector49.o)
                0x9d005820                __vector_dispatch_49
                0x00000001                ASSERT (((_vector_spacing == 0x0) || (SIZEOF (.vector_49) <= (_vector_spacing << 0x5))), function at exception vector 49 too large)

.vector_50      0x9d005840        0x8
 *(.vector_50)
 .vector_50     0x9d005840        0x8 /opt/microchip/xc32/v1.40/bin/bin/../../lib/gcc/pic32mx/4.8.3/../../../../pic32mx/lib/libpic32.a(vector50.o)
                0x9d005840                __vector_dispatch_50
                0x00000001                ASSERT (((_vector_spacing == 0x0) || (SIZEOF (.vector_50) <= (_vector_spacing << 0x5))), function at exception vector 50 too large)

.vector_51      0x9d005860        0x8
 *(.vector_51)
 .vector_51     0x9d005860        0x8 /opt/microchip/xc32/v1.40/bin/bin/../../lib/gcc/pic32mx/4.8.3/../../../../pic32mx/lib/libpic32.a(vector51.o)
                0x9d005860                __vector_dispatch_51
                0x00000001                ASSERT (((_vector_spacing == 0x0) || (SIZEOF (.vector_51) <= (_vector_spacing << 0x5))), function at exception vector 51 too large)

.vector_52      0x9d005880        0x0
 *(.vector_52)
                0x00000001                ASSERT (((_vector_spacing == 0x0) || (SIZEOF (.vector_52) <= (_vector_spacing << 0x5))), function at exception vector 52 too large)

.vector_53      0x9d0058a0        0x0
 *(.vector_53)
                0x00000001                ASSERT (((_vector_spacing == 0x0) || (SIZEOF (.vector_53) <= (_vector_spacing << 0x5))), function at exception vector 53 too large)

.vector_54      0x9d0058c0        0x0
 *(.vector_54)
                0x00000001                ASSERT (((_vector_spacing == 0x0) || (SIZEOF (.vector_54) <= (_vector_spacing << 0x5))), function at exception vector 54 too large)

.vector_55      0x9d0058e0        0x0
 *(.vector_55)
                0x00000001                ASSERT (((_vector_spacing == 0x0) || (SIZEOF (.vector_55) <= (_vector_spacing << 0x5))), function at exception vector 55 too large)

.vector_56      0x9d005900        0x0
 *(.vector_56)
                0x00000001                ASSERT (((_vector_spacing == 0x0) || (SIZEOF (.vector_56) <= (_vector_spacing << 0x5))), function at exception vector 56 too large)

.vector_57      0x9d005920        0x0
 *(.vector_57)
                0x00000001                ASSERT (((_vector_spacing == 0x0) || (SIZEOF (.vector_57) <= (_vector_spacing << 0x5))), function at exception vector 57 too large)

.vector_58      0x9d005940        0x0
 *(.vector_58)
                0x00000001                ASSERT (((_vector_spacing == 0x0) || (SIZEOF (.vector_58) <= (_vector_spacing << 0x5))), function at exception vector 58 too large)

.vector_59      0x9d005960        0x0
 *(.vector_59)
                0x00000001                ASSERT (((_vector_spacing == 0x0) || (SIZEOF (.vector_59) <= (_vector_spacing << 0x5))), function at exception vector 59 too large)

.vector_60      0x9d005980        0x0
 *(.vector_60)
                0x00000001                ASSERT (((_vector_spacing == 0x0) || (SIZEOF (.vector_60) <= (_vector_spacing << 0x5))), function at exception vector 60 too large)

.vector_61      0x9d0059a0        0x0
 *(.vector_61)
                0x00000001                ASSERT (((_vector_spacing == 0x0) || (SIZEOF (.vector_61) <= (_vector_spacing << 0x5))), function at exception vector 61 too large)

.vector_62      0x9d0059c0        0x0
 *(.vector_62)
                0x00000001                ASSERT (((_vector_spacing == 0x0) || (SIZEOF (.vector_62) <= (_vector_spacing << 0x5))), function at exception vector 62 too large)

.vector_63      0x9d0059e0        0x0
 *(.vector_63)
                0x00000001                ASSERT (((_vector_spacing == 0x0) || (SIZEOF (.vector_63) <= (_vector_spacing << 0x5))), function at exception vector 63 too large)

.startup
 *(.startup)

.text           0x9d006e00        0x0
 *(.stub .gnu.linkonce.t.*)
 *(.text.*personality*)
 *(.mips16.fn.*)
 *(.mips16.call.*)
 *(.gnu.warning)
                0x9d006e00                . = ALIGN (0x4)

.init           0x9d006e00        0x0
 *crti.o(.init)
 *crtbegin.o(.init)
 *(EXCLUDE_FILE(*crtn.o *crtend?.o *crtend.o) .init)
 *crtend.o(.init)
 *crtn.o(.init)
                0x9d006e00                . = ALIGN (0x4)

.fini           0x9d006e00        0x0
 *(.fini)
                0x9d006e00                . = ALIGN (0x4)

.preinit_array  0x9d006e00        0x0
                0x9d006e00                PROVIDE (__preinit_array_start, .)
 *(.preinit_array)
                0x9d006e00                PROVIDE (__preinit_array_end, .)
                0x9d006e00                . = ALIGN (0x4)

.init_array     0x9d006e00        0x0
                0x9d006e00                PROVIDE (__init_array_start, .)
 *(SORT(.init_array.*))
 *(.init_array)
                0x9d006e00                PROVIDE (__init_array_end, .)
                0x9d006e00                . = ALIGN (0x4)

.fini_array     0x9d006e00        0x0
                0x9d006e00                PROVIDE (__fini_array_start, .)
 *(SORT(.fini_array.*))
 *(.fini_array)
                0x9d006e00                PROVIDE (__fini_array_end, .)
                0x9d006e00                . = ALIGN (0x4)

.ctors          0x9d006e00        0x0
 *crtbegin.o(.ctors)
 *crtbegin?.o(.ctors)
 *(EXCLUDE_FILE(*crtend?.o *crtend.o) .ctors)
 *(SORT(.ctors.*))
 *(.ctors)
                0x9d006e00                . = ALIGN (0x4)

.dtors          0x9d006e00        0x0
 *crtbegin.o(.dtors)
 *crtbegin?.o(.dtors)
 *(EXCLUDE_FILE(*crtend?.o *crtend.o) .dtors)
 *(SORT(.dtors.*))
 *(.dtors)
                0x9d006e00                . = ALIGN (0x4)

.rodata         0x9d006e00        0x0
 *(.gnu.linkonce.r.*)
 *(.rodata1)
                0x9d006e00                . = ALIGN (0x4)

.sdata2         0x9d006490        0x0
 *(.sdata2 .sdata2.* .gnu.linkonce.s2.*)
                0x9d006490                . = ALIGN (0x4)

.sbss2          0x9d006490        0x0
 *(.sbss2 .sbss2.* .gnu.linkonce.sb2.*)
                0x9d006490                . = ALIGN (0x4)

.eh_frame_hdr
 *(.eh_frame_hdr)
                0x9d006490                . = ALIGN (0x4)

.eh_frame
 *(.eh_frame)
                0x9d006490                . = ALIGN (0x4)

.gcc_except_table
 *(.gcc_except_table .gcc_except_table.*)
                0x9d006490                . = ALIGN (0x4)

.dbg_data       0xa0000004        0x0
                0xa0000004                . = (. + DEFINED (_DEBUGGER)?0x200:0x0)

.jcr            0xa0000004        0x0
 *(.jcr)
                0xa0000004                . = ALIGN (0x4)

.eh_frame
 *(.eh_frame)
                0xa0000004                . = ALIGN (0x4)

.gcc_except_table
 *(.gcc_except_table .gcc_except_table.*)
                0xa0000004                . = ALIGN (0x4)

.persist        0xa0000004        0x0
                0xa0000004                _persist_begin = .
 *(.persist .persist.*)
 *(.pbss .pbss.*)
                0xa0000004                . = ALIGN (0x4)
                0xa0000004                _persist_end = .

.data           0xa0000004        0x0
 *(.gnu.linkonce.d.*)
 *(.data1)
                0xa0000004                . = ALIGN (0x4)
                0xa0000004                . = .
                0xa0008000                _gp = (ALIGN (0x10) + 0x7ff0)

.got            0xa0000004        0x0
 *(.got.plt)
 *(.got)
                0xa0000004                . = ALIGN (0x4)

.sdata          0xa0000004       0x38
                0xa0000004                _sdata_begin = .
 *(.sdata .sdata.* .gnu.linkonce.s.*)
 .sdata.gLastFATSectorRead.gLastFATSectorRead
                0xa0000004        0x4 build/debug/production/_ext/1209914024/FSIO.o
                0xa0000004                gLastFATSectorRead
 .sdata.gLastDataSectorRead.gLastDataSectorRead
                0xa0000008        0x4 build/debug/production/_ext/1209914024/FSIO.o
                0xa0000008                gLastDataSectorRead
 .sdata.cwdptr.cwdptr
                0xa000000c        0x4 build/debug/production/_ext/1209914024/FSIO.o
                0xa000000c                cwdptr
 .sdata.factorF.factorF
                0xa0000010        0x4 build/debug/production/_ext/1019771169/SClib.o
                0xa0000010                factorF
 .sdata.factorDNumerator.factorDNumerator
                0xa0000014        0x1 build/debug/production/_ext/1019771169/SClib.o
                0xa0000014                factorDNumerator
 .sdata.factorDdenominator.factorDdenominator
                0xa0000015        0x1 build/debug/production/_ext/1019771169/SClib.o
                0xa0000015                factorDdenominator
 *fill*         0xa0000016        0x2 
 .sdata.RWD_Command_ThisBit.RWD_Command_ThisBit
                0xa0000018        0x4 build/debug/production/src/main.o
                0xa0000018                RWD_Command_ThisBit
 .sdata.OnOff.OnOff
                0xa000001c        0x8 build/debug/production/src/main.o
                0xa000001c                OnOff
 .sdata.HighLow.HighLow
                0xa0000024        0x8 build/debug/production/src/main.o
                0xa0000024                HighLow
 .sdata.prompt.25869.prompt
                0xa000002c        0x4 build/debug/production/src/main.o
 .sdata.Clock_Tick_Counter_Reset.Clock_Tick_Counter_Reset
                0xa0000030        0x4 build/debug/production/src/isr.o
                0xa0000030                Clock_Tick_Counter_Reset
 .sdata.Previous.Previous
                0xa0000034        0x1 build/debug/production/src/isr.o
                0xa0000034                Previous
 *fill*         0xa0000035        0x3 
 .sdata         0xa0000038        0x4 /opt/microchip/xc32/v1.40/bin/bin/../../lib/gcc/pic32mx/4.8.3/../../../../pic32mx/lib/libpic32.a(xc32_uart.o)
                0xa0000038                __XC_UART
                0xa000003c                . = ALIGN (0x4)
                0xa000003c                _sdata_end = .

.lit8
 *(.lit8)

.lit4
 *(.lit4)
                0xa000003c                . = ALIGN (0x4)
                0xa000003c                _data_end = .
                0xa000003c                _bss_begin = .

.sbss           0xa000003c      0x218
                0xa000003c                _sbss_begin = .
 *(.dynsbss)
 *(.sbss .sbss.* .gnu.linkonce.sb.*)
 .sbss.gNeedFATWrite.gNeedFATWrite
                0xa000003c        0x1 build/debug/production/_ext/1209914024/FSIO.o
                0xa000003c                gNeedFATWrite
 *fill*         0xa000003d        0x3 
 .sbss.gBufferOwner.gBufferOwner
                0xa0000040        0x4 build/debug/production/_ext/1209914024/FSIO.o
                0xa0000040                gBufferOwner
 .sbss.gNeedDataWrite.gNeedDataWrite
                0xa0000044        0x1 build/debug/production/_ext/1209914024/FSIO.o
                0xa0000044                gNeedDataWrite
 .sbss.nextClusterIsLast.nextClusterIsLast
                0xa0000045        0x1 build/debug/production/_ext/1209914024/FSIO.o
                0xa0000045                nextClusterIsLast
 .sbss.gBufferZeroed.gBufferZeroed
                0xa0000046        0x1 build/debug/production/_ext/1209914024/FSIO.o
                0xa0000046                gBufferZeroed
 .sbss.recache.recache
                0xa0000047        0x1 build/debug/production/_ext/1209914024/FSIO.o
                0xa0000047                recache
 .sbss.utfModeFileName.utfModeFileName
                0xa0000048        0x4 build/debug/production/_ext/1209914024/FSIO.o
                0xa0000048                utfModeFileName
 .sbss.twoByteMode.twoByteMode
                0xa000004c        0x4 build/debug/production/_ext/1209914024/FSIO.o
                0xa000004c                twoByteMode
 .sbss.mediaInformation.mediaInformation
                0xa0000050        0x8 build/debug/production/_ext/1209914024/SD-SPI.o
 .sbss.blockCounter.24777.blockCounter
                0xa0000058        0x2 build/debug/production/_ext/1209914024/SD-SPI.o
 *fill*         0xa000005a        0x2 
 .sbss.SingleBlockRead.24779.SingleBlockRead
                0xa000005c        0x4 build/debug/production/_ext/1209914024/SD-SPI.o
 .sbss.longTimeoutCounter.24778.longTimeoutCounter
                0xa0000060        0x4 build/debug/production/_ext/1209914024/SD-SPI.o
 .sbss.blockCounter.24801.blockCounter
                0xa0000064        0x2 build/debug/production/_ext/1209914024/SD-SPI.o
 .sbss.command.24803.command
                0xa0000066        0x1 build/debug/production/_ext/1209914024/SD-SPI.o
 .sbss.data_byte.24800.data_byte
                0xa0000067        0x1 build/debug/production/_ext/1209914024/SD-SPI.o
 .sbss.WriteTimeout.24802.WriteTimeout
                0xa0000068        0x4 build/debug/production/_ext/1209914024/SD-SPI.o
 .sbss.scATRLength.scATRLength
                0xa000006c        0x1 build/debug/production/_ext/1019771169/SClib.o
                0xa000006c                scATRLength
 *fill*         0xa000006d        0x3 
 .sbss.scATR_HistoryBuffer.scATR_HistoryBuffer
                0xa0000070        0x4 build/debug/production/_ext/1019771169/SClib.o
                0xa0000070                scATR_HistoryBuffer
 .sbss.scATR_HistoryLength.scATR_HistoryLength
                0xa0000074        0x1 build/debug/production/_ext/1019771169/SClib.o
                0xa0000074                scATR_HistoryLength
 *fill*         0xa0000075        0x3 
 .sbss.gCardState.gCardState
                0xa0000078        0x4 build/debug/production/_ext/1019771169/SClib.o
                0xa0000078                gCardState
 .sbss.scLastError.scLastError
                0xa000007c        0x4 build/debug/production/_ext/1019771169/SClib.o
                0xa000007c                scLastError
 .sbss.delayLapsedFlag.delayLapsedFlag
                0xa0000080        0x4 build/debug/production/_ext/1019771169/SCpic32.o
                0xa0000080                delayLapsedFlag
 .sbss.EmulationMode.EmulationMode
                0xa0000084        0x1 build/debug/production/src/main.o
                0xa0000084                EmulationMode
 *fill*         0xa0000085        0x3 
 .sbss.SnifferMode.SnifferMode
                0xa0000088        0x4 build/debug/production/src/main.o
                0xa0000088                SnifferMode
 .sbss.WiegandOutput.WiegandOutput
                0xa000008c        0x4 build/debug/production/src/main.o
                0xa000008c                WiegandOutput
 .sbss.EMU_Background.EMU_Background
                0xa0000090        0x4 build/debug/production/src/main.o
                0xa0000090                EMU_Background
 .sbss.ReaderPeriod.ReaderPeriod
                0xa0000094        0x1 build/debug/production/src/main.o
                0xa0000094                ReaderPeriod
 *fill*         0xa0000095        0x3 
 .sbss.FakeRead.FakeRead
                0xa0000098        0x4 build/debug/production/src/main.o
                0xa0000098                FakeRead
 .sbss.PWD_Mode.PWD_Mode
                0xa000009c        0x4 build/debug/production/src/main.o
                0xa000009c                PWD_Mode
 .sbss.RWD_State.RWD_State
                0xa00000a0        0x1 build/debug/production/src/main.o
                0xa00000a0                RWD_State
 *fill*         0xa00000a1        0x3 
 .sbss.RWD_Fc.RWD_Fc
                0xa00000a4        0x4 build/debug/production/src/main.o
                0xa00000a4                RWD_Fc
 .sbss.RWD_Gap_Period.RWD_Gap_Period
                0xa00000a8        0x4 build/debug/production/src/main.o
                0xa00000a8                RWD_Gap_Period
 .sbss.RWD_Zero_Period.RWD_Zero_Period
                0xa00000ac        0x4 build/debug/production/src/main.o
                0xa00000ac                RWD_Zero_Period
 .sbss.RWD_One_Period.RWD_One_Period
                0xa00000b0        0x4 build/debug/production/src/main.o
                0xa00000b0                RWD_One_Period
 .sbss.RWD_Sleep_Period.RWD_Sleep_Period
                0xa00000b4        0x4 build/debug/production/src/main.o
                0xa00000b4                RWD_Sleep_Period
 .sbss.RWD_Wake_Period.RWD_Wake_Period
                0xa00000b8        0x4 build/debug/production/src/main.o
                0xa00000b8                RWD_Wake_Period
 .sbss.RWD_Wait_Switch_TX_RX.RWD_Wait_Switch_TX_RX
                0xa00000bc        0x4 build/debug/production/src/main.o
                0xa00000bc                RWD_Wait_Switch_TX_RX
 .sbss.RWD_Wait_Switch_RX_TX.RWD_Wait_Switch_RX_TX
                0xa00000c0        0x4 build/debug/production/src/main.o
                0xa00000c0                RWD_Wait_Switch_RX_TX
 .sbss.RWD_Post_Wait.RWD_Post_Wait
                0xa00000c4        0x4 build/debug/production/src/main.o
                0xa00000c4                RWD_Post_Wait
 .sbss.RWD_OC5_config.RWD_OC5_config
                0xa00000c8        0x4 build/debug/production/src/main.o
                0xa00000c8                RWD_OC5_config
 .sbss.RWD_OC5_r.RWD_OC5_r
                0xa00000cc        0x4 build/debug/production/src/main.o
                0xa00000cc                RWD_OC5_r
 .sbss.RWD_OC5_rs.RWD_OC5_rs
                0xa00000d0        0x4 build/debug/production/src/main.o
                0xa00000d0                RWD_OC5_rs
 .sbss.DataBuffCount.DataBuffCount
                0xa00000d4        0x4 build/debug/production/src/main.o
                0xa00000d4                DataBuffCount
 .sbss.Interface.Interface
                0xa00000d8        0x1 build/debug/production/src/main.o
                0xa00000d8                Interface
 .sbss.CommsChannel.CommsChannel
                0xa00000d9        0x1 build/debug/production/src/main.o
                0xa00000d9                CommsChannel
 .sbss.Sniffstore.Sniffstore
                0xa00000da        0x1 build/debug/production/src/main.o
                0xa00000da                Sniffstore
 *fill*         0xa00000db        0x1 
 .sbss.SoftwareKey.SoftwareKey
                0xa00000dc        0x4 build/debug/production/src/main.o
                0xa00000dc                SoftwareKey
 .sbss.commandbytes.25772.commandbytes
                0xa00000e0        0x1 build/debug/production/src/main.o
 .sbss.going_up.25777.going_up
                0xa00000e1        0x1 build/debug/production/src/main.o
 .sbss.history_pos.25775.history_pos
                0xa00000e2        0x1 build/debug/production/src/main.o
 .sbss.history_peak.25776.history_peak
                0xa00000e3        0x1 build/debug/production/src/main.o
 .sbss.delay_count.25809.delay_count
                0xa00000e4        0x2 build/debug/production/src/main.o
 *fill*         0xa00000e6        0x2 
 .sbss.tmplong.25864.tmplong
                0xa00000e8        0x4 build/debug/production/src/main.o
 .sbss.x.25183.x
                0xa00000ec        0x4 build/debug/production/src/util.o
 .sbss.Led_Count.Led_Count
                0xa00000f0        0x4 build/debug/production/src/comms.o
                0xa00000f0                Led_Count
 .sbss.PSK_Read_Error.PSK_Read_Error
                0xa00000f4        0x4 build/debug/production/src/isr.o
                0xa00000f4                PSK_Read_Error
 .sbss.Manchester_Error.Manchester_Error
                0xa00000f8        0x4 build/debug/production/src/isr.o
                0xa00000f8                Manchester_Error
 .sbss.Reader_Bit_Count.Reader_Bit_Count
                0xa00000fc        0x4 build/debug/production/src/isr.o
                0xa00000fc                Reader_Bit_Count
 .sbss.count.24296.count
                0xa0000100        0x4 build/debug/production/src/isr.o
 .sbss.count.24311.count
                0xa0000104        0x4 build/debug/production/src/isr.o
 .sbss.out.24322.out
                0xa0000108        0x1 build/debug/production/src/isr.o
 *fill*         0xa0000109        0x3 
 .sbss.CryptoActive.CryptoActive
                0xa000010c        0x4 build/debug/production/src/hitag.o
                0xa000010c                CryptoActive
 .sbss.pwd.24733.pwd
                0xa0000110        0x4 build/debug/production/src/q5.o
 *(.scommon)
 .scommon       0xa0000114       0x28 build/debug/production/_ext/1209914024/FSIO.o
                0xa0000114                fileNameLength
                0xa0000116                gTimeCrtMS
                0xa0000118                asciiFilename
                0xa000011c                gFileSlotOpen
                0xa0000120                utf16Filename
                0xa0000124                TempClusterCalc
                0xa0000128                FatRootDirClusterValue
                0xa000012c                gTimeCrtTime
                0xa000012e                dirCleared
                0xa0000130                recordSearchLength
                0xa0000132                gTimeWrtTime
                0xa0000134                gTimeAccDate
                0xa0000136                gTimeWrtDate
                0xa0000138                FSerrno
                0xa000013a                gTimeCrtDate
 .scommon       0xa000013c        0x8 build/debug/production/_ext/1209914024/SD-SPI.o
                0xa000013c                MDD_SDSPI_finalLBA
                0xa0000140                gSDMode
                0xa0000142                gMediaSectorSize
 .scommon       0xa0000144       0x24 build/debug/production/_ext/1019771169/SClib.o
                0xa0000144                scPPSresponseLength
                0xa0000146                cgtETU
                0xa0000148                scTA3
                0xa0000149                scTA2
                0xa000014a                scTA1
                0xa000014b                scTD1
                0xa000014c                scTD2
                0xa000014d                scTD3
                0xa0000150                scPPSresponse
                0xa0000158                cgtInMicroSeconds
                0xa000015c                scTC1
                0xa000015d                scTC2
                0xa000015e                scTC3
                0xa000015f                scTB1
                0xa0000160                scTB3
                0xa0000161                scTB2
                0xa0000164                t0WWTetu
 .scommon       0xa0000168        0xc build/debug/production/_ext/1019771169/SCpic32.o
                0xa0000168                baudRate
                0xa000016c                oneETUtimeinMicroSeconds
                0xa000016e                rxETUtimeDivisorFactor
                0xa0000170                scReferenceClock
 .scommon       0xa0000174       0x39 build/debug/production/_ext/631258897/usb_function_cdc.o
                0xa0000174                CDCDataInHandle
                0xa0000178                BaudRateGen
                0xa000017c                pCDCSrc
                0xa0000180                pCDCDst
                0xa0000184                CDCDataOutHandle
                0xa0000188                line_coding
                0xa0000190                cdc_tx_len
                0xa0000194                dummy_encapsulated_cmd_response
                0xa000019c                cdc_notice
                0xa00001a4                cdc_rx_len
                0xa00001a5                cdc_trf_state
                0xa00001a8                control_signal_bitmap
                0xa00001ac                cdc_mem_type
 *fill*         0xa00001ad        0x3 
 .scommon       0xa00001b0       0x5c build/debug/production/_ext/186742988/usb_device.o
                0xa00001b0                BothEP0OutUOWNsSet
                0xa00001b4                USBDeferStatusStagePacket
                0xa00001b8                USBStatusStageEnabledFlag1
                0xa00001bc                USBActiveConfiguration
                0xa00001c0                USBStatusStageEnabledFlag2
                0xa00001c4                shortPacketStatus
                0xa00001c8                USTATcopy
                0xa00001cc                SetupPkt
                0xa00001d4                USBBusIsSuspended
                0xa00001d8                ep_data_out
                0xa00001dc                pBDTEntryEP0OutNext
                0xa00001e0                controlTransferState
                0xa00001e4                pBDTEntryEP0OutCurrent
                0xa00001e8                pDst
                0xa00001ec                endpoint_number
                0xa00001f0                USBDeferINDataStagePackets
                0xa00001f4                USBDeferOUTDataStagePackets
                0xa00001f8                USBDeviceState
                0xa00001fc                USBStatusStageTimeoutCounter
                0xa0000200                RemoteWakeup
                0xa0000204                USBAlternateInterface
                0xa0000208                ep_data_in
 .scommon       0xa000020c       0x24 build/debug/production/src/main.o
                0xa000020c                EMU_ThisBit
                0xa000020d                EMU_SubCarrier_T0
                0xa0000210                buttonPressed
                0xa0000214                EMU_SubCarrier_T1
                0xa0000218                EMU_Data
                0xa000021c                buttonCount
                0xa0000220                EMU_Reset_Data
                0xa0000224                EMU_Repeat
                0xa0000228                stringPrinted
                0xa000022c                EMU_DataBitRate
 .scommon       0xa0000230        0x8 build/debug/production/src/util.o
                0xa0000230                RTC_date
                0xa0000234                RTC_time
 .scommon       0xa0000238        0xd build/debug/production/src/isr.o
                0xa0000238                HW_Bits
                0xa000023c                Clock_Tick_Counter
                0xa0000240                PSK_Min_Pulse
                0xa0000244                HW_Skip_Bits
 *fill*         0xa0000245        0x3 
 .scommon       0xa0000248        0xa build/debug/production/src/iso7816.o
                0xa0000248                cardResponse
                0xa000024c                cardCommand
                0xa0000252                _sbss_end = .
                0xa0000254                . = ALIGN (0x4)
 *fill*         0xa0000252        0x2 

.bss            0xa0000400     0x66f0
 *(.dynbss)
 *(COMMON)
 COMMON         0xa0000400     0x13f2 build/debug/production/_ext/1209914024/FSIO.o
                0xa0000400                gDataBuffer
                0xa0000600                tempCWDobj
                0xa0000644                fileFoundString
                0xa0000850                gFATBuffer
                0xa0000a50                lfnData
                0xa0001058                gDiskData
                0xa0001080                cwd
                0xa00010c4                gFileArray
                0xa0001190                recordSearchName
                0xa0001394                defaultArray
                0xa00013a0                gFileTemp
                0xa00013e4                recordFoundName
                0xa00015e8                tempDirectoryString
 *fill*         0xa00017f2        0x2 
 COMMON         0xa00017f4       0x21 build/debug/production/_ext/1019771169/SClib.o
                0xa00017f4                scCardATR
 *fill*         0xa0001815        0x3 
 COMMON         0xa0001818       0x80 build/debug/production/_ext/631258897/usb_function_cdc.o
                0xa0001818                cdc_data_rx
                0xa0001858                cdc_data_tx
 *fill*         0xa0001898      0x168 
 COMMON         0xa0001a00      0x2db build/debug/production/_ext/186742988/usb_device.o
                0xa0001a00                pBDTEntryOut
                0xa0001a10                pBDTEntryIn
                0xa0001c00                BDT
                0xa0001c80                inPipes
                0xa0001c90                CtrlTrfData
                0xa0001cd0                outPipes
 *fill*         0xa0001cdb        0x1 
 COMMON         0xa0001cdc     0x4d04 build/debug/production/src/main.o
                0xa0001cdc                TmpBits
                0xa00024dc                DataBuff
                0xa00044dc                Comms_Out_Buffer
                0xa000455c                TmpBuff
                0xa000555c                RWD_Command_Buff
                0xa000565c                Comms_In_Buffer
                0xa00056dc                RFIDlerConfig
                0xa00057d8                RFIDlerVTag
 COMMON         0xa00069e0       0x10 build/debug/production/src/hitag.o
                0xa00069e0                Hitag_Crypto_State
 COMMON         0xa00069f0       0xff build/debug/production/src/iso7816.o
                0xa00069f0                apduData
                0xa0006af0                . = ALIGN ((. != 0x0)?0x4:0x1)
 *fill*         0xa0006aef        0x1 
                0xa0006af0                . = ALIGN (0x4)
                0xa0006af0                _end = .
                0xa0006af0                _bss_end = .
                0x00007f00                _bmxdudba_address = 0x7f00
                0x00007f00                _bmxdupba_address = 0x7f00

/DISCARD/
 *(.pdr)
 *(.rel.dyn)
 *(.note.GNU-stack)
 *(.note.GNU-stack)
 *(.gnu_debuglink)
 *(.gnu.lto_*)
 *(.discard)

.gptab.sdata
 *(.gptab.data)
 *(.gptab.sdata)

.gptab.sbss
 *(.gptab.bss)
 *(.gptab.sbss)

.mdebug.abi32   0xa0006af0        0x0
 *(.mdebug.abi32)
 .mdebug.abi32  0xa0006af0        0x0 build/debug/production/_ext/1209914024/FSIO.o
 .mdebug.abi32  0xa0006af0        0x0 build/debug/production/_ext/1209914024/SD-SPI.o
 .mdebug.abi32  0xa0006af0        0x0 build/debug/production/_ext/1019771169/SClib.o
 .mdebug.abi32  0xa0006af0        0x0 build/debug/production/_ext/1019771169/SCpic32.o
 .mdebug.abi32  0xa0006af0        0x0 build/debug/production/_ext/631258897/usb_function_cdc.o
 .mdebug.abi32  0xa0006af0        0x0 build/debug/production/_ext/186742988/usb_device.o
 .mdebug.abi32  0xa0006af0        0x0 build/debug/production/src/indala.o
 .mdebug.abi32  0xa0006af0        0x0 build/debug/production/src/main.o
 .mdebug.abi32  0xa0006af0        0x0 build/debug/production/src/psk.o
 .mdebug.abi32  0xa0006af0        0x0 build/debug/production/src/usb_descriptors.o
 .mdebug.abi32  0xa0006af0        0x0 build/debug/production/src/util.o
 .mdebug.abi32  0xa0006af0        0x0 build/debug/production/src/emulate.o
 .mdebug.abi32  0xa0006af0        0x0 build/debug/production/src/ask.o
 .mdebug.abi32  0xa0006af0        0x0 build/debug/production/src/fsk.o
 .mdebug.abi32  0xa0006af0        0x0 build/debug/production/src/clock.o
 .mdebug.abi32  0xa0006af0        0x0 build/debug/production/src/rwd.o
 .mdebug.abi32  0xa0006af0        0x0 build/debug/production/src/detect.o
 .mdebug.abi32  0xa0006af0        0x0 build/debug/production/src/hitagcrypto.o
 .mdebug.abi32  0xa0006af0        0x0 build/debug/production/src/wiegand.o
 .mdebug.abi32  0xa0006af0        0x0 build/debug/production/src/comms.o
 .mdebug.abi32  0xa0006af0        0x0 build/debug/production/src/nvm.o
 .mdebug.abi32  0xa0006af0        0x0 build/debug/production/src/mcp414x.o
 .mdebug.abi32  0xa0006af0        0x0 build/debug/production/src/spi.o
 .mdebug.abi32  0xa0006af0        0x0 build/debug/production/src/uart3.o
 .mdebug.abi32  0xa0006af0        0x0 build/debug/production/src/tags.o
 .mdebug.abi32  0xa0006af0        0x0 build/debug/production/src/unique.o
 .mdebug.abi32  0xa0006af0        0x0 build/debug/production/src/led.o
 .mdebug.abi32  0xa0006af0        0x0 build/debug/production/src/em.o
 .mdebug.abi32  0xa0006af0        0x0 build/debug/production/src/hid.o
 .mdebug.abi32  0xa0006af0        0x0 build/debug/production/src/read.o
 .mdebug.abi32  0xa0006af0        0x0 build/debug/production/src/isr.o
 .mdebug.abi32  0xa0006af0        0x0 build/debug/production/src/auto.o
 .mdebug.abi32  0xa0006af0        0x0 build/debug/production/src/fdxb.o
 .mdebug.abi32  0xa0006af0        0x0 build/debug/production/src/hitag.o
 .mdebug.abi32  0xa0006af0        0x0 build/debug/production/src/uid.o
 .mdebug.abi32  0xa0006af0        0x0 build/debug/production/src/login.o
 .mdebug.abi32  0xa0006af0        0x0 build/debug/production/src/write.o
 .mdebug.abi32  0xa0006af0        0x0 build/debug/production/src/auth.o
 .mdebug.abi32  0xa0006af0        0x0 build/debug/production/src/q5.o
 .mdebug.abi32  0xa0006af0        0x0 build/debug/production/src/vtag.o
 .mdebug.abi32  0xa0006af0        0x0 build/debug/production/src/config.o
 .mdebug.abi32  0xa0006af0        0x0 build/debug/production/src/select.o
 .mdebug.abi32  0xa0006af0        0x0 build/debug/production/src/sdcard.o
 .mdebug.abi32  0xa0006af0        0x0 build/debug/production/src/debug_pins.o
 .mdebug.abi32  0xa0006af0        0x0 build/debug/production/src/awid.o
 .mdebug.abi32  0xa0006af0        0x0 build/debug/production/src/analogue.o
 .mdebug.abi32  0xa0006af0        0x0 build/debug/production/src/iso7816.o
 .mdebug.abi32  0xa0006af0        0x0 build/debug/production/src/t55x7.o
 .mdebug.abi32  0xa0006af0        0x0 build/debug/production/src/sniff.o
 .mdebug.abi32  0xa0006af0        0x0 build/debug/production/src/tamagotchi.o
 .mdebug.abi32  0xa0006af0        0x0 build/debug/production/src/hdx.o
 .mdebug.abi32  0xa0006af0        0x0 build/debug/production/src/hitag2crack.o
 .mdebug.abi32  0xa0006af0        0x0 build/debug/production/src/paxton.o
 .mdebug.abi32  0xa0006af0        0x0 /opt/microchip/xc32/v1.40/pic32mx/lib/libmchp_peripheral_32MX795F512L.a(soft_reset_lib.o)
 .mdebug.abi32  0xa0006af0        0x0 /opt/microchip/xc32/v1.40/pic32mx/lib/libmchp_peripheral_32MX795F512L.a(pcache.o)
 .mdebug.abi32  0xa0006af0        0x0 /opt/microchip/xc32/v1.40/pic32mx/lib/libmchp_peripheral_32MX795F512L.a(int_configure_system_lib.o)
 .mdebug.abi32  0xa0006af0        0x0 /opt/microchip/xc32/v1.40/pic32mx/lib/libmchp_peripheral_32MX795F512L.a(int_enable_interrupts_lib.o)
 .mdebug.abi32  0xa0006af0        0x0 /opt/microchip/xc32/v1.40/pic32mx/lib/libmchp_peripheral_32MX795F512L.a(int_disable_interrupts_lib.o)
 .mdebug.abi32  0xa0006af0        0x0 /opt/microchip/xc32/v1.40/pic32mx/lib/libmchp_peripheral_32MX795F512L.a(int_restore_interrupts_lib.o)
 .mdebug.abi32  0xa0006af0        0x0 /opt/microchip/xc32/v1.40/pic32mx/lib/libmchp_peripheral_32MX795F512L.a(int_enable_mv_int_lib.o)
 .mdebug.abi32  0xa0006af0        0x0 /opt/microchip/xc32/v1.40/pic32mx/lib/libmchp_peripheral_32MX795F512L.a(int_tbl_lib.o)
 .mdebug.abi32  0xa0006af0        0x0 /opt/microchip/xc32/v1.40/pic32mx/lib/libmchp_peripheral_32MX795F512L.a(spi_chn_close_lib.o)
 .mdebug.abi32  0xa0006af0        0x0 /opt/microchip/xc32/v1.40/pic32mx/lib/libmchp_peripheral_32MX795F512L.a(spi_chn_open_lib.o)
 .mdebug.abi32  0xa0006af0        0x0 /opt/microchip/xc32/v1.40/pic32mx/lib/libmchp_peripheral_32MX795F512L.a(spi_io_tbl_libp.o)
 .mdebug.abi32  0xa0006af0        0x0 /opt/microchip/xc32/v1.40/pic32mx/lib/libmchp_peripheral_32MX795F512L.a(spi_map_tbl_libp.o)
 .mdebug.abi32  0xa0006af0        0x0 /opt/microchip/xc32/v1.40/pic32mx/lib/libmchp_peripheral_32MX795F512L.a(spi_getc_spi1_lib_legacy.o)
 .mdebug.abi32  0xa0006af0        0x0 /opt/microchip/xc32/v1.40/pic32mx/lib/libmchp_peripheral_32MX795F512L.a(spi_open_spi1_lib_legacy.o)
 .mdebug.abi32  0xa0006af0        0x0 /opt/microchip/xc32/v1.40/pic32mx/lib/libmchp_peripheral_32MX795F512L.a(spi_brg_tbl_lib_legacy.o)
 .mdebug.abi32  0xa0006af0        0x0 /opt/microchip/xc32/v1.40/pic32mx/lib/libmchp_peripheral_32MX795F512L.a(nvm_erase_page_lib.o)
 .mdebug.abi32  0xa0006af0        0x0 /opt/microchip/xc32/v1.40/pic32mx/lib/libmchp_peripheral_32MX795F512L.a(nvm_operation_lib.o)
 .mdebug.abi32  0xa0006af0        0x0 /opt/microchip/xc32/v1.40/pic32mx/lib/libmchp_peripheral_32MX795F512L.a(nvm_program_lib.o)
 .mdebug.abi32  0xa0006af0        0x0 /opt/microchip/xc32/v1.40/pic32mx/lib/libmchp_peripheral_32MX795F512L.a(nvm_write_row_lib.o)
 .mdebug.abi32  0xa0006af0        0x0 /opt/microchip/xc32/v1.40/pic32mx/lib/libmchp_peripheral_32MX795F512L.a(port_reset_pins_lib.o)
 .mdebug.abi32  0xa0006af0        0x0 /opt/microchip/xc32/v1.40/pic32mx/lib/libmchp_peripheral_32MX795F512L.a(port_set_pins_digital_in_lib.o)
 .mdebug.abi32  0xa0006af0        0x0 /opt/microchip/xc32/v1.40/pic32mx/lib/libmchp_peripheral_32MX795F512L.a(port_set_pins_digital_out_lib.o)
 .mdebug.abi32  0xa0006af0        0x0 /opt/microchip/xc32/v1.40/pic32mx/lib/libmchp_peripheral_32MX795F512L.a(_ports_tbl_libp.o)
 .mdebug.abi32  0xa0006af0        0x0 /opt/microchip/xc32/v1.40/bin/bin/../../lib/gcc/pic32mx/4.8.3/libgcc.a(_popcountsi2.o)
 .mdebug.abi32  0xa0006af0        0x0 /opt/microchip/xc32/v1.40/bin/bin/../../lib/gcc/pic32mx/4.8.3/libgcc.a(_udivdi3.o)
 .mdebug.abi32  0xa0006af0        0x0 /opt/microchip/xc32/v1.40/bin/bin/../../lib/gcc/pic32mx/4.8.3/libgcc.a(_popcount_tab.o)
 .mdebug.abi32  0xa0006af0        0x0 /opt/microchip/xc32/v1.40/bin/bin/../../lib/gcc/pic32mx/4.8.3/../../../../pic32mx/lib/libpic32.a(default-bootstrap-exception-handler.o)
 .mdebug.abi32  0xa0006af0        0x0 /opt/microchip/xc32/v1.40/bin/bin/../../lib/gcc/pic32mx/4.8.3/../../../../pic32mx/lib/libpic32.a(default-on-reset.o)
 .mdebug.abi32  0xa0006af0        0x0 /opt/microchip/xc32/v1.40/bin/bin/../../lib/gcc/pic32mx/4.8.3/../../../../pic32mx/lib/libpic32.a(default-on-bootstrap.o)
 .mdebug.abi32  0xa0006af0        0x0 /opt/microchip/xc32/v1.40/bin/bin/../../lib/gcc/pic32mx/4.8.3/../../../../pic32mx/lib/libpic32.a(default-general-exception-handler.o)
 .mdebug.abi32  0xa0006af0        0x0 /opt/microchip/xc32/v1.40/bin/bin/../../lib/gcc/pic32mx/4.8.3/../../../../pic32mx/lib/libpic32.a(defaultinterrupt.o)
 .mdebug.abi32  0xa0006af0        0x0 /opt/microchip/xc32/v1.40/bin/bin/../../lib/gcc/pic32mx/4.8.3/../../../../pic32mx/lib/libc.a(ctypef.o)
 .mdebug.abi32  0xa0006af0        0x0 /opt/microchip/xc32/v1.40/bin/bin/../../lib/gcc/pic32mx/4.8.3/../../../../pic32mx/lib/libc.a(rand.o)
 .mdebug.abi32  0xa0006af0        0x0 /opt/microchip/xc32/v1.40/bin/bin/../../lib/gcc/pic32mx/4.8.3/../../../../pic32mx/lib/libc.a(strcat.o)
 .mdebug.abi32  0xa0006af0        0x0 /opt/microchip/xc32/v1.40/bin/bin/../../lib/gcc/pic32mx/4.8.3/../../../../pic32mx/lib/libc.a(strchr.o)
 .mdebug.abi32  0xa0006af0        0x0 /opt/microchip/xc32/v1.40/bin/bin/../../lib/gcc/pic32mx/4.8.3/../../../../pic32mx/lib/libc.a(strncmp.o)
 .mdebug.abi32  0xa0006af0        0x0 /opt/microchip/xc32/v1.40/bin/bin/../../lib/gcc/pic32mx/4.8.3/../../../../pic32mx/lib/libc.a(strncpy.o)
 .mdebug.abi32  0xa0006af0        0x0 /opt/microchip/xc32/v1.40/bin/bin/../../lib/gcc/pic32mx/4.8.3/../../../../pic32mx/lib/libc.a(snprintf_cdnopuxX.eo)
 .mdebug.abi32  0xa0006af0        0x0 /opt/microchip/xc32/v1.40/bin/bin/../../lib/gcc/pic32mx/4.8.3/../../../../pic32mx/lib/libc.a(snprintf.o)
 .mdebug.abi32  0xa0006af0        0x0 /opt/microchip/xc32/v1.40/bin/bin/../../lib/gcc/pic32mx/4.8.3/../../../../pic32mx/lib/libc.a(sprintf_cdnopsuxX.eo)
 .mdebug.abi32  0xa0006af0        0x0 /opt/microchip/xc32/v1.40/bin/bin/../../lib/gcc/pic32mx/4.8.3/../../../../pic32mx/lib/libc.a(sprintf.o)
 .mdebug.abi32  0xa0006af0        0x0 /opt/microchip/xc32/v1.40/bin/bin/../../lib/gcc/pic32mx/4.8.3/../../../../pic32mx/lib/libc.a(sscanf_cdfFnopsuxX.eo)
 .mdebug.abi32  0xa0006af0        0x0 /opt/microchip/xc32/v1.40/bin/bin/../../lib/gcc/pic32mx/4.8.3/../../../../pic32mx/lib/libc.a(vsnprintf_cdnopuxX.eo)
 .mdebug.abi32  0xa0006af0        0x0 /opt/microchip/xc32/v1.40/bin/bin/../../lib/gcc/pic32mx/4.8.3/../../../../pic32mx/lib/libc.a(vsnprintf.o)
 .mdebug.abi32  0xa0006af0        0x0 /opt/microchip/xc32/v1.40/bin/bin/../../lib/gcc/pic32mx/4.8.3/../../../../pic32mx/lib/libc.a(ctype.o)
 .mdebug.abi32  0xa0006af0        0x0 /opt/microchip/xc32/v1.40/bin/bin/../../lib/gcc/pic32mx/4.8.3/../../../../pic32mx/lib/libc.a(doprnt_cdnopsuxX.eo)
 .mdebug.abi32  0xa0006af0        0x0 /opt/microchip/xc32/v1.40/bin/bin/../../lib/gcc/pic32mx/4.8.3/../../../../pic32mx/lib/libc.a(doprnt.o)
 .mdebug.abi32  0xa0006af0        0x0 /opt/microchip/xc32/v1.40/bin/bin/../../lib/gcc/pic32mx/4.8.3/../../../../pic32mx/lib/libc.a(doscan_cdfFnopsuxX.eo)
 .mdebug.abi32  0xa0006af0        0x0 /opt/microchip/xc32/v1.40/bin/bin/../../lib/gcc/pic32mx/4.8.3/../../../../pic32mx/lib/libc.a(doscan_cdnopuxX.eo)
 .mdebug.abi32  0xa0006af0        0x0 /opt/microchip/xc32/v1.40/bin/bin/../../lib/gcc/pic32mx/4.8.3/../../../../pic32mx/lib/libc.a(fgetc.o)
 .mdebug.abi32  0xa0006af0        0x0 /opt/microchip/xc32/v1.40/bin/bin/../../lib/gcc/pic32mx/4.8.3/../../../../pic32mx/lib/libc.a(_fputc_simple.o)
 .mdebug.abi32  0xa0006af0        0x0 /opt/microchip/xc32/v1.40/bin/bin/../../lib/gcc/pic32mx/4.8.3/../../../../pic32mx/lib/libc.a(atoi.o)
 .mdebug.abi32  0xa0006af0        0x0 /opt/microchip/xc32/v1.40/bin/bin/../../lib/gcc/pic32mx/4.8.3/../../../../pic32mx/lib/libc.a(powersf.o)
 .mdebug.abi32  0xa0006af0        0x0 /opt/microchip/xc32/v1.40/bin/bin/../../lib/gcc/pic32mx/4.8.3/../../../../pic32mx/lib/libc.a(strtod.o)
 .mdebug.abi32  0xa0006af0        0x0 /opt/microchip/xc32/v1.40/bin/bin/../../lib/gcc/pic32mx/4.8.3/../../../../pic32mx/lib/libc.a(strtof.o)
 .mdebug.abi32  0xa0006af0        0x0 /opt/microchip/xc32/v1.40/bin/bin/../../lib/gcc/pic32mx/4.8.3/../../../../pic32mx/lib/libc.a(ungetc.o)
 .mdebug.abi32  0xa0006af0        0x0 /opt/microchip/xc32/v1.40/bin/bin/../../lib/gcc/pic32mx/4.8.3/../../../../pic32mx/lib/libc.a(_iob.o)
 .mdebug.abi32  0xa0006af0        0x0 /opt/microchip/xc32/v1.40/bin/bin/../../lib/gcc/pic32mx/4.8.3/../../../../pic32mx/lib/libc.a(filbuf.o)
 .mdebug.abi32  0xa0006af0        0x0 /opt/microchip/xc32/v1.40/bin/bin/../../lib/gcc/pic32mx/4.8.3/../../../../pic32mx/lib/libc.a(_flsbuf_simple.o)
 .mdebug.abi32  0xa0006af0        0x0 /opt/microchip/xc32/v1.40/bin/bin/../../lib/gcc/pic32mx/4.8.3/../../../../pic32mx/lib/libc.a(fflush.o)
 .mdebug.abi32  0xa0006af0        0x0 /opt/microchip/xc32/v1.40/bin/bin/../../lib/gcc/pic32mx/4.8.3/../../../../pic32mx/lib/libpic32.a(read.o)
 .mdebug.abi32  0xa0006af0        0x0 /opt/microchip/xc32/v1.40/bin/bin/../../lib/gcc/pic32mx/4.8.3/../../../../pic32mx/lib/libpic32.a(write.o)
 .mdebug.abi32  0xa0006af0        0x0 /opt/microchip/xc32/v1.40/bin/bin/../../lib/gcc/pic32mx/4.8.3/../../../../pic32mx/lib/libpic32.a(xc32_uart.o)
 .mdebug.abi32  0xa0006af0        0x0 /opt/microchip/xc32/v1.40/bin/bin/../../lib/gcc/pic32mx/4.8.3/../../../../pic32mx/lib/libpic32.a(_mon_putc.o)
 .mdebug.abi32  0xa0006af0        0x0 /opt/microchip/xc32/v1.40/bin/bin/../../lib/gcc/pic32mx/4.8.3/../../../../pic32mx/lib/libm.a(__strtod.o)
 .mdebug.abi32  0xa0006af0        0x0 /opt/microchip/xc32/v1.40/bin/bin/../../lib/gcc/pic32mx/4.8.3/../../../../pic32mx/lib/libm.a(__strtof.o)
 .mdebug.abi32  0xa0006af0        0x0 /opt/microchip/xc32/v1.40/bin/bin/../../lib/gcc/pic32mx/4.8.3/../../../../pic32mx/lib/libe.a(_floatdisf.o)
 .mdebug.abi32  0xa0006af0        0x0 /opt/microchip/xc32/v1.40/bin/bin/../../lib/gcc/pic32mx/4.8.3/../../../../pic32mx/lib/libe.a(_ldexp.o)
 .mdebug.abi32  0xa0006af0        0x0 /opt/microchip/xc32/v1.40/bin/bin/../../lib/gcc/pic32mx/4.8.3/../../../../pic32mx/lib/libe.a(_ldexpf.o)
 .mdebug.abi32  0xa0006af0        0x0 /opt/microchip/xc32/v1.40/bin/bin/../../lib/gcc/pic32mx/4.8.3/libgcc.a(_lshrdi3.o)
 .mdebug.abi32  0xa0006af0        0x0 /opt/microchip/xc32/v1.40/bin/bin/../../lib/gcc/pic32mx/4.8.3/libgcc.a(_ashldi3.o)
 .mdebug.abi32  0xa0006af0        0x0 /opt/microchip/xc32/v1.40/bin/bin/../../lib/gcc/pic32mx/4.8.3/libgcc.a(_umoddi3.o)
 .mdebug.abi32  0xa0006af0        0x0 /opt/microchip/xc32/v1.40/bin/bin/../../lib/gcc/pic32mx/4.8.3/libgcc.a(floatunsisf.o)
 .mdebug.abi32  0xa0006af0        0x0 /opt/microchip/xc32/v1.40/bin/bin/../../lib/gcc/pic32mx/4.8.3/../../../../pic32mx/lib/libc.a(errno.o)

.mdebug.abiN32
 *(.mdebug.abiN32)

.mdebug.abi64
 *(.mdebug.abi64)

.mdebug.abiO64
 *(.mdebug.abiO64)

.mdebug.eabi32
 *(.mdebug.eabi32)

.mdebug.eabi64
 *(.mdebug.eabi64)

.gcc_compiled_long32
 *(.gcc_compiled_long32)

.gcc_compiled_long64
 *(.gcc_compiled_long64)

.stab
 *(.stab)

.stabstr
 *(.stabstr)

.stab.excl
 *(.stab.excl)

.stab.exclstr
 *(.stab.exclstr)

.stab.index
 *(.stab.index)

.stab.indexstr
 *(.stab.indexstr)

.comment        0x00000000      0x36c
 *(.comment)
 .comment       0x00000000       0x3c build/debug/production/_ext/1209914024/FSIO.o
                                 0x3d (size before relaxing)
 .comment       0x00000000       0x3d build/debug/production/_ext/1209914024/SD-SPI.o
 .comment       0x00000000       0x3d build/debug/production/_ext/1019771169/SClib.o
 .comment       0x00000000       0x3d build/debug/production/_ext/1019771169/SCpic32.o
 .comment       0x00000000       0x3d build/debug/production/_ext/631258897/usb_function_cdc.o
 .comment       0x00000000       0x3d build/debug/production/_ext/186742988/usb_device.o
 .comment       0x00000000       0x3d build/debug/production/src/indala.o
 .comment       0x00000000       0x3d build/debug/production/src/main.o
 .comment       0x00000000       0x3d build/debug/production/src/psk.o
 .comment       0x00000000       0x3d build/debug/production/src/usb_descriptors.o
 .comment       0x00000000       0x3d build/debug/production/src/util.o
 .comment       0x00000000       0x3d build/debug/production/src/emulate.o
 .comment       0x00000000       0x3d build/debug/production/src/ask.o
 .comment       0x00000000       0x3d build/debug/production/src/fsk.o
 .comment       0x00000000       0x3d build/debug/production/src/clock.o
 .comment       0x00000000       0x3d build/debug/production/src/rwd.o
 .comment       0x00000000       0x3d build/debug/production/src/detect.o
 .comment       0x00000000       0x3d build/debug/production/src/hitagcrypto.o
 .comment       0x00000000       0x3d build/debug/production/src/wiegand.o
 .comment       0x00000000       0x3d build/debug/production/src/comms.o
 .comment       0x00000000       0x3d build/debug/production/src/nvm.o
 .comment       0x00000000       0x3d build/debug/production/src/mcp414x.o
 .comment       0x00000000       0x3d build/debug/production/src/spi.o
 .comment       0x00000000       0x3d build/debug/production/src/uart3.o
 .comment       0x00000000       0x3d build/debug/production/src/tags.o
 .comment       0x00000000       0x3d build/debug/production/src/unique.o
 .comment       0x00000000       0x3d build/debug/production/src/led.o
 .comment       0x00000000       0x3d build/debug/production/src/em.o
 .comment       0x00000000       0x3d build/debug/production/src/hid.o
 .comment       0x00000000       0x3d build/debug/production/src/read.o
 .comment       0x00000000       0x3d build/debug/production/src/isr.o
 .comment       0x00000000       0x3d build/debug/production/src/auto.o
 .comment       0x00000000       0x3d build/debug/production/src/fdxb.o
 .comment       0x00000000       0x3d build/debug/production/src/hitag.o
 .comment       0x00000000       0x3d build/debug/production/src/uid.o
 .comment       0x00000000       0x3d build/debug/production/src/login.o
 .comment       0x00000000       0x3d build/debug/production/src/write.o
 .comment       0x00000000       0x3d build/debug/production/src/auth.o
 .comment       0x00000000       0x3d build/debug/production/src/q5.o
 .comment       0x00000000       0x3d build/debug/production/src/vtag.o
 .comment       0x00000000       0x3d build/debug/production/src/config.o
 .comment       0x00000000       0x3d build/debug/production/src/select.o
 .comment       0x00000000       0x3d build/debug/production/src/sdcard.o
 .comment       0x00000000       0x3d build/debug/production/src/debug_pins.o
 .comment       0x00000000       0x3d build/debug/production/src/awid.o
 .comment       0x00000000       0x3d build/debug/production/src/analogue.o
 .comment       0x00000000       0x3d build/debug/production/src/iso7816.o
 .comment       0x00000000       0x3d build/debug/production/src/t55x7.o
 .comment       0x00000000       0x3d build/debug/production/src/sniff.o
 .comment       0x00000000       0x3d build/debug/production/src/tamagotchi.o
 .comment       0x00000000       0x3d build/debug/production/src/hdx.o
 .comment       0x00000000       0x3d build/debug/production/src/hitag2crack.o
 .comment       0x00000000       0x3d build/debug/production/src/paxton.o
 .comment       0x00000000       0x3d /opt/microchip/xc32/v1.40/pic32mx/lib/libmchp_peripheral_32MX795F512L.a(soft_reset_lib.o)
 .comment       0x00000000       0x3d /opt/microchip/xc32/v1.40/pic32mx/lib/libmchp_peripheral_32MX795F512L.a(pcache.o)
 .comment       0x00000000       0x3d /opt/microchip/xc32/v1.40/pic32mx/lib/libmchp_peripheral_32MX795F512L.a(int_configure_system_lib.o)
 .comment       0x00000000       0x3d /opt/microchip/xc32/v1.40/pic32mx/lib/libmchp_peripheral_32MX795F512L.a(int_enable_interrupts_lib.o)
 .comment       0x00000000       0x3d /opt/microchip/xc32/v1.40/pic32mx/lib/libmchp_peripheral_32MX795F512L.a(int_disable_interrupts_lib.o)
 .comment       0x00000000       0x3d /opt/microchip/xc32/v1.40/pic32mx/lib/libmchp_peripheral_32MX795F512L.a(int_restore_interrupts_lib.o)
 .comment       0x00000000       0x3d /opt/microchip/xc32/v1.40/pic32mx/lib/libmchp_peripheral_32MX795F512L.a(int_enable_mv_int_lib.o)
 .comment       0x00000000       0x3d /opt/microchip/xc32/v1.40/pic32mx/lib/libmchp_peripheral_32MX795F512L.a(int_tbl_lib.o)
 .comment       0x00000000       0x3d /opt/microchip/xc32/v1.40/pic32mx/lib/libmchp_peripheral_32MX795F512L.a(spi_chn_close_lib.o)
 .comment       0x00000000       0x3d /opt/microchip/xc32/v1.40/pic32mx/lib/libmchp_peripheral_32MX795F512L.a(spi_chn_open_lib.o)
 .comment       0x00000000       0x3d /opt/microchip/xc32/v1.40/pic32mx/lib/libmchp_peripheral_32MX795F512L.a(spi_io_tbl_libp.o)
 .comment       0x00000000       0x3d /opt/microchip/xc32/v1.40/pic32mx/lib/libmchp_peripheral_32MX795F512L.a(spi_map_tbl_libp.o)
 .comment       0x00000000       0x3d /opt/microchip/xc32/v1.40/pic32mx/lib/libmchp_peripheral_32MX795F512L.a(spi_getc_spi1_lib_legacy.o)
 .comment       0x00000000       0x3d /opt/microchip/xc32/v1.40/pic32mx/lib/libmchp_peripheral_32MX795F512L.a(spi_open_spi1_lib_legacy.o)
 .comment       0x00000000       0x3d /opt/microchip/xc32/v1.40/pic32mx/lib/libmchp_peripheral_32MX795F512L.a(spi_brg_tbl_lib_legacy.o)
 .comment       0x00000000       0x3d /opt/microchip/xc32/v1.40/pic32mx/lib/libmchp_peripheral_32MX795F512L.a(nvm_erase_page_lib.o)
 .comment       0x00000000       0x3d /opt/microchip/xc32/v1.40/pic32mx/lib/libmchp_peripheral_32MX795F512L.a(nvm_operation_lib.o)
 .comment       0x00000000       0x3d /opt/microchip/xc32/v1.40/pic32mx/lib/libmchp_peripheral_32MX795F512L.a(nvm_program_lib.o)
 .comment       0x00000000       0x3d /opt/microchip/xc32/v1.40/pic32mx/lib/libmchp_peripheral_32MX795F512L.a(nvm_write_row_lib.o)
 .comment       0x00000000       0x3d /opt/microchip/xc32/v1.40/pic32mx/lib/libmchp_peripheral_32MX795F512L.a(port_reset_pins_lib.o)
 .comment       0x00000000       0x3d /opt/microchip/xc32/v1.40/pic32mx/lib/libmchp_peripheral_32MX795F512L.a(port_set_pins_digital_in_lib.o)
 .comment       0x00000000       0x3d /opt/microchip/xc32/v1.40/pic32mx/lib/libmchp_peripheral_32MX795F512L.a(port_set_pins_digital_out_lib.o)
 .comment       0x00000000       0x3d /opt/microchip/xc32/v1.40/pic32mx/lib/libmchp_peripheral_32MX795F512L.a(_ports_tbl_libp.o)
 .comment       0x00000000       0x3d /opt/microchip/xc32/v1.40/bin/bin/../../lib/gcc/pic32mx/4.8.3/libgcc.a(_popcountsi2.o)
 .comment       0x00000000       0x3d /opt/microchip/xc32/v1.40/bin/bin/../../lib/gcc/pic32mx/4.8.3/libgcc.a(_udivdi3.o)
 .comment       0x00000000       0x3d /opt/microchip/xc32/v1.40/bin/bin/../../lib/gcc/pic32mx/4.8.3/libgcc.a(_popcount_tab.o)
 .comment       0x0000003c       0x18 /opt/microchip/xc32/v1.40/bin/bin/../../lib/gcc/pic32mx/4.8.3/../../../../pic32mx/lib/libpic32.a(memcmp.o)
                                 0x19 (size before relaxing)
 .comment       0x00000054       0x18 /opt/microchip/xc32/v1.40/bin/bin/../../lib/gcc/pic32mx/4.8.3/../../../../pic32mx/lib/libpic32.a(memset.o)
                                 0x19 (size before relaxing)
 .comment       0x0000006c       0x55 /opt/microchip/xc32/v1.40/bin/bin/../../lib/gcc/pic32mx/4.8.3/../../../../pic32mx/lib/libpic32.a(strcmp.o)
                                 0x56 (size before relaxing)
 .comment       0x000000c1       0x19 /opt/microchip/xc32/v1.40/bin/bin/../../lib/gcc/pic32mx/4.8.3/../../../../pic32mx/lib/libpic32.a(strcpy.o)
                                 0x1a (size before relaxing)
 .comment       0x000000da       0x19 /opt/microchip/xc32/v1.40/bin/bin/../../lib/gcc/pic32mx/4.8.3/../../../../pic32mx/lib/libpic32.a(strlen.o)
                                 0x1a (size before relaxing)
 .comment       0x00000000       0x3d /opt/microchip/xc32/v1.40/bin/bin/../../lib/gcc/pic32mx/4.8.3/../../../../pic32mx/lib/libpic32.a(default-bootstrap-exception-handler.o)
 .comment       0x00000000       0x3d /opt/microchip/xc32/v1.40/bin/bin/../../lib/gcc/pic32mx/4.8.3/../../../../pic32mx/lib/libpic32.a(default-on-reset.o)
 .comment       0x00000000       0x3d /opt/microchip/xc32/v1.40/bin/bin/../../lib/gcc/pic32mx/4.8.3/../../../../pic32mx/lib/libpic32.a(default-on-bootstrap.o)
 .comment       0x00000000       0x3d /opt/microchip/xc32/v1.40/bin/bin/../../lib/gcc/pic32mx/4.8.3/../../../../pic32mx/lib/libpic32.a(default-general-exception-handler.o)
 .comment       0x00000000       0x3d /opt/microchip/xc32/v1.40/bin/bin/../../lib/gcc/pic32mx/4.8.3/../../../../pic32mx/lib/libpic32.a(defaultinterrupt.o)
 .comment       0x000000f3       0x4f /opt/microchip/xc32/v1.40/bin/bin/../../lib/gcc/pic32mx/4.8.3/../../../../pic32mx/lib/libc.a(ctypef.o)
                                 0x8c (size before relaxing)
 .comment       0x00000000       0x3d /opt/microchip/xc32/v1.40/bin/bin/../../lib/gcc/pic32mx/4.8.3/../../../../pic32mx/lib/libc.a(rand.o)
 .comment       0x00000000       0x3d /opt/microchip/xc32/v1.40/bin/bin/../../lib/gcc/pic32mx/4.8.3/../../../../pic32mx/lib/libc.a(strcat.o)
 .comment       0x00000000       0x3d /opt/microchip/xc32/v1.40/bin/bin/../../lib/gcc/pic32mx/4.8.3/../../../../pic32mx/lib/libc.a(strchr.o)
 .comment       0x00000000       0x3d /opt/microchip/xc32/v1.40/bin/bin/../../lib/gcc/pic32mx/4.8.3/../../../../pic32mx/lib/libc.a(strncmp.o)
 .comment       0x00000000       0x3d /opt/microchip/xc32/v1.40/bin/bin/../../lib/gcc/pic32mx/4.8.3/../../../../pic32mx/lib/libc.a(strncpy.o)
 .comment       0x00000000       0x3d /opt/microchip/xc32/v1.40/bin/bin/../../lib/gcc/pic32mx/4.8.3/../../../../pic32mx/lib/libc.a(snprintf_cdnopuxX.eo)
 .comment       0x00000000       0x3d /opt/microchip/xc32/v1.40/bin/bin/../../lib/gcc/pic32mx/4.8.3/../../../../pic32mx/lib/libc.a(snprintf.o)
 .comment       0x00000000       0x3d /opt/microchip/xc32/v1.40/bin/bin/../../lib/gcc/pic32mx/4.8.3/../../../../pic32mx/lib/libc.a(sprintf_cdnopsuxX.eo)
 .comment       0x00000000       0x3d /opt/microchip/xc32/v1.40/bin/bin/../../lib/gcc/pic32mx/4.8.3/../../../../pic32mx/lib/libc.a(sprintf.o)
 .comment       0x00000000       0x3d /opt/microchip/xc32/v1.40/bin/bin/../../lib/gcc/pic32mx/4.8.3/../../../../pic32mx/lib/libc.a(sscanf_cdfFnopsuxX.eo)
 .comment       0x00000000       0x3d /opt/microchip/xc32/v1.40/bin/bin/../../lib/gcc/pic32mx/4.8.3/../../../../pic32mx/lib/libc.a(vsnprintf_cdnopuxX.eo)
 .comment       0x00000000       0x3d /opt/microchip/xc32/v1.40/bin/bin/../../lib/gcc/pic32mx/4.8.3/../../../../pic32mx/lib/libc.a(vsnprintf.o)
 .comment       0x00000142       0x4e /opt/microchip/xc32/v1.40/bin/bin/../../lib/gcc/pic32mx/4.8.3/../../../../pic32mx/lib/libc.a(ctype.o)
                                 0x8b (size before relaxing)
 .comment       0x00000000       0x3d /opt/microchip/xc32/v1.40/bin/bin/../../lib/gcc/pic32mx/4.8.3/../../../../pic32mx/lib/libc.a(doprnt_cdnopsuxX.eo)
 .comment       0x00000000       0x3d /opt/microchip/xc32/v1.40/bin/bin/../../lib/gcc/pic32mx/4.8.3/../../../../pic32mx/lib/libc.a(doprnt.o)
 .comment       0x00000000       0x3d /opt/microchip/xc32/v1.40/bin/bin/../../lib/gcc/pic32mx/4.8.3/../../../../pic32mx/lib/libc.a(doscan_cdfFnopsuxX.eo)
 .comment       0x00000000       0x3d /opt/microchip/xc32/v1.40/bin/bin/../../lib/gcc/pic32mx/4.8.3/../../../../pic32mx/lib/libc.a(doscan_cdnopuxX.eo)
 .comment       0x00000000       0x3d /opt/microchip/xc32/v1.40/bin/bin/../../lib/gcc/pic32mx/4.8.3/../../../../pic32mx/lib/libc.a(fgetc.o)
 .comment       0x00000000       0x3d /opt/microchip/xc32/v1.40/bin/bin/../../lib/gcc/pic32mx/4.8.3/../../../../pic32mx/lib/libc.a(_fputc_simple.o)
 .comment       0x00000000       0x3d /opt/microchip/xc32/v1.40/bin/bin/../../lib/gcc/pic32mx/4.8.3/../../../../pic32mx/lib/libc.a(atoi.o)
 .comment       0x00000000       0x3d /opt/microchip/xc32/v1.40/bin/bin/../../lib/gcc/pic32mx/4.8.3/../../../../pic32mx/lib/libc.a(powersf.o)
 .comment       0x00000000       0x3d /opt/microchip/xc32/v1.40/bin/bin/../../lib/gcc/pic32mx/4.8.3/../../../../pic32mx/lib/libc.a(strtod.o)
 .comment       0x00000000       0x3d /opt/microchip/xc32/v1.40/bin/bin/../../lib/gcc/pic32mx/4.8.3/../../../../pic32mx/lib/libc.a(strtof.o)
 .comment       0x00000000       0x3d /opt/microchip/xc32/v1.40/bin/bin/../../lib/gcc/pic32mx/4.8.3/../../../../pic32mx/lib/libc.a(ungetc.o)
 .comment       0x00000000       0x3d /opt/microchip/xc32/v1.40/bin/bin/../../lib/gcc/pic32mx/4.8.3/../../../../pic32mx/lib/libc.a(_iob.o)
 .comment       0x00000000       0x3d /opt/microchip/xc32/v1.40/bin/bin/../../lib/gcc/pic32mx/4.8.3/../../../../pic32mx/lib/libc.a(filbuf.o)
 .comment       0x00000000       0x3d /opt/microchip/xc32/v1.40/bin/bin/../../lib/gcc/pic32mx/4.8.3/../../../../pic32mx/lib/libc.a(_flsbuf_simple.o)
 .comment       0x00000000       0x3d /opt/microchip/xc32/v1.40/bin/bin/../../lib/gcc/pic32mx/4.8.3/../../../../pic32mx/lib/libc.a(fflush.o)
 .comment       0x00000000       0x3d /opt/microchip/xc32/v1.40/bin/bin/../../lib/gcc/pic32mx/4.8.3/../../../../pic32mx/lib/libpic32.a(read.o)
 .comment       0x00000000       0x3d /opt/microchip/xc32/v1.40/bin/bin/../../lib/gcc/pic32mx/4.8.3/../../../../pic32mx/lib/libpic32.a(write.o)
 .comment       0x00000000       0x3d /opt/microchip/xc32/v1.40/bin/bin/../../lib/gcc/pic32mx/4.8.3/../../../../pic32mx/lib/libpic32.a(xc32_uart.o)
 .comment       0x00000000       0x3d /opt/microchip/xc32/v1.40/bin/bin/../../lib/gcc/pic32mx/4.8.3/../../../../pic32mx/lib/libpic32.a(_mon_putc.o)
 .comment       0x00000190       0x9d /opt/microchip/xc32/v1.40/bin/bin/../../lib/gcc/pic32mx/4.8.3/../../../../pic32mx/lib/libm.a(__strtod.o)
                                 0xda (size before relaxing)
 .comment       0x0000022d       0x4f /opt/microchip/xc32/v1.40/bin/bin/../../lib/gcc/pic32mx/4.8.3/../../../../pic32mx/lib/libm.a(__strtof.o)
                                 0xda (size before relaxing)
 .comment       0x0000027c       0x50 /opt/microchip/xc32/v1.40/bin/bin/../../lib/gcc/pic32mx/4.8.3/../../../../pic32mx/lib/libe.a(_floatdisf.o)
                                 0xdb (size before relaxing)
 .comment       0x000002cc       0x50 /opt/microchip/xc32/v1.40/bin/bin/../../lib/gcc/pic32mx/4.8.3/../../../../pic32mx/lib/libe.a(_ldexp.o)
                                 0xdb (size before relaxing)
 .comment       0x0000031c       0x50 /opt/microchip/xc32/v1.40/bin/bin/../../lib/gcc/pic32mx/4.8.3/../../../../pic32mx/lib/libe.a(_ldexpf.o)
                                 0xdb (size before relaxing)
 .comment       0x00000000       0x3d /opt/microchip/xc32/v1.40/bin/bin/../../lib/gcc/pic32mx/4.8.3/libgcc.a(_lshrdi3.o)
 .comment       0x00000000       0x3d /opt/microchip/xc32/v1.40/bin/bin/../../lib/gcc/pic32mx/4.8.3/libgcc.a(_ashldi3.o)
 .comment       0x00000000       0x3d /opt/microchip/xc32/v1.40/bin/bin/../../lib/gcc/pic32mx/4.8.3/libgcc.a(_umoddi3.o)
 .comment       0x00000000       0x3d /opt/microchip/xc32/v1.40/bin/bin/../../lib/gcc/pic32mx/4.8.3/libgcc.a(floatunsisf.o)
 .comment       0x00000000       0x3d /opt/microchip/xc32/v1.40/bin/bin/../../lib/gcc/pic32mx/4.8.3/../../../../pic32mx/lib/libc.a(errno.o)

.debug
 *(.debug)

.line
 *(.line)

.debug_srcinfo
 *(.debug_srcinfo)

.debug_sfnames
 *(.debug_sfnames)

.debug_aranges  0x00000000      0xfc8
 *(.debug_aranges)
 .debug_aranges
                0x00000000       0x20 build/debug/production/_ext/1209914024/FSIO.o
 .debug_aranges
                0x00000020       0x20 build/debug/production/_ext/1209914024/SD-SPI.o
 .debug_aranges
                0x00000040       0x20 build/debug/production/_ext/1019771169/SClib.o
 .debug_aranges
                0x00000060       0x20 build/debug/production/_ext/1019771169/SCpic32.o
 .debug_aranges
                0x00000080       0x20 build/debug/production/_ext/631258897/usb_function_cdc.o
 .debug_aranges
                0x000000a0       0x20 build/debug/production/_ext/186742988/usb_device.o
 .debug_aranges
                0x000000c0       0x20 build/debug/production/src/indala.o
 .debug_aranges
                0x000000e0       0x20 build/debug/production/src/main.o
 .debug_aranges
                0x00000100       0x20 build/debug/production/src/psk.o
 .debug_aranges
                0x00000120       0x20 build/debug/production/src/usb_descriptors.o
 .debug_aranges
                0x00000140       0x20 build/debug/production/src/util.o
 .debug_aranges
                0x00000160       0x20 build/debug/production/src/emulate.o
 .debug_aranges
                0x00000180       0x20 build/debug/production/src/ask.o
 .debug_aranges
                0x000001a0       0x20 build/debug/production/src/fsk.o
 .debug_aranges
                0x000001c0       0x20 build/debug/production/src/clock.o
 .debug_aranges
                0x000001e0       0x20 build/debug/production/src/rwd.o
 .debug_aranges
                0x00000200       0x20 build/debug/production/src/detect.o
 .debug_aranges
                0x00000220       0x20 build/debug/production/src/hitagcrypto.o
 .debug_aranges
                0x00000240       0x20 build/debug/production/src/wiegand.o
 .debug_aranges
                0x00000260       0x20 build/debug/production/src/comms.o
 .debug_aranges
                0x00000280       0x20 build/debug/production/src/nvm.o
 .debug_aranges
                0x000002a0       0x20 build/debug/production/src/mcp414x.o
 .debug_aranges
                0x000002c0       0x20 build/debug/production/src/spi.o
 .debug_aranges
                0x000002e0       0x20 build/debug/production/src/uart3.o
 .debug_aranges
                0x00000300       0x20 build/debug/production/src/tags.o
 .debug_aranges
                0x00000320       0x20 build/debug/production/src/unique.o
 .debug_aranges
                0x00000340       0x20 build/debug/production/src/led.o
 .debug_aranges
                0x00000360       0x20 build/debug/production/src/em.o
 .debug_aranges
                0x00000380       0x20 build/debug/production/src/hid.o
 .debug_aranges
                0x000003a0       0x20 build/debug/production/src/read.o
 .debug_aranges
                0x000003c0       0x20 build/debug/production/src/isr.o
 .debug_aranges
                0x000003e0       0x20 build/debug/production/src/auto.o
 .debug_aranges
                0x00000400       0x20 build/debug/production/src/fdxb.o
 .debug_aranges
                0x00000420       0x20 build/debug/production/src/hitag.o
 .debug_aranges
                0x00000440       0x20 build/debug/production/src/uid.o
 .debug_aranges
                0x00000460       0x20 build/debug/production/src/login.o
 .debug_aranges
                0x00000480       0x20 build/debug/production/src/write.o
 .debug_aranges
                0x000004a0       0x20 build/debug/production/src/auth.o
 .debug_aranges
                0x000004c0       0x20 build/debug/production/src/q5.o
 .debug_aranges
                0x000004e0       0x20 build/debug/production/src/vtag.o
 .debug_aranges
                0x00000500       0x20 build/debug/production/src/config.o
 .debug_aranges
                0x00000520       0x20 build/debug/production/src/select.o
 .debug_aranges
                0x00000540       0x20 build/debug/production/src/sdcard.o
 .debug_aranges
                0x00000560       0x20 build/debug/production/src/debug_pins.o
 .debug_aranges
                0x00000580       0x20 build/debug/production/src/awid.o
 .debug_aranges
                0x000005a0       0x20 build/debug/production/src/analogue.o
 .debug_aranges
                0x000005c0       0x20 build/debug/production/src/iso7816.o
 .debug_aranges
                0x000005e0       0x20 build/debug/production/src/t55x7.o
 .debug_aranges
                0x00000600       0x20 build/debug/production/src/sniff.o
 .debug_aranges
                0x00000620       0x20 build/debug/production/src/tamagotchi.o
 .debug_aranges
                0x00000640       0x20 build/debug/production/src/hdx.o
 .debug_aranges
                0x00000660       0x20 build/debug/production/src/hitag2crack.o
 .debug_aranges
                0x00000680       0x20 build/debug/production/src/paxton.o
 .debug_aranges
                0x000006a0       0x20 /opt/microchip/xc32/v1.40/pic32mx/lib/libmchp_peripheral_32MX795F512L.a(soft_reset_lib.o)
 .debug_aranges
                0x000006c0       0x28 /opt/microchip/xc32/v1.40/pic32mx/lib/libmchp_peripheral_32MX795F512L.a(pcache.o)
 .debug_aranges
                0x000006e8       0x20 /opt/microchip/xc32/v1.40/pic32mx/lib/libmchp_peripheral_32MX795F512L.a(int_configure_system_lib.o)
 .debug_aranges
                0x00000708       0x20 /opt/microchip/xc32/v1.40/pic32mx/lib/libmchp_peripheral_32MX795F512L.a(int_enable_interrupts_lib.o)
 .debug_aranges
                0x00000728       0x20 /opt/microchip/xc32/v1.40/pic32mx/lib/libmchp_peripheral_32MX795F512L.a(int_disable_interrupts_lib.o)
 .debug_aranges
                0x00000748       0x20 /opt/microchip/xc32/v1.40/pic32mx/lib/libmchp_peripheral_32MX795F512L.a(int_restore_interrupts_lib.o)
 .debug_aranges
                0x00000768       0x20 /opt/microchip/xc32/v1.40/pic32mx/lib/libmchp_peripheral_32MX795F512L.a(int_enable_mv_int_lib.o)
 .debug_aranges
                0x00000788       0x60 /opt/microchip/xc32/v1.40/pic32mx/lib/libmchp_peripheral_32MX795F512L.a(int_tbl_lib.o)
 .debug_aranges
                0x000007e8       0x20 /opt/microchip/xc32/v1.40/pic32mx/lib/libmchp_peripheral_32MX795F512L.a(spi_chn_close_lib.o)
 .debug_aranges
                0x00000808       0x20 /opt/microchip/xc32/v1.40/pic32mx/lib/libmchp_peripheral_32MX795F512L.a(spi_chn_open_lib.o)
 .debug_aranges
                0x00000828       0x20 /opt/microchip/xc32/v1.40/pic32mx/lib/libmchp_peripheral_32MX795F512L.a(spi_getc_spi1_lib_legacy.o)
 .debug_aranges
                0x00000848       0x20 /opt/microchip/xc32/v1.40/pic32mx/lib/libmchp_peripheral_32MX795F512L.a(spi_open_spi1_lib_legacy.o)
 .debug_aranges
                0x00000868       0x20 /opt/microchip/xc32/v1.40/pic32mx/lib/libmchp_peripheral_32MX795F512L.a(nvm_erase_page_lib.o)
 .debug_aranges
                0x00000888       0x20 /opt/microchip/xc32/v1.40/pic32mx/lib/libmchp_peripheral_32MX795F512L.a(nvm_operation_lib.o)
 .debug_aranges
                0x000008a8       0x20 /opt/microchip/xc32/v1.40/pic32mx/lib/libmchp_peripheral_32MX795F512L.a(nvm_program_lib.o)
 .debug_aranges
                0x000008c8       0x20 /opt/microchip/xc32/v1.40/pic32mx/lib/libmchp_peripheral_32MX795F512L.a(nvm_write_row_lib.o)
 .debug_aranges